[0.046s] Invoking command in '/home/user/create_ws/build/create_description': CMAKE_PREFIX_PATH=${CMAKE_PREFIX_PATH}:/home/user/sweepbot_ws/install/sweepbot:/home/user/launch_ws/install/py_launch_example:/opt/ros/humble /usr/bin/cmake --build /home/user/create_ws/build/create_description -- -j8 -l8
[0.863s] Invoked command in '/home/user/create_ws/build/create_description' returned '0': CMAKE_PREFIX_PATH=${CMAKE_PREFIX_PATH}:/home/user/sweepbot_ws/install/sweepbot:/home/user/launch_ws/install/py_launch_example:/opt/ros/humble /usr/bin/cmake --build /home/user/create_ws/build/create_description -- -j8 -l8
[0.865s] Invoking command in '/home/user/create_ws/build/create_description': CMAKE_PREFIX_PATH=${CMAKE_PREFIX_PATH}:/home/user/sweepbot_ws/install/sweepbot:/home/user/launch_ws/install/py_launch_example:/opt/ros/humble /usr/bin/cmake --install /home/user/create_ws/build/create_description
[0.880s] -- Install configuration: ""
[0.880s] -- Up-to-date: /home/user/create_ws/install/create_description/share/create_description/launch
[0.880s] -- Up-to-date: /home/user/create_ws/install/create_description/share/create_description/launch/create_1.launch
[0.880s] -- Up-to-date: /home/user/create_ws/install/create_description/share/create_description/launch/roomba_400.launch
[0.880s] -- Up-to-date: /home/user/create_ws/install/create_description/share/create_description/launch/create_2.launch
[0.880s] -- Up-to-date: /home/user/create_ws/install/create_description/share/create_description/meshes
[0.880s] -- Up-to-date: /home/user/create_ws/install/create_description/share/create_description/meshes/create_2.dae
[0.881s] -- Up-to-date: /home/user/create_ws/install/create_description/share/create_description/meshes/create_1.dae
[0.881s] -- Up-to-date: /home/user/create_ws/install/create_description/share/create_description/meshes/create_1.tga
[0.881s] -- Up-to-date: /home/user/create_ws/install/create_description/share/create_description/urdf
[0.881s] -- Up-to-date: /home/user/create_ws/install/create_description/share/create_description/urdf/create_base_gazebo.urdf.xacro
[0.884s] -- Up-to-date: /home/user/create_ws/install/create_description/share/create_description/urdf/create_base.urdf.xacro
[0.884s] -- Up-to-date: /home/user/create_ws/install/create_description/share/create_description/urdf/create_2_gazebo.urdf.xacro
[0.884s] -- Up-to-date: /home/user/create_ws/install/create_description/share/create_description/urdf/create_1.urdf.xacro
[0.884s] -- Up-to-date: /home/user/create_ws/install/create_description/share/create_description/urdf/create_1_gazebo.urdf.xacro
[0.884s] -- Up-to-date: /home/user/create_ws/install/create_description/share/create_description/urdf/create_2.urdf.xacro
[0.885s] -- Up-to-date: /home/user/create_ws/install/create_description/share/ament_index/resource_index/package_run_dependencies/create_description
[0.885s] -- Up-to-date: /home/user/create_ws/install/create_description/share/ament_index/resource_index/parent_prefix_path/create_description
[0.885s] -- Up-to-date: /home/user/create_ws/install/create_description/share/create_description/environment/ament_prefix_path.sh
[0.885s] -- Up-to-date: /home/user/create_ws/install/create_description/share/create_description/environment/ament_prefix_path.dsv
[0.885s] -- Up-to-date: /home/user/create_ws/install/create_description/share/create_description/environment/path.sh
[0.885s] -- Up-to-date: /home/user/create_ws/install/create_description/share/create_description/environment/path.dsv
[0.885s] -- Up-to-date: /home/user/create_ws/install/create_description/share/create_description/local_setup.bash
[0.885s] -- Up-to-date: /home/user/create_ws/install/create_description/share/create_description/local_setup.sh
[0.885s] -- Up-to-date: /home/user/create_ws/install/create_description/share/create_description/local_setup.zsh
[0.886s] -- Up-to-date: /home/user/create_ws/install/create_description/share/create_description/local_setup.dsv
[0.886s] -- Up-to-date: /home/user/create_ws/install/create_description/share/create_description/package.dsv
[0.886s] -- Up-to-date: /home/user/create_ws/install/create_description/share/ament_index/resource_index/packages/create_description
[0.886s] -- Up-to-date: /home/user/create_ws/install/create_description/share/create_description/cmake/create_descriptionConfig.cmake
[0.886s] -- Up-to-date: /home/user/create_ws/install/create_description/share/create_description/cmake/create_descriptionConfig-version.cmake
[0.886s] -- Up-to-date: /home/user/create_ws/install/create_description/share/create_description/package.xml
[0.941s] Invoked command in '/home/user/create_ws/build/create_description' returned '0': CMAKE_PREFIX_PATH=${CMAKE_PREFIX_PATH}:/home/user/sweepbot_ws/install/sweepbot:/home/user/launch_ws/install/py_launch_example:/opt/ros/humble /usr/bin/cmake --install /home/user/create_ws/build/create_description
