-- Found ament_cmake: 1.3.12 (/opt/ros/humble/share/ament_cmake/cmake)
-- Configuring done
-- Generating done
-- Build files have been written to: /home/user/create_ws/build/create_robot
-- Install configuration: ""
-- Up-to-date: /home/user/create_ws/install/create_robot/share/ament_index/resource_index/package_run_dependencies/create_robot
-- Installing: /home/user/create_ws/install/create_robot/share/ament_index/resource_index/parent_prefix_path/create_robot
-- Installing: /home/user/create_ws/install/create_robot/share/create_robot/environment/ament_prefix_path.sh
-- Installing: /home/user/create_ws/install/create_robot/share/create_robot/environment/ament_prefix_path.dsv
-- Installing: /home/user/create_ws/install/create_robot/share/create_robot/environment/path.sh
-- Installing: /home/user/create_ws/install/create_robot/share/create_robot/environment/path.dsv
-- Up-to-date: /home/user/create_ws/install/create_robot/share/create_robot/local_setup.bash
-- Up-to-date: /home/user/create_ws/install/create_robot/share/create_robot/local_setup.sh
-- Up-to-date: /home/user/create_ws/install/create_robot/share/create_robot/local_setup.zsh
-- Installing: /home/user/create_ws/install/create_robot/share/create_robot/local_setup.dsv
-- Installing: /home/user/create_ws/install/create_robot/share/create_robot/package.dsv
-- Up-to-date: /home/user/create_ws/install/create_robot/share/ament_index/resource_index/packages/create_robot
-- Up-to-date: /home/user/create_ws/install/create_robot/share/create_robot/cmake/create_robotConfig.cmake
-- Up-to-date: /home/user/create_ws/install/create_robot/share/create_robot/cmake/create_robotConfig-version.cmake
-- Up-to-date: /home/user/create_ws/install/create_robot/share/create_robot/package.xml
