[0.015s] Invoking command in '/home/user/create_ws/build/create_robot': AMENT_PREFIX_PATH=/home/user/create_ws/install/create_bringup:/home/user/create_ws/install/create_driver:/home/user/create_ws/install/create_msgs:/home/user/create_ws/install/create_description:${AMENT_PREFIX_PATH} CMAKE_PREFIX_PATH=/home/user/create_ws/install/create_bringup:/home/user/create_ws/install/create_driver:/home/user/create_ws/install/libcreate:/home/user/create_ws/install/create_msgs:/home/user/create_ws/install/create_description:/home/user/sweepbot_ws/install/sweepbot:/home/user/launch_ws/install/py_launch_example:/opt/ros/humble LD_LIBRARY_PATH=/home/user/create_ws/install/libcreate/lib:/home/user/create_ws/install/create_msgs/lib:/usr/lib/x86_64-linux-gnu/gazebo-11/plugins:/opt/ros/humble/opt/rviz_ogre_vendor/lib:/opt/ros/humble/lib/x86_64-linux-gnu:/opt/ros/humble/lib:/usr/lib/x86_64-linux-gnu/gazebo-11/plugins PKG_CONFIG_PATH=/home/user/create_ws/install/libcreate/lib/x86_64-linux-gnu/pkgconfig:/home/user/create_ws/install/libcreate/lib/pkgconfig PYTHONPATH=/home/user/create_ws/install/create_msgs/local/lib/python3.10/dist-packages:${PYTHONPATH} /usr/bin/cmake /home/user/create_ws/src/create_robot/create_robot -DCMAKE_INSTALL_PREFIX=/home/user/create_ws/install/create_robot
[0.073s] -- The C compiler identification is GNU 11.4.0
[0.135s] -- The CXX compiler identification is GNU 11.4.0
[0.142s] -- Detecting C compiler ABI info
[0.211s] -- Detecting C compiler ABI info - done
[0.219s] -- Check for working C compiler: /usr/bin/cc - skipped
[0.219s] -- Detecting C compile features
[0.220s] -- Detecting C compile features - done
[0.223s] -- Detecting CXX compiler ABI info
[0.303s] -- Detecting CXX compiler ABI info - done
[0.311s] -- Check for working CXX compiler: /usr/bin/c++ - skipped
[0.311s] -- Detecting CXX compile features
[0.312s] -- Detecting CXX compile features - done
[0.315s] -- Found ament_cmake: 1.3.11 (/opt/ros/humble/share/ament_cmake/cmake)
[0.450s] -- Found Python3: /usr/bin/python3 (found version "3.10.12") found components: Interpreter 
[0.607s] -- Configuring done
[0.610s] -- Generating done
[0.611s] -- Build files have been written to: /home/user/create_ws/build/create_robot
[0.615s] Invoked command in '/home/user/create_ws/build/create_robot' returned '0': AMENT_PREFIX_PATH=/home/user/create_ws/install/create_bringup:/home/user/create_ws/install/create_driver:/home/user/create_ws/install/create_msgs:/home/user/create_ws/install/create_description:${AMENT_PREFIX_PATH} CMAKE_PREFIX_PATH=/home/user/create_ws/install/create_bringup:/home/user/create_ws/install/create_driver:/home/user/create_ws/install/libcreate:/home/user/create_ws/install/create_msgs:/home/user/create_ws/install/create_description:/home/user/sweepbot_ws/install/sweepbot:/home/user/launch_ws/install/py_launch_example:/opt/ros/humble LD_LIBRARY_PATH=/home/user/create_ws/install/libcreate/lib:/home/user/create_ws/install/create_msgs/lib:/usr/lib/x86_64-linux-gnu/gazebo-11/plugins:/opt/ros/humble/opt/rviz_ogre_vendor/lib:/opt/ros/humble/lib/x86_64-linux-gnu:/opt/ros/humble/lib:/usr/lib/x86_64-linux-gnu/gazebo-11/plugins PKG_CONFIG_PATH=/home/user/create_ws/install/libcreate/lib/x86_64-linux-gnu/pkgconfig:/home/user/create_ws/install/libcreate/lib/pkgconfig PYTHONPATH=/home/user/create_ws/install/create_msgs/local/lib/python3.10/dist-packages:${PYTHONPATH} /usr/bin/cmake /home/user/create_ws/src/create_robot/create_robot -DCMAKE_INSTALL_PREFIX=/home/user/create_ws/install/create_robot
[0.617s] Invoking command in '/home/user/create_ws/build/create_robot': AMENT_PREFIX_PATH=/home/user/create_ws/install/create_bringup:/home/user/create_ws/install/create_driver:/home/user/create_ws/install/create_msgs:/home/user/create_ws/install/create_description:${AMENT_PREFIX_PATH} CMAKE_PREFIX_PATH=/home/user/create_ws/install/create_bringup:/home/user/create_ws/install/create_driver:/home/user/create_ws/install/libcreate:/home/user/create_ws/install/create_msgs:/home/user/create_ws/install/create_description:/home/user/sweepbot_ws/install/sweepbot:/home/user/launch_ws/install/py_launch_example:/opt/ros/humble LD_LIBRARY_PATH=/home/user/create_ws/install/libcreate/lib:/home/user/create_ws/install/create_msgs/lib:/usr/lib/x86_64-linux-gnu/gazebo-11/plugins:/opt/ros/humble/opt/rviz_ogre_vendor/lib:/opt/ros/humble/lib/x86_64-linux-gnu:/opt/ros/humble/lib:/usr/lib/x86_64-linux-gnu/gazebo-11/plugins PKG_CONFIG_PATH=/home/user/create_ws/install/libcreate/lib/x86_64-linux-gnu/pkgconfig:/home/user/create_ws/install/libcreate/lib/pkgconfig PYTHONPATH=/home/user/create_ws/install/create_msgs/local/lib/python3.10/dist-packages:${PYTHONPATH} /usr/bin/cmake --build /home/user/create_ws/build/create_robot -- -j8 -l8
[0.655s] Invoked command in '/home/user/create_ws/build/create_robot' returned '0': AMENT_PREFIX_PATH=/home/user/create_ws/install/create_bringup:/home/user/create_ws/install/create_driver:/home/user/create_ws/install/create_msgs:/home/user/create_ws/install/create_description:${AMENT_PREFIX_PATH} CMAKE_PREFIX_PATH=/home/user/create_ws/install/create_bringup:/home/user/create_ws/install/create_driver:/home/user/create_ws/install/libcreate:/home/user/create_ws/install/create_msgs:/home/user/create_ws/install/create_description:/home/user/sweepbot_ws/install/sweepbot:/home/user/launch_ws/install/py_launch_example:/opt/ros/humble LD_LIBRARY_PATH=/home/user/create_ws/install/libcreate/lib:/home/user/create_ws/install/create_msgs/lib:/usr/lib/x86_64-linux-gnu/gazebo-11/plugins:/opt/ros/humble/opt/rviz_ogre_vendor/lib:/opt/ros/humble/lib/x86_64-linux-gnu:/opt/ros/humble/lib:/usr/lib/x86_64-linux-gnu/gazebo-11/plugins PKG_CONFIG_PATH=/home/user/create_ws/install/libcreate/lib/x86_64-linux-gnu/pkgconfig:/home/user/create_ws/install/libcreate/lib/pkgconfig PYTHONPATH=/home/user/create_ws/install/create_msgs/local/lib/python3.10/dist-packages:${PYTHONPATH} /usr/bin/cmake --build /home/user/create_ws/build/create_robot -- -j8 -l8
[0.656s] Invoking command in '/home/user/create_ws/build/create_robot': AMENT_PREFIX_PATH=/home/user/create_ws/install/create_bringup:/home/user/create_ws/install/create_driver:/home/user/create_ws/install/create_msgs:/home/user/create_ws/install/create_description:${AMENT_PREFIX_PATH} CMAKE_PREFIX_PATH=/home/user/create_ws/install/create_bringup:/home/user/create_ws/install/create_driver:/home/user/create_ws/install/libcreate:/home/user/create_ws/install/create_msgs:/home/user/create_ws/install/create_description:/home/user/sweepbot_ws/install/sweepbot:/home/user/launch_ws/install/py_launch_example:/opt/ros/humble LD_LIBRARY_PATH=/home/user/create_ws/install/libcreate/lib:/home/user/create_ws/install/create_msgs/lib:/usr/lib/x86_64-linux-gnu/gazebo-11/plugins:/opt/ros/humble/opt/rviz_ogre_vendor/lib:/opt/ros/humble/lib/x86_64-linux-gnu:/opt/ros/humble/lib:/usr/lib/x86_64-linux-gnu/gazebo-11/plugins PKG_CONFIG_PATH=/home/user/create_ws/install/libcreate/lib/x86_64-linux-gnu/pkgconfig:/home/user/create_ws/install/libcreate/lib/pkgconfig PYTHONPATH=/home/user/create_ws/install/create_msgs/local/lib/python3.10/dist-packages:${PYTHONPATH} /usr/bin/cmake --install /home/user/create_ws/build/create_robot
[0.664s] -- Install configuration: ""
[0.664s] -- Installing: /home/user/create_ws/install/create_robot/share/ament_index/resource_index/package_run_dependencies/create_robot
[0.664s] -- Installing: /home/user/create_ws/install/create_robot/share/ament_index/resource_index/parent_prefix_path/create_robot
[0.664s] -- Installing: /home/user/create_ws/install/create_robot/share/create_robot/environment/ament_prefix_path.sh
[0.665s] -- Installing: /home/user/create_ws/install/create_robot/share/create_robot/environment/ament_prefix_path.dsv
[0.665s] -- Installing: /home/user/create_ws/install/create_robot/share/create_robot/environment/path.sh
[0.665s] -- Installing: /home/user/create_ws/install/create_robot/share/create_robot/environment/path.dsv
[0.665s] -- Installing: /home/user/create_ws/install/create_robot/share/create_robot/local_setup.bash
[0.665s] -- Installing: /home/user/create_ws/install/create_robot/share/create_robot/local_setup.sh
[0.665s] -- Installing: /home/user/create_ws/install/create_robot/share/create_robot/local_setup.zsh
[0.665s] -- Installing: /home/user/create_ws/install/create_robot/share/create_robot/local_setup.dsv
[0.665s] -- Installing: /home/user/create_ws/install/create_robot/share/create_robot/package.dsv
[0.666s] -- Installing: /home/user/create_ws/install/create_robot/share/ament_index/resource_index/packages/create_robot
[0.666s] -- Installing: /home/user/create_ws/install/create_robot/share/create_robot/cmake/create_robotConfig.cmake
[0.666s] -- Installing: /home/user/create_ws/install/create_robot/share/create_robot/cmake/create_robotConfig-version.cmake
[0.666s] -- Installing: /home/user/create_ws/install/create_robot/share/create_robot/package.xml
[0.668s] Invoked command in '/home/user/create_ws/build/create_robot' returned '0': AMENT_PREFIX_PATH=/home/user/create_ws/install/create_bringup:/home/user/create_ws/install/create_driver:/home/user/create_ws/install/create_msgs:/home/user/create_ws/install/create_description:${AMENT_PREFIX_PATH} CMAKE_PREFIX_PATH=/home/user/create_ws/install/create_bringup:/home/user/create_ws/install/create_driver:/home/user/create_ws/install/libcreate:/home/user/create_ws/install/create_msgs:/home/user/create_ws/install/create_description:/home/user/sweepbot_ws/install/sweepbot:/home/user/launch_ws/install/py_launch_example:/opt/ros/humble LD_LIBRARY_PATH=/home/user/create_ws/install/libcreate/lib:/home/user/create_ws/install/create_msgs/lib:/usr/lib/x86_64-linux-gnu/gazebo-11/plugins:/opt/ros/humble/opt/rviz_ogre_vendor/lib:/opt/ros/humble/lib/x86_64-linux-gnu:/opt/ros/humble/lib:/usr/lib/x86_64-linux-gnu/gazebo-11/plugins PKG_CONFIG_PATH=/home/user/create_ws/install/libcreate/lib/x86_64-linux-gnu/pkgconfig:/home/user/create_ws/install/libcreate/lib/pkgconfig PYTHONPATH=/home/user/create_ws/install/create_msgs/local/lib/python3.10/dist-packages:${PYTHONPATH} /usr/bin/cmake --install /home/user/create_ws/build/create_robot
