[0.116s] DEBUG:colcon:Command line arguments: ['/usr/bin/colcon', 'build']
[0.116s] DEBUG:colcon:Parsed command line arguments: Namespace(log_base=None, log_level=None, verb_name='build', build_base='build', install_base='install', merge_install=False, symlink_install=False, test_result_base=None, continue_on_error=False, executor='parallel', parallel_workers=8, event_handlers=None, ignore_user_meta=False, metas=['./colcon.meta'], base_paths=['.'], packages_ignore=None, packages_ignore_regex=None, paths=None, packages_up_to=None, packages_up_to_regex=None, packages_above=None, packages_above_and_dependencies=None, packages_above_depth=None, packages_select_by_dep=None, packages_skip_by_dep=None, packages_skip_up_to=None, packages_select_build_failed=False, packages_skip_build_finished=False, packages_select_test_failures=False, packages_skip_test_passed=False, packages_select=None, packages_skip=None, packages_select_regex=None, packages_skip_regex=None, packages_start=None, packages_end=None, allow_overriding=[], cmake_args=None, cmake_target=None, cmake_target_skip_unavailable=False, cmake_clean_cache=False, cmake_clean_first=False, cmake_force_configure=False, ament_cmake_args=None, catkin_cmake_args=None, catkin_skip_building_tests=False, mixin_files=None, mixin=None, verb_parser=<colcon_mixin.mixin.mixin_argument.MixinArgumentDecorator object at 0x755e61cee050>, verb_extension=<colcon_core.verb.build.BuildVerb object at 0x755e61cedae0>, main=<bound method BuildVerb.main of <colcon_core.verb.build.BuildVerb object at 0x755e61cedae0>>, mixin_verb=('build',))
[0.303s] Level 1:colcon.colcon_core.package_discovery:discover_packages(colcon_meta) check parameters
[0.303s] Level 1:colcon.colcon_core.package_discovery:discover_packages(recursive) check parameters
[0.303s] Level 1:colcon.colcon_core.package_discovery:discover_packages(ignore) check parameters
[0.303s] Level 1:colcon.colcon_core.package_discovery:discover_packages(path) check parameters
[0.303s] Level 1:colcon.colcon_core.package_discovery:discover_packages(colcon_meta) discover
[0.303s] Level 1:colcon.colcon_core.package_discovery:discover_packages(recursive) discover
[0.303s] INFO:colcon.colcon_core.package_discovery:Crawling recursively for packages in '/home/user/create_ws'
[0.303s] Level 1:colcon.colcon_core.package_identification:_identify(.) by extensions ['ignore', 'ignore_ament_install']
[0.304s] Level 1:colcon.colcon_core.package_identification:_identify(.) by extension 'ignore'
[0.304s] Level 1:colcon.colcon_core.package_identification:_identify(.) by extension 'ignore_ament_install'
[0.304s] Level 1:colcon.colcon_core.package_identification:_identify(.) by extensions ['colcon_pkg']
[0.304s] Level 1:colcon.colcon_core.package_identification:_identify(.) by extension 'colcon_pkg'
[0.304s] Level 1:colcon.colcon_core.package_identification:_identify(.) by extensions ['colcon_meta']
[0.304s] Level 1:colcon.colcon_core.package_identification:_identify(.) by extension 'colcon_meta'
[0.304s] Level 1:colcon.colcon_core.package_identification:_identify(.) by extensions ['ros']
[0.304s] Level 1:colcon.colcon_core.package_identification:_identify(.) by extension 'ros'
[0.323s] Level 1:colcon.colcon_core.package_identification:_identify(.) by extensions ['cmake', 'python']
[0.324s] Level 1:colcon.colcon_core.package_identification:_identify(.) by extension 'cmake'
[0.324s] Level 1:colcon.colcon_core.package_identification:_identify(.) by extension 'python'
[0.324s] Level 1:colcon.colcon_core.package_identification:_identify(.) by extensions ['python_setup_py']
[0.324s] Level 1:colcon.colcon_core.package_identification:_identify(.) by extension 'python_setup_py'
[0.324s] Level 1:colcon.colcon_core.package_identification:_identify(build) by extensions ['ignore', 'ignore_ament_install']
[0.324s] Level 1:colcon.colcon_core.package_identification:_identify(build) by extension 'ignore'
[0.324s] Level 1:colcon.colcon_core.package_identification:_identify(build) ignored
[0.324s] Level 1:colcon.colcon_core.package_identification:_identify(install) by extensions ['ignore', 'ignore_ament_install']
[0.324s] Level 1:colcon.colcon_core.package_identification:_identify(install) by extension 'ignore'
[0.324s] Level 1:colcon.colcon_core.package_identification:_identify(install) ignored
[0.325s] Level 1:colcon.colcon_core.package_identification:_identify(log) by extensions ['ignore', 'ignore_ament_install']
[0.325s] Level 1:colcon.colcon_core.package_identification:_identify(log) by extension 'ignore'
[0.325s] Level 1:colcon.colcon_core.package_identification:_identify(log) ignored
[0.325s] Level 1:colcon.colcon_core.package_identification:_identify(src) by extensions ['ignore', 'ignore_ament_install']
[0.325s] Level 1:colcon.colcon_core.package_identification:_identify(src) by extension 'ignore'
[0.325s] Level 1:colcon.colcon_core.package_identification:_identify(src) by extension 'ignore_ament_install'
[0.325s] Level 1:colcon.colcon_core.package_identification:_identify(src) by extensions ['colcon_pkg']
[0.325s] Level 1:colcon.colcon_core.package_identification:_identify(src) by extension 'colcon_pkg'
[0.325s] Level 1:colcon.colcon_core.package_identification:_identify(src) by extensions ['colcon_meta']
[0.325s] Level 1:colcon.colcon_core.package_identification:_identify(src) by extension 'colcon_meta'
[0.325s] Level 1:colcon.colcon_core.package_identification:_identify(src) by extensions ['ros']
[0.325s] Level 1:colcon.colcon_core.package_identification:_identify(src) by extension 'ros'
[0.325s] Level 1:colcon.colcon_core.package_identification:_identify(src) by extensions ['cmake', 'python']
[0.325s] Level 1:colcon.colcon_core.package_identification:_identify(src) by extension 'cmake'
[0.325s] Level 1:colcon.colcon_core.package_identification:_identify(src) by extension 'python'
[0.325s] Level 1:colcon.colcon_core.package_identification:_identify(src) by extensions ['python_setup_py']
[0.325s] Level 1:colcon.colcon_core.package_identification:_identify(src) by extension 'python_setup_py'
[0.326s] Level 1:colcon.colcon_core.package_identification:_identify(src/create_robot) by extensions ['ignore', 'ignore_ament_install']
[0.326s] Level 1:colcon.colcon_core.package_identification:_identify(src/create_robot) by extension 'ignore'
[0.326s] Level 1:colcon.colcon_core.package_identification:_identify(src/create_robot) by extension 'ignore_ament_install'
[0.326s] Level 1:colcon.colcon_core.package_identification:_identify(src/create_robot) by extensions ['colcon_pkg']
[0.326s] Level 1:colcon.colcon_core.package_identification:_identify(src/create_robot) by extension 'colcon_pkg'
[0.326s] Level 1:colcon.colcon_core.package_identification:_identify(src/create_robot) by extensions ['colcon_meta']
[0.326s] Level 1:colcon.colcon_core.package_identification:_identify(src/create_robot) by extension 'colcon_meta'
[0.326s] Level 1:colcon.colcon_core.package_identification:_identify(src/create_robot) by extensions ['ros']
[0.326s] Level 1:colcon.colcon_core.package_identification:_identify(src/create_robot) by extension 'ros'
[0.326s] Level 1:colcon.colcon_core.package_identification:_identify(src/create_robot) by extensions ['cmake', 'python']
[0.326s] Level 1:colcon.colcon_core.package_identification:_identify(src/create_robot) by extension 'cmake'
[0.326s] Level 1:colcon.colcon_core.package_identification:_identify(src/create_robot) by extension 'python'
[0.326s] Level 1:colcon.colcon_core.package_identification:_identify(src/create_robot) by extensions ['python_setup_py']
[0.326s] Level 1:colcon.colcon_core.package_identification:_identify(src/create_robot) by extension 'python_setup_py'
[0.326s] Level 1:colcon.colcon_core.package_identification:_identify(src/create_robot/create_bringup) by extensions ['ignore', 'ignore_ament_install']
[0.326s] Level 1:colcon.colcon_core.package_identification:_identify(src/create_robot/create_bringup) by extension 'ignore'
[0.327s] Level 1:colcon.colcon_core.package_identification:_identify(src/create_robot/create_bringup) by extension 'ignore_ament_install'
[0.327s] Level 1:colcon.colcon_core.package_identification:_identify(src/create_robot/create_bringup) by extensions ['colcon_pkg']
[0.327s] Level 1:colcon.colcon_core.package_identification:_identify(src/create_robot/create_bringup) by extension 'colcon_pkg'
[0.327s] Level 1:colcon.colcon_core.package_identification:_identify(src/create_robot/create_bringup) by extensions ['colcon_meta']
[0.327s] Level 1:colcon.colcon_core.package_identification:_identify(src/create_robot/create_bringup) by extension 'colcon_meta'
[0.327s] Level 1:colcon.colcon_core.package_identification:_identify(src/create_robot/create_bringup) by extensions ['ros']
[0.327s] Level 1:colcon.colcon_core.package_identification:_identify(src/create_robot/create_bringup) by extension 'ros'
[0.329s] DEBUG:colcon.colcon_core.package_identification:Package 'src/create_robot/create_bringup' with type 'ros.ament_cmake' and name 'create_bringup'
[0.329s] Level 1:colcon.colcon_core.package_identification:_identify(src/create_robot/create_description) by extensions ['ignore', 'ignore_ament_install']
[0.330s] Level 1:colcon.colcon_core.package_identification:_identify(src/create_robot/create_description) by extension 'ignore'
[0.330s] Level 1:colcon.colcon_core.package_identification:_identify(src/create_robot/create_description) by extension 'ignore_ament_install'
[0.330s] Level 1:colcon.colcon_core.package_identification:_identify(src/create_robot/create_description) by extensions ['colcon_pkg']
[0.330s] Level 1:colcon.colcon_core.package_identification:_identify(src/create_robot/create_description) by extension 'colcon_pkg'
[0.330s] Level 1:colcon.colcon_core.package_identification:_identify(src/create_robot/create_description) by extensions ['colcon_meta']
[0.330s] Level 1:colcon.colcon_core.package_identification:_identify(src/create_robot/create_description) by extension 'colcon_meta'
[0.330s] Level 1:colcon.colcon_core.package_identification:_identify(src/create_robot/create_description) by extensions ['ros']
[0.330s] Level 1:colcon.colcon_core.package_identification:_identify(src/create_robot/create_description) by extension 'ros'
[0.330s] DEBUG:colcon.colcon_core.package_identification:Package 'src/create_robot/create_description' with type 'ros.ament_cmake' and name 'create_description'
[0.331s] Level 1:colcon.colcon_core.package_identification:_identify(src/create_robot/create_driver) by extensions ['ignore', 'ignore_ament_install']
[0.331s] Level 1:colcon.colcon_core.package_identification:_identify(src/create_robot/create_driver) by extension 'ignore'
[0.331s] Level 1:colcon.colcon_core.package_identification:_identify(src/create_robot/create_driver) by extension 'ignore_ament_install'
[0.331s] Level 1:colcon.colcon_core.package_identification:_identify(src/create_robot/create_driver) by extensions ['colcon_pkg']
[0.331s] Level 1:colcon.colcon_core.package_identification:_identify(src/create_robot/create_driver) by extension 'colcon_pkg'
[0.331s] Level 1:colcon.colcon_core.package_identification:_identify(src/create_robot/create_driver) by extensions ['colcon_meta']
[0.331s] Level 1:colcon.colcon_core.package_identification:_identify(src/create_robot/create_driver) by extension 'colcon_meta'
[0.331s] Level 1:colcon.colcon_core.package_identification:_identify(src/create_robot/create_driver) by extensions ['ros']
[0.331s] Level 1:colcon.colcon_core.package_identification:_identify(src/create_robot/create_driver) by extension 'ros'
[0.332s] DEBUG:colcon.colcon_core.package_identification:Package 'src/create_robot/create_driver' with type 'ros.ament_cmake' and name 'create_driver'
[0.333s] Level 1:colcon.colcon_core.package_identification:_identify(src/create_robot/create_msgs) by extensions ['ignore', 'ignore_ament_install']
[0.333s] Level 1:colcon.colcon_core.package_identification:_identify(src/create_robot/create_msgs) by extension 'ignore'
[0.333s] Level 1:colcon.colcon_core.package_identification:_identify(src/create_robot/create_msgs) by extension 'ignore_ament_install'
[0.333s] Level 1:colcon.colcon_core.package_identification:_identify(src/create_robot/create_msgs) by extensions ['colcon_pkg']
[0.333s] Level 1:colcon.colcon_core.package_identification:_identify(src/create_robot/create_msgs) by extension 'colcon_pkg'
[0.333s] Level 1:colcon.colcon_core.package_identification:_identify(src/create_robot/create_msgs) by extensions ['colcon_meta']
[0.333s] Level 1:colcon.colcon_core.package_identification:_identify(src/create_robot/create_msgs) by extension 'colcon_meta'
[0.333s] Level 1:colcon.colcon_core.package_identification:_identify(src/create_robot/create_msgs) by extensions ['ros']
[0.333s] Level 1:colcon.colcon_core.package_identification:_identify(src/create_robot/create_msgs) by extension 'ros'
[0.334s] DEBUG:colcon.colcon_core.package_identification:Package 'src/create_robot/create_msgs' with type 'ros.ament_cmake' and name 'create_msgs'
[0.334s] Level 1:colcon.colcon_core.package_identification:_identify(src/create_robot/create_robot) by extensions ['ignore', 'ignore_ament_install']
[0.334s] Level 1:colcon.colcon_core.package_identification:_identify(src/create_robot/create_robot) by extension 'ignore'
[0.334s] Level 1:colcon.colcon_core.package_identification:_identify(src/create_robot/create_robot) by extension 'ignore_ament_install'
[0.334s] Level 1:colcon.colcon_core.package_identification:_identify(src/create_robot/create_robot) by extensions ['colcon_pkg']
[0.334s] Level 1:colcon.colcon_core.package_identification:_identify(src/create_robot/create_robot) by extension 'colcon_pkg'
[0.334s] Level 1:colcon.colcon_core.package_identification:_identify(src/create_robot/create_robot) by extensions ['colcon_meta']
[0.334s] Level 1:colcon.colcon_core.package_identification:_identify(src/create_robot/create_robot) by extension 'colcon_meta'
[0.334s] Level 1:colcon.colcon_core.package_identification:_identify(src/create_robot/create_robot) by extensions ['ros']
[0.334s] Level 1:colcon.colcon_core.package_identification:_identify(src/create_robot/create_robot) by extension 'ros'
[0.335s] DEBUG:colcon.colcon_core.package_identification:Package 'src/create_robot/create_robot' with type 'ros.ament_cmake' and name 'create_robot'
[0.335s] Level 1:colcon.colcon_core.package_identification:_identify(src/libcreate) by extensions ['ignore', 'ignore_ament_install']
[0.335s] Level 1:colcon.colcon_core.package_identification:_identify(src/libcreate) by extension 'ignore'
[0.335s] Level 1:colcon.colcon_core.package_identification:_identify(src/libcreate) by extension 'ignore_ament_install'
[0.335s] Level 1:colcon.colcon_core.package_identification:_identify(src/libcreate) by extensions ['colcon_pkg']
[0.335s] Level 1:colcon.colcon_core.package_identification:_identify(src/libcreate) by extension 'colcon_pkg'
[0.335s] Level 1:colcon.colcon_core.package_identification:_identify(src/libcreate) by extensions ['colcon_meta']
[0.335s] Level 1:colcon.colcon_core.package_identification:_identify(src/libcreate) by extension 'colcon_meta'
[0.336s] Level 1:colcon.colcon_core.package_identification:_identify(src/libcreate) by extensions ['ros']
[0.336s] Level 1:colcon.colcon_core.package_identification:_identify(src/libcreate) by extension 'ros'
[0.338s] DEBUG:colcon.colcon_core.package_identification:Package 'src/libcreate' with type 'ros.cmake' and name 'libcreate'
[0.338s] Level 1:colcon.colcon_core.package_discovery:discover_packages(recursive) using defaults
[0.338s] Level 1:colcon.colcon_core.package_discovery:discover_packages(ignore) discover
[0.338s] Level 1:colcon.colcon_core.package_discovery:discover_packages(ignore) using defaults
[0.338s] Level 1:colcon.colcon_core.package_discovery:discover_packages(path) discover
[0.338s] Level 1:colcon.colcon_core.package_discovery:discover_packages(path) using defaults
[0.359s] Level 1:colcon.colcon_core.package_discovery:discover_packages(prefix_path) check parameters
[0.359s] Level 1:colcon.colcon_core.package_discovery:discover_packages(prefix_path) discover
[0.362s] DEBUG:colcon.colcon_installed_package_information.package_discovery:Found 6 installed packages in /home/user/create3_examples_ws/install
[0.363s] DEBUG:colcon.colcon_installed_package_information.package_discovery:Found 7 installed packages in /home/user/create_ws/install
[0.363s] DEBUG:colcon.colcon_installed_package_information.package_discovery:Found 1 installed packages in /home/user/sweepbot_ws/install
[0.364s] DEBUG:colcon.colcon_installed_package_information.package_discovery:Found 1 installed packages in /home/user/launch_ws/install
[0.365s] DEBUG:colcon.colcon_installed_package_information.package_discovery:Found 346 installed packages in /opt/ros/humble
[0.367s] Level 1:colcon.colcon_core.package_discovery:discover_packages(prefix_path) using defaults
[0.411s] Level 5:colcon.colcon_core.verb:set package 'create_description' build argument 'cmake_args' from command line to 'None'
[0.411s] Level 5:colcon.colcon_core.verb:set package 'create_description' build argument 'cmake_target' from command line to 'None'
[0.411s] Level 5:colcon.colcon_core.verb:set package 'create_description' build argument 'cmake_target_skip_unavailable' from command line to 'False'
[0.411s] Level 5:colcon.colcon_core.verb:set package 'create_description' build argument 'cmake_clean_cache' from command line to 'False'
[0.411s] Level 5:colcon.colcon_core.verb:set package 'create_description' build argument 'cmake_clean_first' from command line to 'False'
[0.411s] Level 5:colcon.colcon_core.verb:set package 'create_description' build argument 'cmake_force_configure' from command line to 'False'
[0.411s] Level 5:colcon.colcon_core.verb:set package 'create_description' build argument 'ament_cmake_args' from command line to 'None'
[0.411s] Level 5:colcon.colcon_core.verb:set package 'create_description' build argument 'catkin_cmake_args' from command line to 'None'
[0.411s] Level 5:colcon.colcon_core.verb:set package 'create_description' build argument 'catkin_skip_building_tests' from command line to 'False'
[0.411s] DEBUG:colcon.colcon_core.verb:Building package 'create_description' with the following arguments: {'ament_cmake_args': None, 'build_base': '/home/user/create_ws/build/create_description', 'catkin_cmake_args': None, 'catkin_skip_building_tests': False, 'cmake_args': None, 'cmake_clean_cache': False, 'cmake_clean_first': False, 'cmake_force_configure': False, 'cmake_target': None, 'cmake_target_skip_unavailable': False, 'install_base': '/home/user/create_ws/install/create_description', 'merge_install': False, 'path': '/home/user/create_ws/src/create_robot/create_description', 'symlink_install': False, 'test_result_base': None}
[0.411s] Level 5:colcon.colcon_core.verb:set package 'create_msgs' build argument 'cmake_args' from command line to 'None'
[0.411s] Level 5:colcon.colcon_core.verb:set package 'create_msgs' build argument 'cmake_target' from command line to 'None'
[0.411s] Level 5:colcon.colcon_core.verb:set package 'create_msgs' build argument 'cmake_target_skip_unavailable' from command line to 'False'
[0.411s] Level 5:colcon.colcon_core.verb:set package 'create_msgs' build argument 'cmake_clean_cache' from command line to 'False'
[0.411s] Level 5:colcon.colcon_core.verb:set package 'create_msgs' build argument 'cmake_clean_first' from command line to 'False'
[0.411s] Level 5:colcon.colcon_core.verb:set package 'create_msgs' build argument 'cmake_force_configure' from command line to 'False'
[0.411s] Level 5:colcon.colcon_core.verb:set package 'create_msgs' build argument 'ament_cmake_args' from command line to 'None'
[0.411s] Level 5:colcon.colcon_core.verb:set package 'create_msgs' build argument 'catkin_cmake_args' from command line to 'None'
[0.412s] Level 5:colcon.colcon_core.verb:set package 'create_msgs' build argument 'catkin_skip_building_tests' from command line to 'False'
[0.412s] DEBUG:colcon.colcon_core.verb:Building package 'create_msgs' with the following arguments: {'ament_cmake_args': None, 'build_base': '/home/user/create_ws/build/create_msgs', 'catkin_cmake_args': None, 'catkin_skip_building_tests': False, 'cmake_args': None, 'cmake_clean_cache': False, 'cmake_clean_first': False, 'cmake_force_configure': False, 'cmake_target': None, 'cmake_target_skip_unavailable': False, 'install_base': '/home/user/create_ws/install/create_msgs', 'merge_install': False, 'path': '/home/user/create_ws/src/create_robot/create_msgs', 'symlink_install': False, 'test_result_base': None}
[0.412s] Level 5:colcon.colcon_core.verb:set package 'libcreate' build argument 'cmake_args' from command line to 'None'
[0.412s] Level 5:colcon.colcon_core.verb:set package 'libcreate' build argument 'cmake_target' from command line to 'None'
[0.412s] Level 5:colcon.colcon_core.verb:set package 'libcreate' build argument 'cmake_target_skip_unavailable' from command line to 'False'
[0.412s] Level 5:colcon.colcon_core.verb:set package 'libcreate' build argument 'cmake_clean_cache' from command line to 'False'
[0.412s] Level 5:colcon.colcon_core.verb:set package 'libcreate' build argument 'cmake_clean_first' from command line to 'False'
[0.412s] Level 5:colcon.colcon_core.verb:set package 'libcreate' build argument 'cmake_force_configure' from command line to 'False'
[0.412s] Level 5:colcon.colcon_core.verb:set package 'libcreate' build argument 'ament_cmake_args' from command line to 'None'
[0.412s] Level 5:colcon.colcon_core.verb:set package 'libcreate' build argument 'catkin_cmake_args' from command line to 'None'
[0.412s] Level 5:colcon.colcon_core.verb:set package 'libcreate' build argument 'catkin_skip_building_tests' from command line to 'False'
[0.412s] DEBUG:colcon.colcon_core.verb:Building package 'libcreate' with the following arguments: {'ament_cmake_args': None, 'build_base': '/home/user/create_ws/build/libcreate', 'catkin_cmake_args': None, 'catkin_skip_building_tests': False, 'cmake_args': None, 'cmake_clean_cache': False, 'cmake_clean_first': False, 'cmake_force_configure': False, 'cmake_target': None, 'cmake_target_skip_unavailable': False, 'install_base': '/home/user/create_ws/install/libcreate', 'merge_install': False, 'path': '/home/user/create_ws/src/libcreate', 'symlink_install': False, 'test_result_base': None}
[0.413s] Level 5:colcon.colcon_core.verb:set package 'create_driver' build argument 'cmake_args' from command line to 'None'
[0.413s] Level 5:colcon.colcon_core.verb:set package 'create_driver' build argument 'cmake_target' from command line to 'None'
[0.413s] Level 5:colcon.colcon_core.verb:set package 'create_driver' build argument 'cmake_target_skip_unavailable' from command line to 'False'
[0.413s] Level 5:colcon.colcon_core.verb:set package 'create_driver' build argument 'cmake_clean_cache' from command line to 'False'
[0.413s] Level 5:colcon.colcon_core.verb:set package 'create_driver' build argument 'cmake_clean_first' from command line to 'False'
[0.413s] Level 5:colcon.colcon_core.verb:set package 'create_driver' build argument 'cmake_force_configure' from command line to 'False'
[0.413s] Level 5:colcon.colcon_core.verb:set package 'create_driver' build argument 'ament_cmake_args' from command line to 'None'
[0.413s] Level 5:colcon.colcon_core.verb:set package 'create_driver' build argument 'catkin_cmake_args' from command line to 'None'
[0.413s] Level 5:colcon.colcon_core.verb:set package 'create_driver' build argument 'catkin_skip_building_tests' from command line to 'False'
[0.413s] DEBUG:colcon.colcon_core.verb:Building package 'create_driver' with the following arguments: {'ament_cmake_args': None, 'build_base': '/home/user/create_ws/build/create_driver', 'catkin_cmake_args': None, 'catkin_skip_building_tests': False, 'cmake_args': None, 'cmake_clean_cache': False, 'cmake_clean_first': False, 'cmake_force_configure': False, 'cmake_target': None, 'cmake_target_skip_unavailable': False, 'install_base': '/home/user/create_ws/install/create_driver', 'merge_install': False, 'path': '/home/user/create_ws/src/create_robot/create_driver', 'symlink_install': False, 'test_result_base': None}
[0.413s] Level 5:colcon.colcon_core.verb:set package 'create_bringup' build argument 'cmake_args' from command line to 'None'
[0.413s] Level 5:colcon.colcon_core.verb:set package 'create_bringup' build argument 'cmake_target' from command line to 'None'
[0.413s] Level 5:colcon.colcon_core.verb:set package 'create_bringup' build argument 'cmake_target_skip_unavailable' from command line to 'False'
[0.413s] Level 5:colcon.colcon_core.verb:set package 'create_bringup' build argument 'cmake_clean_cache' from command line to 'False'
[0.413s] Level 5:colcon.colcon_core.verb:set package 'create_bringup' build argument 'cmake_clean_first' from command line to 'False'
[0.413s] Level 5:colcon.colcon_core.verb:set package 'create_bringup' build argument 'cmake_force_configure' from command line to 'False'
[0.413s] Level 5:colcon.colcon_core.verb:set package 'create_bringup' build argument 'ament_cmake_args' from command line to 'None'
[0.413s] Level 5:colcon.colcon_core.verb:set package 'create_bringup' build argument 'catkin_cmake_args' from command line to 'None'
[0.414s] Level 5:colcon.colcon_core.verb:set package 'create_bringup' build argument 'catkin_skip_building_tests' from command line to 'False'
[0.414s] DEBUG:colcon.colcon_core.verb:Building package 'create_bringup' with the following arguments: {'ament_cmake_args': None, 'build_base': '/home/user/create_ws/build/create_bringup', 'catkin_cmake_args': None, 'catkin_skip_building_tests': False, 'cmake_args': None, 'cmake_clean_cache': False, 'cmake_clean_first': False, 'cmake_force_configure': False, 'cmake_target': None, 'cmake_target_skip_unavailable': False, 'install_base': '/home/user/create_ws/install/create_bringup', 'merge_install': False, 'path': '/home/user/create_ws/src/create_robot/create_bringup', 'symlink_install': False, 'test_result_base': None}
[0.414s] Level 5:colcon.colcon_core.verb:set package 'create_robot' build argument 'cmake_args' from command line to 'None'
[0.414s] Level 5:colcon.colcon_core.verb:set package 'create_robot' build argument 'cmake_target' from command line to 'None'
[0.414s] Level 5:colcon.colcon_core.verb:set package 'create_robot' build argument 'cmake_target_skip_unavailable' from command line to 'False'
[0.414s] Level 5:colcon.colcon_core.verb:set package 'create_robot' build argument 'cmake_clean_cache' from command line to 'False'
[0.414s] Level 5:colcon.colcon_core.verb:set package 'create_robot' build argument 'cmake_clean_first' from command line to 'False'
[0.414s] Level 5:colcon.colcon_core.verb:set package 'create_robot' build argument 'cmake_force_configure' from command line to 'False'
[0.414s] Level 5:colcon.colcon_core.verb:set package 'create_robot' build argument 'ament_cmake_args' from command line to 'None'
[0.414s] Level 5:colcon.colcon_core.verb:set package 'create_robot' build argument 'catkin_cmake_args' from command line to 'None'
[0.414s] Level 5:colcon.colcon_core.verb:set package 'create_robot' build argument 'catkin_skip_building_tests' from command line to 'False'
[0.414s] DEBUG:colcon.colcon_core.verb:Building package 'create_robot' with the following arguments: {'ament_cmake_args': None, 'build_base': '/home/user/create_ws/build/create_robot', 'catkin_cmake_args': None, 'catkin_skip_building_tests': False, 'cmake_args': None, 'cmake_clean_cache': False, 'cmake_clean_first': False, 'cmake_force_configure': False, 'cmake_target': None, 'cmake_target_skip_unavailable': False, 'install_base': '/home/user/create_ws/install/create_robot', 'merge_install': False, 'path': '/home/user/create_ws/src/create_robot/create_robot', 'symlink_install': False, 'test_result_base': None}
[0.414s] INFO:colcon.colcon_core.executor:Executing jobs using 'parallel' executor
[0.416s] DEBUG:colcon.colcon_parallel_executor.executor.parallel:run_until_complete
[0.416s] INFO:colcon.colcon_ros.task.ament_cmake.build:Building ROS package in '/home/user/create_ws/src/create_robot/create_msgs' with build type 'ament_cmake'
[0.416s] INFO:colcon.colcon_cmake.task.cmake.build:Building CMake package in '/home/user/create_ws/src/create_robot/create_msgs'
[0.418s] INFO:colcon.colcon_core.plugin_system:Skipping extension 'colcon_core.shell.bat': Not used on non-Windows systems
[0.418s] INFO:colcon.colcon_core.shell:Skip shell extension 'powershell' for command environment: Not usable outside of PowerShell
[0.419s] DEBUG:colcon.colcon_core.shell:Skip shell extension 'dsv' for command environment
[0.424s] INFO:colcon.colcon_ros.task.cmake.build:Building ROS package in '/home/user/create_ws/src/libcreate' with build type 'cmake'
[0.424s] INFO:colcon.colcon_cmake.task.cmake.build:Building CMake package in '/home/user/create_ws/src/libcreate'
[0.425s] INFO:colcon.colcon_core.shell:Skip shell extension 'powershell' for command environment: Not usable outside of PowerShell
[0.425s] DEBUG:colcon.colcon_core.shell:Skip shell extension 'dsv' for command environment
[0.430s] INFO:colcon.colcon_ros.task.ament_cmake.build:Building ROS package in '/home/user/create_ws/src/create_robot/create_description' with build type 'ament_cmake'
[0.430s] INFO:colcon.colcon_cmake.task.cmake.build:Building CMake package in '/home/user/create_ws/src/create_robot/create_description'
[0.431s] INFO:colcon.colcon_core.shell:Skip shell extension 'powershell' for command environment: Not usable outside of PowerShell
[0.431s] DEBUG:colcon.colcon_core.shell:Skip shell extension 'dsv' for command environment
[0.442s] DEBUG:colcon.colcon_core.event_handler.log_command:Invoking command in '/home/user/create_ws/build/create_msgs': CMAKE_PREFIX_PATH=${CMAKE_PREFIX_PATH}:/home/user/launch_ws/install/py_launch_example:/home/user/create3_examples_ws/install/create3_teleop:/home/user/create3_examples_ws/install/create3_examples_py:/home/user/sweepbot_ws/install/sweepbot:/opt/ros/humble /usr/bin/cmake --build /home/user/create_ws/build/create_msgs -- -j8 -l8
[0.447s] DEBUG:colcon.colcon_core.event_handler.log_command:Invoking command in '/home/user/create_ws/build/libcreate': CMAKE_PREFIX_PATH=${CMAKE_PREFIX_PATH}:/home/user/launch_ws/install/py_launch_example:/home/user/create3_examples_ws/install/create3_teleop:/home/user/create3_examples_ws/install/create3_examples_py:/home/user/sweepbot_ws/install/sweepbot:/opt/ros/humble /usr/bin/cmake --build /home/user/create_ws/build/libcreate -- -j8 -l8
[0.452s] DEBUG:colcon.colcon_core.event_handler.log_command:Invoking command in '/home/user/create_ws/build/create_description': CMAKE_PREFIX_PATH=${CMAKE_PREFIX_PATH}:/home/user/launch_ws/install/py_launch_example:/home/user/create3_examples_ws/install/create3_teleop:/home/user/create3_examples_ws/install/create3_examples_py:/home/user/sweepbot_ws/install/sweepbot:/opt/ros/humble /usr/bin/cmake --build /home/user/create_ws/build/create_description -- -j8 -l8
[0.501s] DEBUG:colcon.colcon_core.event_handler.log_command:Invoked command in '/home/user/create_ws/build/create_description' returned '0': CMAKE_PREFIX_PATH=${CMAKE_PREFIX_PATH}:/home/user/launch_ws/install/py_launch_example:/home/user/create3_examples_ws/install/create3_teleop:/home/user/create3_examples_ws/install/create3_examples_py:/home/user/sweepbot_ws/install/sweepbot:/opt/ros/humble /usr/bin/cmake --build /home/user/create_ws/build/create_description -- -j8 -l8
[0.521s] DEBUG:colcon.colcon_core.event_handler.log_command:Invoking command in '/home/user/create_ws/build/create_description': CMAKE_PREFIX_PATH=${CMAKE_PREFIX_PATH}:/home/user/launch_ws/install/py_launch_example:/home/user/create3_examples_ws/install/create3_teleop:/home/user/create3_examples_ws/install/create3_examples_py:/home/user/sweepbot_ws/install/sweepbot:/opt/ros/humble /usr/bin/cmake --install /home/user/create_ws/build/create_description
[0.540s] Level 1:colcon.colcon_core.environment:create_environment_scripts_only(create_description)
[0.544s] DEBUG:colcon.colcon_core.event_handler.log_command:Invoked command in '/home/user/create_ws/build/create_description' returned '0': CMAKE_PREFIX_PATH=${CMAKE_PREFIX_PATH}:/home/user/launch_ws/install/py_launch_example:/home/user/create3_examples_ws/install/create3_teleop:/home/user/create3_examples_ws/install/create3_examples_py:/home/user/sweepbot_ws/install/sweepbot:/opt/ros/humble /usr/bin/cmake --install /home/user/create_ws/build/create_description
[0.552s] Level 1:colcon.colcon_core.environment:checking '/home/user/create_ws/install/create_description' for CMake module files
[0.553s] Level 1:colcon.colcon_core.environment:checking '/home/user/create_ws/install/create_description' for CMake config files
[0.553s] Level 1:colcon.colcon_core.shell:create_environment_hook('create_description', 'cmake_prefix_path')
[0.554s] INFO:colcon.colcon_core.shell:Creating environment hook '/home/user/create_ws/install/create_description/share/create_description/hook/cmake_prefix_path.ps1'
[0.558s] INFO:colcon.colcon_core.shell:Creating environment descriptor '/home/user/create_ws/install/create_description/share/create_description/hook/cmake_prefix_path.dsv'
[0.560s] INFO:colcon.colcon_core.shell:Creating environment hook '/home/user/create_ws/install/create_description/share/create_description/hook/cmake_prefix_path.sh'
[0.567s] Level 1:colcon.colcon_core.environment:checking '/home/user/create_ws/install/create_description/bin'
[0.572s] Level 1:colcon.colcon_core.environment:checking '/home/user/create_ws/install/create_description/lib/pkgconfig/create_description.pc'
[0.572s] Level 1:colcon.colcon_core.environment:checking '/home/user/create_ws/install/create_description/lib/python3.10/site-packages'
[0.575s] Level 1:colcon.colcon_core.environment:checking '/home/user/create_ws/install/create_description/bin'
[0.576s] INFO:colcon.colcon_core.shell:Creating package script '/home/user/create_ws/install/create_description/share/create_description/package.ps1'
[0.581s] INFO:colcon.colcon_core.shell:Creating package descriptor '/home/user/create_ws/install/create_description/share/create_description/package.dsv'
[0.582s] INFO:colcon.colcon_core.shell:Creating package script '/home/user/create_ws/install/create_description/share/create_description/package.sh'
[0.584s] INFO:colcon.colcon_core.shell:Creating package script '/home/user/create_ws/install/create_description/share/create_description/package.bash'
[0.587s] INFO:colcon.colcon_core.shell:Creating package script '/home/user/create_ws/install/create_description/share/create_description/package.zsh'
[0.590s] Level 1:colcon.colcon_core.environment:create_file_with_runtime_dependencies(/home/user/create_ws/install/create_description/share/colcon-core/packages/create_description)
[0.592s] Level 1:colcon.colcon_core.environment:create_environment_scripts_only(create_description)
[0.592s] Level 1:colcon.colcon_core.environment:checking '/home/user/create_ws/install/create_description' for CMake module files
[0.593s] Level 1:colcon.colcon_core.environment:checking '/home/user/create_ws/install/create_description' for CMake config files
[0.594s] Level 1:colcon.colcon_core.shell:create_environment_hook('create_description', 'cmake_prefix_path')
[0.594s] INFO:colcon.colcon_core.shell:Creating environment hook '/home/user/create_ws/install/create_description/share/create_description/hook/cmake_prefix_path.ps1'
[0.595s] INFO:colcon.colcon_core.shell:Creating environment descriptor '/home/user/create_ws/install/create_description/share/create_description/hook/cmake_prefix_path.dsv'
[0.595s] INFO:colcon.colcon_core.shell:Creating environment hook '/home/user/create_ws/install/create_description/share/create_description/hook/cmake_prefix_path.sh'
[0.596s] Level 1:colcon.colcon_core.environment:checking '/home/user/create_ws/install/create_description/bin'
[0.596s] Level 1:colcon.colcon_core.environment:checking '/home/user/create_ws/install/create_description/lib/pkgconfig/create_description.pc'
[0.596s] Level 1:colcon.colcon_core.environment:checking '/home/user/create_ws/install/create_description/lib/python3.10/site-packages'
[0.597s] Level 1:colcon.colcon_core.environment:checking '/home/user/create_ws/install/create_description/bin'
[0.597s] INFO:colcon.colcon_core.shell:Creating package script '/home/user/create_ws/install/create_description/share/create_description/package.ps1'
[0.598s] INFO:colcon.colcon_core.shell:Creating package descriptor '/home/user/create_ws/install/create_description/share/create_description/package.dsv'
[0.599s] INFO:colcon.colcon_core.shell:Creating package script '/home/user/create_ws/install/create_description/share/create_description/package.sh'
[0.600s] INFO:colcon.colcon_core.shell:Creating package script '/home/user/create_ws/install/create_description/share/create_description/package.bash'
[0.600s] INFO:colcon.colcon_core.shell:Creating package script '/home/user/create_ws/install/create_description/share/create_description/package.zsh'
[0.601s] Level 1:colcon.colcon_core.environment:create_file_with_runtime_dependencies(/home/user/create_ws/install/create_description/share/colcon-core/packages/create_description)
[0.711s] DEBUG:colcon.colcon_core.event_handler.log_command:Invoked command in '/home/user/create_ws/build/libcreate' returned '0': CMAKE_PREFIX_PATH=${CMAKE_PREFIX_PATH}:/home/user/launch_ws/install/py_launch_example:/home/user/create3_examples_ws/install/create3_teleop:/home/user/create3_examples_ws/install/create3_examples_py:/home/user/sweepbot_ws/install/sweepbot:/opt/ros/humble /usr/bin/cmake --build /home/user/create_ws/build/libcreate -- -j8 -l8
[0.714s] DEBUG:colcon.colcon_core.event_handler.log_command:Invoking command in '/home/user/create_ws/build/libcreate': CMAKE_PREFIX_PATH=${CMAKE_PREFIX_PATH}:/home/user/launch_ws/install/py_launch_example:/home/user/create3_examples_ws/install/create3_teleop:/home/user/create3_examples_ws/install/create3_examples_py:/home/user/sweepbot_ws/install/sweepbot:/opt/ros/humble /usr/bin/cmake --install /home/user/create_ws/build/libcreate
[0.729s] Level 1:colcon.colcon_core.shell:create_environment_hook('libcreate', 'pkg_config_path')
[0.729s] INFO:colcon.colcon_core.shell:Creating environment hook '/home/user/create_ws/install/libcreate/share/libcreate/hook/pkg_config_path.ps1'
[0.730s] INFO:colcon.colcon_core.shell:Creating environment descriptor '/home/user/create_ws/install/libcreate/share/libcreate/hook/pkg_config_path.dsv'
[0.731s] DEBUG:colcon.colcon_core.event_handler.log_command:Invoked command in '/home/user/create_ws/build/libcreate' returned '0': CMAKE_PREFIX_PATH=${CMAKE_PREFIX_PATH}:/home/user/launch_ws/install/py_launch_example:/home/user/create3_examples_ws/install/create3_teleop:/home/user/create3_examples_ws/install/create3_examples_py:/home/user/sweepbot_ws/install/sweepbot:/opt/ros/humble /usr/bin/cmake --install /home/user/create_ws/build/libcreate
[0.731s] INFO:colcon.colcon_core.shell:Creating environment hook '/home/user/create_ws/install/libcreate/share/libcreate/hook/pkg_config_path.sh'
[0.734s] Level 1:colcon.colcon_core.shell:create_environment_hook('libcreate', 'pkg_config_path_multiarch')
[0.735s] INFO:colcon.colcon_core.shell:Creating environment hook '/home/user/create_ws/install/libcreate/share/libcreate/hook/pkg_config_path_multiarch.ps1'
[0.735s] INFO:colcon.colcon_core.shell:Creating environment descriptor '/home/user/create_ws/install/libcreate/share/libcreate/hook/pkg_config_path_multiarch.dsv'
[0.736s] INFO:colcon.colcon_core.shell:Creating environment hook '/home/user/create_ws/install/libcreate/share/libcreate/hook/pkg_config_path_multiarch.sh'
[0.737s] Level 1:colcon.colcon_core.environment:create_environment_scripts_only(libcreate)
[0.737s] Level 1:colcon.colcon_core.environment:checking '/home/user/create_ws/install/libcreate' for CMake module files
[0.738s] Level 1:colcon.colcon_core.environment:checking '/home/user/create_ws/install/libcreate' for CMake config files
[0.738s] Level 1:colcon.colcon_core.shell:create_environment_hook('libcreate', 'cmake_prefix_path')
[0.739s] INFO:colcon.colcon_core.shell:Creating environment hook '/home/user/create_ws/install/libcreate/share/libcreate/hook/cmake_prefix_path.ps1'
[0.740s] INFO:colcon.colcon_core.shell:Creating environment descriptor '/home/user/create_ws/install/libcreate/share/libcreate/hook/cmake_prefix_path.dsv'
[0.740s] INFO:colcon.colcon_core.shell:Creating environment hook '/home/user/create_ws/install/libcreate/share/libcreate/hook/cmake_prefix_path.sh'
[0.741s] Level 1:colcon.colcon_core.environment:checking '/home/user/create_ws/install/libcreate/lib'
[0.742s] Level 1:colcon.colcon_core.shell:create_environment_hook('libcreate', 'ld_library_path_lib')
[0.742s] INFO:colcon.colcon_core.shell:Creating environment hook '/home/user/create_ws/install/libcreate/share/libcreate/hook/ld_library_path_lib.ps1'
[0.743s] INFO:colcon.colcon_core.shell:Creating environment descriptor '/home/user/create_ws/install/libcreate/share/libcreate/hook/ld_library_path_lib.dsv'
[0.744s] INFO:colcon.colcon_core.shell:Creating environment hook '/home/user/create_ws/install/libcreate/share/libcreate/hook/ld_library_path_lib.sh'
[0.745s] Level 1:colcon.colcon_core.environment:checking '/home/user/create_ws/install/libcreate/bin'
[0.745s] Level 1:colcon.colcon_core.environment:checking '/home/user/create_ws/install/libcreate/lib/pkgconfig/libcreate.pc'
[0.745s] Level 1:colcon.colcon_core.environment:checking '/home/user/create_ws/install/libcreate/lib/python3.10/site-packages'
[0.746s] Level 1:colcon.colcon_core.environment:checking '/home/user/create_ws/install/libcreate/bin'
[0.747s] INFO:colcon.colcon_core.shell:Creating package script '/home/user/create_ws/install/libcreate/share/libcreate/package.ps1'
[0.749s] INFO:colcon.colcon_core.shell:Creating package descriptor '/home/user/create_ws/install/libcreate/share/libcreate/package.dsv'
[0.750s] INFO:colcon.colcon_core.shell:Creating package script '/home/user/create_ws/install/libcreate/share/libcreate/package.sh'
[0.751s] INFO:colcon.colcon_core.shell:Creating package script '/home/user/create_ws/install/libcreate/share/libcreate/package.bash'
[0.752s] INFO:colcon.colcon_core.shell:Creating package script '/home/user/create_ws/install/libcreate/share/libcreate/package.zsh'
[0.753s] Level 1:colcon.colcon_core.environment:create_file_with_runtime_dependencies(/home/user/create_ws/install/libcreate/share/colcon-core/packages/libcreate)
[1.017s] DEBUG:colcon.colcon_core.event_handler.log_command:Invoked command in '/home/user/create_ws/build/create_msgs' returned '0': CMAKE_PREFIX_PATH=${CMAKE_PREFIX_PATH}:/home/user/launch_ws/install/py_launch_example:/home/user/create3_examples_ws/install/create3_teleop:/home/user/create3_examples_ws/install/create3_examples_py:/home/user/sweepbot_ws/install/sweepbot:/opt/ros/humble /usr/bin/cmake --build /home/user/create_ws/build/create_msgs -- -j8 -l8
[1.019s] DEBUG:colcon.colcon_core.event_handler.log_command:Invoking command in '/home/user/create_ws/build/create_msgs': CMAKE_PREFIX_PATH=${CMAKE_PREFIX_PATH}:/home/user/launch_ws/install/py_launch_example:/home/user/create3_examples_ws/install/create3_teleop:/home/user/create3_examples_ws/install/create3_examples_py:/home/user/sweepbot_ws/install/sweepbot:/opt/ros/humble /usr/bin/cmake --install /home/user/create_ws/build/create_msgs
[1.087s] Level 1:colcon.colcon_core.environment:create_environment_scripts_only(create_msgs)
[1.088s] Level 1:colcon.colcon_core.environment:checking '/home/user/create_ws/install/create_msgs' for CMake module files
[1.088s] DEBUG:colcon.colcon_core.event_handler.log_command:Invoked command in '/home/user/create_ws/build/create_msgs' returned '0': CMAKE_PREFIX_PATH=${CMAKE_PREFIX_PATH}:/home/user/launch_ws/install/py_launch_example:/home/user/create3_examples_ws/install/create3_teleop:/home/user/create3_examples_ws/install/create3_examples_py:/home/user/sweepbot_ws/install/sweepbot:/opt/ros/humble /usr/bin/cmake --install /home/user/create_ws/build/create_msgs
[1.089s] Level 1:colcon.colcon_core.environment:checking '/home/user/create_ws/install/create_msgs' for CMake config files
[1.089s] Level 1:colcon.colcon_core.shell:create_environment_hook('create_msgs', 'cmake_prefix_path')
[1.089s] INFO:colcon.colcon_core.shell:Creating environment hook '/home/user/create_ws/install/create_msgs/share/create_msgs/hook/cmake_prefix_path.ps1'
[1.090s] INFO:colcon.colcon_core.shell:Creating environment descriptor '/home/user/create_ws/install/create_msgs/share/create_msgs/hook/cmake_prefix_path.dsv'
[1.090s] INFO:colcon.colcon_core.shell:Creating environment hook '/home/user/create_ws/install/create_msgs/share/create_msgs/hook/cmake_prefix_path.sh'
[1.091s] Level 1:colcon.colcon_core.environment:checking '/home/user/create_ws/install/create_msgs/lib'
[1.091s] Level 1:colcon.colcon_core.shell:create_environment_hook('create_msgs', 'ld_library_path_lib')
[1.091s] INFO:colcon.colcon_core.shell:Creating environment hook '/home/user/create_ws/install/create_msgs/share/create_msgs/hook/ld_library_path_lib.ps1'
[1.092s] INFO:colcon.colcon_core.shell:Creating environment descriptor '/home/user/create_ws/install/create_msgs/share/create_msgs/hook/ld_library_path_lib.dsv'
[1.092s] INFO:colcon.colcon_core.shell:Creating environment hook '/home/user/create_ws/install/create_msgs/share/create_msgs/hook/ld_library_path_lib.sh'
[1.092s] Level 1:colcon.colcon_core.environment:checking '/home/user/create_ws/install/create_msgs/bin'
[1.092s] Level 1:colcon.colcon_core.environment:checking '/home/user/create_ws/install/create_msgs/lib/pkgconfig/create_msgs.pc'
[1.093s] Level 1:colcon.colcon_core.environment:checking '/home/user/create_ws/install/create_msgs/lib/python3.10/site-packages'
[1.093s] Level 1:colcon.colcon_core.environment:checking '/home/user/create_ws/install/create_msgs/bin'
[1.093s] INFO:colcon.colcon_core.shell:Creating package script '/home/user/create_ws/install/create_msgs/share/create_msgs/package.ps1'
[1.094s] INFO:colcon.colcon_core.shell:Creating package descriptor '/home/user/create_ws/install/create_msgs/share/create_msgs/package.dsv'
[1.094s] INFO:colcon.colcon_core.shell:Creating package script '/home/user/create_ws/install/create_msgs/share/create_msgs/package.sh'
[1.094s] INFO:colcon.colcon_core.shell:Creating package script '/home/user/create_ws/install/create_msgs/share/create_msgs/package.bash'
[1.095s] INFO:colcon.colcon_core.shell:Creating package script '/home/user/create_ws/install/create_msgs/share/create_msgs/package.zsh'
[1.095s] Level 1:colcon.colcon_core.environment:create_file_with_runtime_dependencies(/home/user/create_ws/install/create_msgs/share/colcon-core/packages/create_msgs)
[1.096s] Level 1:colcon.colcon_core.environment:create_environment_scripts_only(create_msgs)
[1.096s] Level 1:colcon.colcon_core.environment:checking '/home/user/create_ws/install/create_msgs' for CMake module files
[1.097s] Level 1:colcon.colcon_core.environment:checking '/home/user/create_ws/install/create_msgs' for CMake config files
[1.097s] Level 1:colcon.colcon_core.shell:create_environment_hook('create_msgs', 'cmake_prefix_path')
[1.097s] INFO:colcon.colcon_core.shell:Creating environment hook '/home/user/create_ws/install/create_msgs/share/create_msgs/hook/cmake_prefix_path.ps1'
[1.098s] INFO:colcon.colcon_core.shell:Creating environment descriptor '/home/user/create_ws/install/create_msgs/share/create_msgs/hook/cmake_prefix_path.dsv'
[1.098s] INFO:colcon.colcon_core.shell:Creating environment hook '/home/user/create_ws/install/create_msgs/share/create_msgs/hook/cmake_prefix_path.sh'
[1.098s] Level 1:colcon.colcon_core.environment:checking '/home/user/create_ws/install/create_msgs/lib'
[1.099s] Level 1:colcon.colcon_core.shell:create_environment_hook('create_msgs', 'ld_library_path_lib')
[1.099s] INFO:colcon.colcon_core.shell:Creating environment hook '/home/user/create_ws/install/create_msgs/share/create_msgs/hook/ld_library_path_lib.ps1'
[1.099s] INFO:colcon.colcon_core.shell:Creating environment descriptor '/home/user/create_ws/install/create_msgs/share/create_msgs/hook/ld_library_path_lib.dsv'
[1.099s] INFO:colcon.colcon_core.shell:Creating environment hook '/home/user/create_ws/install/create_msgs/share/create_msgs/hook/ld_library_path_lib.sh'
[1.100s] Level 1:colcon.colcon_core.environment:checking '/home/user/create_ws/install/create_msgs/bin'
[1.100s] Level 1:colcon.colcon_core.environment:checking '/home/user/create_ws/install/create_msgs/lib/pkgconfig/create_msgs.pc'
[1.100s] Level 1:colcon.colcon_core.environment:checking '/home/user/create_ws/install/create_msgs/lib/python3.10/site-packages'
[1.100s] Level 1:colcon.colcon_core.environment:checking '/home/user/create_ws/install/create_msgs/bin'
[1.101s] INFO:colcon.colcon_core.shell:Creating package script '/home/user/create_ws/install/create_msgs/share/create_msgs/package.ps1'
[1.101s] INFO:colcon.colcon_core.shell:Creating package descriptor '/home/user/create_ws/install/create_msgs/share/create_msgs/package.dsv'
[1.102s] INFO:colcon.colcon_core.shell:Creating package script '/home/user/create_ws/install/create_msgs/share/create_msgs/package.sh'
[1.102s] INFO:colcon.colcon_core.shell:Creating package script '/home/user/create_ws/install/create_msgs/share/create_msgs/package.bash'
[1.103s] INFO:colcon.colcon_core.shell:Creating package script '/home/user/create_ws/install/create_msgs/share/create_msgs/package.zsh'
[1.103s] Level 1:colcon.colcon_core.environment:create_file_with_runtime_dependencies(/home/user/create_ws/install/create_msgs/share/colcon-core/packages/create_msgs)
[1.104s] INFO:colcon.colcon_ros.task.ament_cmake.build:Building ROS package in '/home/user/create_ws/src/create_robot/create_driver' with build type 'ament_cmake'
[1.104s] INFO:colcon.colcon_cmake.task.cmake.build:Building CMake package in '/home/user/create_ws/src/create_robot/create_driver'
[1.104s] INFO:colcon.colcon_core.shell:Skip shell extension 'powershell' for command environment: Not usable outside of PowerShell
[1.104s] DEBUG:colcon.colcon_core.shell:Skip shell extension 'dsv' for command environment
[1.119s] DEBUG:colcon.colcon_core.event_handler.log_command:Invoking command in '/home/user/create_ws/build/create_driver': CMAKE_PREFIX_PATH=/home/user/create_ws/install/libcreate:/home/user/create_ws/install/create_msgs:/home/user/create3_examples_ws/install/create3_republisher:/home/user/create3_examples_ws/install/create3_lidar_slam:/home/user/create3_examples_ws/install/create3_coverage:/home/user/create3_examples_ws/install/create3_examples_msgs:/home/user/create_ws/install/create_robot:/home/user/create_ws/install/create_bringup:/home/user/create_ws/install/create_driver:/home/user/create_ws/install/create_description:/home/user/launch_ws/install/py_launch_example:/home/user/create3_examples_ws/install/create3_teleop:/home/user/create3_examples_ws/install/create3_examples_py:/home/user/sweepbot_ws/install/sweepbot:/opt/ros/humble LD_LIBRARY_PATH=/home/user/create_ws/install/libcreate/lib:/home/user/create_ws/install/create_msgs/lib:/home/user/create3_examples_ws/install/create3_coverage/lib:/home/user/create3_examples_ws/install/create3_examples_msgs/lib:/usr/lib/x86_64-linux-gnu/gazebo-11/plugins:/opt/ros/humble/opt/rviz_ogre_vendor/lib:/opt/ros/humble/lib/x86_64-linux-gnu:/opt/ros/humble/lib:/usr/lib/x86_64-linux-gnu/gazebo-11/plugins /usr/bin/cmake --build /home/user/create_ws/build/create_driver -- -j8 -l8
[1.204s] DEBUG:colcon.colcon_core.event_handler.log_command:Invoked command in '/home/user/create_ws/build/create_driver' returned '0': CMAKE_PREFIX_PATH=/home/user/create_ws/install/libcreate:/home/user/create_ws/install/create_msgs:/home/user/create3_examples_ws/install/create3_republisher:/home/user/create3_examples_ws/install/create3_lidar_slam:/home/user/create3_examples_ws/install/create3_coverage:/home/user/create3_examples_ws/install/create3_examples_msgs:/home/user/create_ws/install/create_robot:/home/user/create_ws/install/create_bringup:/home/user/create_ws/install/create_driver:/home/user/create_ws/install/create_description:/home/user/launch_ws/install/py_launch_example:/home/user/create3_examples_ws/install/create3_teleop:/home/user/create3_examples_ws/install/create3_examples_py:/home/user/sweepbot_ws/install/sweepbot:/opt/ros/humble LD_LIBRARY_PATH=/home/user/create_ws/install/libcreate/lib:/home/user/create_ws/install/create_msgs/lib:/home/user/create3_examples_ws/install/create3_coverage/lib:/home/user/create3_examples_ws/install/create3_examples_msgs/lib:/usr/lib/x86_64-linux-gnu/gazebo-11/plugins:/opt/ros/humble/opt/rviz_ogre_vendor/lib:/opt/ros/humble/lib/x86_64-linux-gnu:/opt/ros/humble/lib:/usr/lib/x86_64-linux-gnu/gazebo-11/plugins /usr/bin/cmake --build /home/user/create_ws/build/create_driver -- -j8 -l8
[1.205s] DEBUG:colcon.colcon_core.event_handler.log_command:Invoking command in '/home/user/create_ws/build/create_driver': CMAKE_PREFIX_PATH=/home/user/create_ws/install/libcreate:/home/user/create_ws/install/create_msgs:/home/user/create3_examples_ws/install/create3_republisher:/home/user/create3_examples_ws/install/create3_lidar_slam:/home/user/create3_examples_ws/install/create3_coverage:/home/user/create3_examples_ws/install/create3_examples_msgs:/home/user/create_ws/install/create_robot:/home/user/create_ws/install/create_bringup:/home/user/create_ws/install/create_driver:/home/user/create_ws/install/create_description:/home/user/launch_ws/install/py_launch_example:/home/user/create3_examples_ws/install/create3_teleop:/home/user/create3_examples_ws/install/create3_examples_py:/home/user/sweepbot_ws/install/sweepbot:/opt/ros/humble LD_LIBRARY_PATH=/home/user/create_ws/install/libcreate/lib:/home/user/create_ws/install/create_msgs/lib:/home/user/create3_examples_ws/install/create3_coverage/lib:/home/user/create3_examples_ws/install/create3_examples_msgs/lib:/usr/lib/x86_64-linux-gnu/gazebo-11/plugins:/opt/ros/humble/opt/rviz_ogre_vendor/lib:/opt/ros/humble/lib/x86_64-linux-gnu:/opt/ros/humble/lib:/usr/lib/x86_64-linux-gnu/gazebo-11/plugins /usr/bin/cmake --install /home/user/create_ws/build/create_driver
[1.217s] Level 1:colcon.colcon_core.environment:create_environment_scripts_only(create_driver)
[1.217s] Level 1:colcon.colcon_core.environment:checking '/home/user/create_ws/install/create_driver' for CMake module files
[1.218s] DEBUG:colcon.colcon_core.event_handler.log_command:Invoked command in '/home/user/create_ws/build/create_driver' returned '0': CMAKE_PREFIX_PATH=/home/user/create_ws/install/libcreate:/home/user/create_ws/install/create_msgs:/home/user/create3_examples_ws/install/create3_republisher:/home/user/create3_examples_ws/install/create3_lidar_slam:/home/user/create3_examples_ws/install/create3_coverage:/home/user/create3_examples_ws/install/create3_examples_msgs:/home/user/create_ws/install/create_robot:/home/user/create_ws/install/create_bringup:/home/user/create_ws/install/create_driver:/home/user/create_ws/install/create_description:/home/user/launch_ws/install/py_launch_example:/home/user/create3_examples_ws/install/create3_teleop:/home/user/create3_examples_ws/install/create3_examples_py:/home/user/sweepbot_ws/install/sweepbot:/opt/ros/humble LD_LIBRARY_PATH=/home/user/create_ws/install/libcreate/lib:/home/user/create_ws/install/create_msgs/lib:/home/user/create3_examples_ws/install/create3_coverage/lib:/home/user/create3_examples_ws/install/create3_examples_msgs/lib:/usr/lib/x86_64-linux-gnu/gazebo-11/plugins:/opt/ros/humble/opt/rviz_ogre_vendor/lib:/opt/ros/humble/lib/x86_64-linux-gnu:/opt/ros/humble/lib:/usr/lib/x86_64-linux-gnu/gazebo-11/plugins /usr/bin/cmake --install /home/user/create_ws/build/create_driver
[1.218s] Level 1:colcon.colcon_core.environment:checking '/home/user/create_ws/install/create_driver' for CMake config files
[1.219s] Level 1:colcon.colcon_core.shell:create_environment_hook('create_driver', 'cmake_prefix_path')
[1.219s] INFO:colcon.colcon_core.shell:Creating environment hook '/home/user/create_ws/install/create_driver/share/create_driver/hook/cmake_prefix_path.ps1'
[1.220s] INFO:colcon.colcon_core.shell:Creating environment descriptor '/home/user/create_ws/install/create_driver/share/create_driver/hook/cmake_prefix_path.dsv'
[1.220s] INFO:colcon.colcon_core.shell:Creating environment hook '/home/user/create_ws/install/create_driver/share/create_driver/hook/cmake_prefix_path.sh'
[1.221s] Level 1:colcon.colcon_core.environment:checking '/home/user/create_ws/install/create_driver/lib'
[1.221s] Level 1:colcon.colcon_core.environment:checking '/home/user/create_ws/install/create_driver/bin'
[1.221s] Level 1:colcon.colcon_core.environment:checking '/home/user/create_ws/install/create_driver/lib/pkgconfig/create_driver.pc'
[1.221s] Level 1:colcon.colcon_core.environment:checking '/home/user/create_ws/install/create_driver/lib/python3.10/site-packages'
[1.222s] Level 1:colcon.colcon_core.environment:checking '/home/user/create_ws/install/create_driver/bin'
[1.222s] INFO:colcon.colcon_core.shell:Creating package script '/home/user/create_ws/install/create_driver/share/create_driver/package.ps1'
[1.223s] INFO:colcon.colcon_core.shell:Creating package descriptor '/home/user/create_ws/install/create_driver/share/create_driver/package.dsv'
[1.223s] INFO:colcon.colcon_core.shell:Creating package script '/home/user/create_ws/install/create_driver/share/create_driver/package.sh'
[1.224s] INFO:colcon.colcon_core.shell:Creating package script '/home/user/create_ws/install/create_driver/share/create_driver/package.bash'
[1.224s] INFO:colcon.colcon_core.shell:Creating package script '/home/user/create_ws/install/create_driver/share/create_driver/package.zsh'
[1.224s] Level 1:colcon.colcon_core.environment:create_file_with_runtime_dependencies(/home/user/create_ws/install/create_driver/share/colcon-core/packages/create_driver)
[1.225s] Level 1:colcon.colcon_core.environment:create_environment_scripts_only(create_driver)
[1.225s] Level 1:colcon.colcon_core.environment:checking '/home/user/create_ws/install/create_driver' for CMake module files
[1.225s] Level 1:colcon.colcon_core.environment:checking '/home/user/create_ws/install/create_driver' for CMake config files
[1.226s] Level 1:colcon.colcon_core.shell:create_environment_hook('create_driver', 'cmake_prefix_path')
[1.226s] INFO:colcon.colcon_core.shell:Creating environment hook '/home/user/create_ws/install/create_driver/share/create_driver/hook/cmake_prefix_path.ps1'
[1.226s] INFO:colcon.colcon_core.shell:Creating environment descriptor '/home/user/create_ws/install/create_driver/share/create_driver/hook/cmake_prefix_path.dsv'
[1.227s] INFO:colcon.colcon_core.shell:Creating environment hook '/home/user/create_ws/install/create_driver/share/create_driver/hook/cmake_prefix_path.sh'
[1.227s] Level 1:colcon.colcon_core.environment:checking '/home/user/create_ws/install/create_driver/lib'
[1.227s] Level 1:colcon.colcon_core.environment:checking '/home/user/create_ws/install/create_driver/bin'
[1.227s] Level 1:colcon.colcon_core.environment:checking '/home/user/create_ws/install/create_driver/lib/pkgconfig/create_driver.pc'
[1.228s] Level 1:colcon.colcon_core.environment:checking '/home/user/create_ws/install/create_driver/lib/python3.10/site-packages'
[1.228s] Level 1:colcon.colcon_core.environment:checking '/home/user/create_ws/install/create_driver/bin'
[1.228s] INFO:colcon.colcon_core.shell:Creating package script '/home/user/create_ws/install/create_driver/share/create_driver/package.ps1'
[1.229s] INFO:colcon.colcon_core.shell:Creating package descriptor '/home/user/create_ws/install/create_driver/share/create_driver/package.dsv'
[1.229s] INFO:colcon.colcon_core.shell:Creating package script '/home/user/create_ws/install/create_driver/share/create_driver/package.sh'
[1.230s] INFO:colcon.colcon_core.shell:Creating package script '/home/user/create_ws/install/create_driver/share/create_driver/package.bash'
[1.230s] INFO:colcon.colcon_core.shell:Creating package script '/home/user/create_ws/install/create_driver/share/create_driver/package.zsh'
[1.230s] Level 1:colcon.colcon_core.environment:create_file_with_runtime_dependencies(/home/user/create_ws/install/create_driver/share/colcon-core/packages/create_driver)
[1.231s] INFO:colcon.colcon_ros.task.ament_cmake.build:Building ROS package in '/home/user/create_ws/src/create_robot/create_bringup' with build type 'ament_cmake'
[1.231s] INFO:colcon.colcon_cmake.task.cmake.build:Building CMake package in '/home/user/create_ws/src/create_robot/create_bringup'
[1.231s] INFO:colcon.colcon_core.shell:Skip shell extension 'powershell' for command environment: Not usable outside of PowerShell
[1.231s] DEBUG:colcon.colcon_core.shell:Skip shell extension 'dsv' for command environment
[1.247s] DEBUG:colcon.colcon_core.event_handler.log_command:Invoking command in '/home/user/create_ws/build/create_bringup': CMAKE_PREFIX_PATH=/home/user/create_ws/install/create_driver:/home/user/create_ws/install/libcreate:/home/user/create_ws/install/create_msgs:/home/user/create_ws/install/create_description:/home/user/create3_examples_ws/install/create3_republisher:/home/user/create3_examples_ws/install/create3_lidar_slam:/home/user/create3_examples_ws/install/create3_coverage:/home/user/create3_examples_ws/install/create3_examples_msgs:/home/user/create_ws/install/create_robot:/home/user/create_ws/install/create_bringup:/home/user/launch_ws/install/py_launch_example:/home/user/create3_examples_ws/install/create3_teleop:/home/user/create3_examples_ws/install/create3_examples_py:/home/user/sweepbot_ws/install/sweepbot:/opt/ros/humble LD_LIBRARY_PATH=/home/user/create_ws/install/libcreate/lib:/home/user/create_ws/install/create_msgs/lib:/home/user/create3_examples_ws/install/create3_coverage/lib:/home/user/create3_examples_ws/install/create3_examples_msgs/lib:/usr/lib/x86_64-linux-gnu/gazebo-11/plugins:/opt/ros/humble/opt/rviz_ogre_vendor/lib:/opt/ros/humble/lib/x86_64-linux-gnu:/opt/ros/humble/lib:/usr/lib/x86_64-linux-gnu/gazebo-11/plugins /usr/bin/cmake --build /home/user/create_ws/build/create_bringup -- -j8 -l8
[1.286s] DEBUG:colcon.colcon_core.event_handler.log_command:Invoked command in '/home/user/create_ws/build/create_bringup' returned '0': CMAKE_PREFIX_PATH=/home/user/create_ws/install/create_driver:/home/user/create_ws/install/libcreate:/home/user/create_ws/install/create_msgs:/home/user/create_ws/install/create_description:/home/user/create3_examples_ws/install/create3_republisher:/home/user/create3_examples_ws/install/create3_lidar_slam:/home/user/create3_examples_ws/install/create3_coverage:/home/user/create3_examples_ws/install/create3_examples_msgs:/home/user/create_ws/install/create_robot:/home/user/create_ws/install/create_bringup:/home/user/launch_ws/install/py_launch_example:/home/user/create3_examples_ws/install/create3_teleop:/home/user/create3_examples_ws/install/create3_examples_py:/home/user/sweepbot_ws/install/sweepbot:/opt/ros/humble LD_LIBRARY_PATH=/home/user/create_ws/install/libcreate/lib:/home/user/create_ws/install/create_msgs/lib:/home/user/create3_examples_ws/install/create3_coverage/lib:/home/user/create3_examples_ws/install/create3_examples_msgs/lib:/usr/lib/x86_64-linux-gnu/gazebo-11/plugins:/opt/ros/humble/opt/rviz_ogre_vendor/lib:/opt/ros/humble/lib/x86_64-linux-gnu:/opt/ros/humble/lib:/usr/lib/x86_64-linux-gnu/gazebo-11/plugins /usr/bin/cmake --build /home/user/create_ws/build/create_bringup -- -j8 -l8
[1.287s] DEBUG:colcon.colcon_core.event_handler.log_command:Invoking command in '/home/user/create_ws/build/create_bringup': CMAKE_PREFIX_PATH=/home/user/create_ws/install/create_driver:/home/user/create_ws/install/libcreate:/home/user/create_ws/install/create_msgs:/home/user/create_ws/install/create_description:/home/user/create3_examples_ws/install/create3_republisher:/home/user/create3_examples_ws/install/create3_lidar_slam:/home/user/create3_examples_ws/install/create3_coverage:/home/user/create3_examples_ws/install/create3_examples_msgs:/home/user/create_ws/install/create_robot:/home/user/create_ws/install/create_bringup:/home/user/launch_ws/install/py_launch_example:/home/user/create3_examples_ws/install/create3_teleop:/home/user/create3_examples_ws/install/create3_examples_py:/home/user/sweepbot_ws/install/sweepbot:/opt/ros/humble LD_LIBRARY_PATH=/home/user/create_ws/install/libcreate/lib:/home/user/create_ws/install/create_msgs/lib:/home/user/create3_examples_ws/install/create3_coverage/lib:/home/user/create3_examples_ws/install/create3_examples_msgs/lib:/usr/lib/x86_64-linux-gnu/gazebo-11/plugins:/opt/ros/humble/opt/rviz_ogre_vendor/lib:/opt/ros/humble/lib/x86_64-linux-gnu:/opt/ros/humble/lib:/usr/lib/x86_64-linux-gnu/gazebo-11/plugins /usr/bin/cmake --install /home/user/create_ws/build/create_bringup
[1.299s] Level 1:colcon.colcon_core.environment:create_environment_scripts_only(create_bringup)
[1.299s] Level 1:colcon.colcon_core.environment:checking '/home/user/create_ws/install/create_bringup' for CMake module files
[1.300s] DEBUG:colcon.colcon_core.event_handler.log_command:Invoked command in '/home/user/create_ws/build/create_bringup' returned '0': CMAKE_PREFIX_PATH=/home/user/create_ws/install/create_driver:/home/user/create_ws/install/libcreate:/home/user/create_ws/install/create_msgs:/home/user/create_ws/install/create_description:/home/user/create3_examples_ws/install/create3_republisher:/home/user/create3_examples_ws/install/create3_lidar_slam:/home/user/create3_examples_ws/install/create3_coverage:/home/user/create3_examples_ws/install/create3_examples_msgs:/home/user/create_ws/install/create_robot:/home/user/create_ws/install/create_bringup:/home/user/launch_ws/install/py_launch_example:/home/user/create3_examples_ws/install/create3_teleop:/home/user/create3_examples_ws/install/create3_examples_py:/home/user/sweepbot_ws/install/sweepbot:/opt/ros/humble LD_LIBRARY_PATH=/home/user/create_ws/install/libcreate/lib:/home/user/create_ws/install/create_msgs/lib:/home/user/create3_examples_ws/install/create3_coverage/lib:/home/user/create3_examples_ws/install/create3_examples_msgs/lib:/usr/lib/x86_64-linux-gnu/gazebo-11/plugins:/opt/ros/humble/opt/rviz_ogre_vendor/lib:/opt/ros/humble/lib/x86_64-linux-gnu:/opt/ros/humble/lib:/usr/lib/x86_64-linux-gnu/gazebo-11/plugins /usr/bin/cmake --install /home/user/create_ws/build/create_bringup
[1.301s] Level 1:colcon.colcon_core.environment:checking '/home/user/create_ws/install/create_bringup' for CMake config files
[1.301s] Level 1:colcon.colcon_core.shell:create_environment_hook('create_bringup', 'cmake_prefix_path')
[1.301s] INFO:colcon.colcon_core.shell:Creating environment hook '/home/user/create_ws/install/create_bringup/share/create_bringup/hook/cmake_prefix_path.ps1'
[1.302s] INFO:colcon.colcon_core.shell:Creating environment descriptor '/home/user/create_ws/install/create_bringup/share/create_bringup/hook/cmake_prefix_path.dsv'
[1.302s] INFO:colcon.colcon_core.shell:Creating environment hook '/home/user/create_ws/install/create_bringup/share/create_bringup/hook/cmake_prefix_path.sh'
[1.302s] Level 1:colcon.colcon_core.environment:checking '/home/user/create_ws/install/create_bringup/bin'
[1.302s] Level 1:colcon.colcon_core.environment:checking '/home/user/create_ws/install/create_bringup/lib/pkgconfig/create_bringup.pc'
[1.303s] Level 1:colcon.colcon_core.environment:checking '/home/user/create_ws/install/create_bringup/lib/python3.10/site-packages'
[1.303s] Level 1:colcon.colcon_core.environment:checking '/home/user/create_ws/install/create_bringup/bin'
[1.303s] INFO:colcon.colcon_core.shell:Creating package script '/home/user/create_ws/install/create_bringup/share/create_bringup/package.ps1'
[1.304s] INFO:colcon.colcon_core.shell:Creating package descriptor '/home/user/create_ws/install/create_bringup/share/create_bringup/package.dsv'
[1.304s] INFO:colcon.colcon_core.shell:Creating package script '/home/user/create_ws/install/create_bringup/share/create_bringup/package.sh'
[1.304s] INFO:colcon.colcon_core.shell:Creating package script '/home/user/create_ws/install/create_bringup/share/create_bringup/package.bash'
[1.305s] INFO:colcon.colcon_core.shell:Creating package script '/home/user/create_ws/install/create_bringup/share/create_bringup/package.zsh'
[1.305s] Level 1:colcon.colcon_core.environment:create_file_with_runtime_dependencies(/home/user/create_ws/install/create_bringup/share/colcon-core/packages/create_bringup)
[1.306s] Level 1:colcon.colcon_core.environment:create_environment_scripts_only(create_bringup)
[1.306s] Level 1:colcon.colcon_core.environment:checking '/home/user/create_ws/install/create_bringup' for CMake module files
[1.306s] Level 1:colcon.colcon_core.environment:checking '/home/user/create_ws/install/create_bringup' for CMake config files
[1.306s] Level 1:colcon.colcon_core.shell:create_environment_hook('create_bringup', 'cmake_prefix_path')
[1.307s] INFO:colcon.colcon_core.shell:Creating environment hook '/home/user/create_ws/install/create_bringup/share/create_bringup/hook/cmake_prefix_path.ps1'
[1.307s] INFO:colcon.colcon_core.shell:Creating environment descriptor '/home/user/create_ws/install/create_bringup/share/create_bringup/hook/cmake_prefix_path.dsv'
[1.307s] INFO:colcon.colcon_core.shell:Creating environment hook '/home/user/create_ws/install/create_bringup/share/create_bringup/hook/cmake_prefix_path.sh'
[1.308s] Level 1:colcon.colcon_core.environment:checking '/home/user/create_ws/install/create_bringup/bin'
[1.308s] Level 1:colcon.colcon_core.environment:checking '/home/user/create_ws/install/create_bringup/lib/pkgconfig/create_bringup.pc'
[1.308s] Level 1:colcon.colcon_core.environment:checking '/home/user/create_ws/install/create_bringup/lib/python3.10/site-packages'
[1.308s] Level 1:colcon.colcon_core.environment:checking '/home/user/create_ws/install/create_bringup/bin'
[1.309s] INFO:colcon.colcon_core.shell:Creating package script '/home/user/create_ws/install/create_bringup/share/create_bringup/package.ps1'
[1.309s] INFO:colcon.colcon_core.shell:Creating package descriptor '/home/user/create_ws/install/create_bringup/share/create_bringup/package.dsv'
[1.310s] INFO:colcon.colcon_core.shell:Creating package script '/home/user/create_ws/install/create_bringup/share/create_bringup/package.sh'
[1.310s] INFO:colcon.colcon_core.shell:Creating package script '/home/user/create_ws/install/create_bringup/share/create_bringup/package.bash'
[1.310s] INFO:colcon.colcon_core.shell:Creating package script '/home/user/create_ws/install/create_bringup/share/create_bringup/package.zsh'
[1.311s] Level 1:colcon.colcon_core.environment:create_file_with_runtime_dependencies(/home/user/create_ws/install/create_bringup/share/colcon-core/packages/create_bringup)
[1.311s] INFO:colcon.colcon_ros.task.ament_cmake.build:Building ROS package in '/home/user/create_ws/src/create_robot/create_robot' with build type 'ament_cmake'
[1.311s] INFO:colcon.colcon_cmake.task.cmake.build:Building CMake package in '/home/user/create_ws/src/create_robot/create_robot'
[1.311s] INFO:colcon.colcon_core.shell:Skip shell extension 'powershell' for command environment: Not usable outside of PowerShell
[1.311s] DEBUG:colcon.colcon_core.shell:Skip shell extension 'dsv' for command environment
[1.328s] DEBUG:colcon.colcon_core.event_handler.log_command:Invoking command in '/home/user/create_ws/build/create_robot': CMAKE_PREFIX_PATH=/home/user/create_ws/install/create_bringup:/home/user/create_ws/install/create_driver:/home/user/create_ws/install/libcreate:/home/user/create_ws/install/create_msgs:/home/user/create_ws/install/create_description:/home/user/create3_examples_ws/install/create3_republisher:/home/user/create3_examples_ws/install/create3_lidar_slam:/home/user/create3_examples_ws/install/create3_coverage:/home/user/create3_examples_ws/install/create3_examples_msgs:/home/user/create_ws/install/create_robot:/home/user/launch_ws/install/py_launch_example:/home/user/create3_examples_ws/install/create3_teleop:/home/user/create3_examples_ws/install/create3_examples_py:/home/user/sweepbot_ws/install/sweepbot:/opt/ros/humble LD_LIBRARY_PATH=/home/user/create_ws/install/libcreate/lib:/home/user/create_ws/install/create_msgs/lib:/home/user/create3_examples_ws/install/create3_coverage/lib:/home/user/create3_examples_ws/install/create3_examples_msgs/lib:/usr/lib/x86_64-linux-gnu/gazebo-11/plugins:/opt/ros/humble/opt/rviz_ogre_vendor/lib:/opt/ros/humble/lib/x86_64-linux-gnu:/opt/ros/humble/lib:/usr/lib/x86_64-linux-gnu/gazebo-11/plugins /usr/bin/cmake --build /home/user/create_ws/build/create_robot -- -j8 -l8
[1.367s] DEBUG:colcon.colcon_core.event_handler.log_command:Invoked command in '/home/user/create_ws/build/create_robot' returned '0': CMAKE_PREFIX_PATH=/home/user/create_ws/install/create_bringup:/home/user/create_ws/install/create_driver:/home/user/create_ws/install/libcreate:/home/user/create_ws/install/create_msgs:/home/user/create_ws/install/create_description:/home/user/create3_examples_ws/install/create3_republisher:/home/user/create3_examples_ws/install/create3_lidar_slam:/home/user/create3_examples_ws/install/create3_coverage:/home/user/create3_examples_ws/install/create3_examples_msgs:/home/user/create_ws/install/create_robot:/home/user/launch_ws/install/py_launch_example:/home/user/create3_examples_ws/install/create3_teleop:/home/user/create3_examples_ws/install/create3_examples_py:/home/user/sweepbot_ws/install/sweepbot:/opt/ros/humble LD_LIBRARY_PATH=/home/user/create_ws/install/libcreate/lib:/home/user/create_ws/install/create_msgs/lib:/home/user/create3_examples_ws/install/create3_coverage/lib:/home/user/create3_examples_ws/install/create3_examples_msgs/lib:/usr/lib/x86_64-linux-gnu/gazebo-11/plugins:/opt/ros/humble/opt/rviz_ogre_vendor/lib:/opt/ros/humble/lib/x86_64-linux-gnu:/opt/ros/humble/lib:/usr/lib/x86_64-linux-gnu/gazebo-11/plugins /usr/bin/cmake --build /home/user/create_ws/build/create_robot -- -j8 -l8
[1.368s] DEBUG:colcon.colcon_core.event_handler.log_command:Invoking command in '/home/user/create_ws/build/create_robot': CMAKE_PREFIX_PATH=/home/user/create_ws/install/create_bringup:/home/user/create_ws/install/create_driver:/home/user/create_ws/install/libcreate:/home/user/create_ws/install/create_msgs:/home/user/create_ws/install/create_description:/home/user/create3_examples_ws/install/create3_republisher:/home/user/create3_examples_ws/install/create3_lidar_slam:/home/user/create3_examples_ws/install/create3_coverage:/home/user/create3_examples_ws/install/create3_examples_msgs:/home/user/create_ws/install/create_robot:/home/user/launch_ws/install/py_launch_example:/home/user/create3_examples_ws/install/create3_teleop:/home/user/create3_examples_ws/install/create3_examples_py:/home/user/sweepbot_ws/install/sweepbot:/opt/ros/humble LD_LIBRARY_PATH=/home/user/create_ws/install/libcreate/lib:/home/user/create_ws/install/create_msgs/lib:/home/user/create3_examples_ws/install/create3_coverage/lib:/home/user/create3_examples_ws/install/create3_examples_msgs/lib:/usr/lib/x86_64-linux-gnu/gazebo-11/plugins:/opt/ros/humble/opt/rviz_ogre_vendor/lib:/opt/ros/humble/lib/x86_64-linux-gnu:/opt/ros/humble/lib:/usr/lib/x86_64-linux-gnu/gazebo-11/plugins /usr/bin/cmake --install /home/user/create_ws/build/create_robot
[1.378s] Level 1:colcon.colcon_core.environment:create_environment_scripts_only(create_robot)
[1.379s] Level 1:colcon.colcon_core.environment:checking '/home/user/create_ws/install/create_robot' for CMake module files
[1.379s] DEBUG:colcon.colcon_core.event_handler.log_command:Invoked command in '/home/user/create_ws/build/create_robot' returned '0': CMAKE_PREFIX_PATH=/home/user/create_ws/install/create_bringup:/home/user/create_ws/install/create_driver:/home/user/create_ws/install/libcreate:/home/user/create_ws/install/create_msgs:/home/user/create_ws/install/create_description:/home/user/create3_examples_ws/install/create3_republisher:/home/user/create3_examples_ws/install/create3_lidar_slam:/home/user/create3_examples_ws/install/create3_coverage:/home/user/create3_examples_ws/install/create3_examples_msgs:/home/user/create_ws/install/create_robot:/home/user/launch_ws/install/py_launch_example:/home/user/create3_examples_ws/install/create3_teleop:/home/user/create3_examples_ws/install/create3_examples_py:/home/user/sweepbot_ws/install/sweepbot:/opt/ros/humble LD_LIBRARY_PATH=/home/user/create_ws/install/libcreate/lib:/home/user/create_ws/install/create_msgs/lib:/home/user/create3_examples_ws/install/create3_coverage/lib:/home/user/create3_examples_ws/install/create3_examples_msgs/lib:/usr/lib/x86_64-linux-gnu/gazebo-11/plugins:/opt/ros/humble/opt/rviz_ogre_vendor/lib:/opt/ros/humble/lib/x86_64-linux-gnu:/opt/ros/humble/lib:/usr/lib/x86_64-linux-gnu/gazebo-11/plugins /usr/bin/cmake --install /home/user/create_ws/build/create_robot
[1.379s] Level 1:colcon.colcon_core.environment:checking '/home/user/create_ws/install/create_robot' for CMake config files
[1.380s] Level 1:colcon.colcon_core.shell:create_environment_hook('create_robot', 'cmake_prefix_path')
[1.380s] INFO:colcon.colcon_core.shell:Creating environment hook '/home/user/create_ws/install/create_robot/share/create_robot/hook/cmake_prefix_path.ps1'
[1.380s] INFO:colcon.colcon_core.shell:Creating environment descriptor '/home/user/create_ws/install/create_robot/share/create_robot/hook/cmake_prefix_path.dsv'
[1.381s] INFO:colcon.colcon_core.shell:Creating environment hook '/home/user/create_ws/install/create_robot/share/create_robot/hook/cmake_prefix_path.sh'
[1.381s] Level 1:colcon.colcon_core.environment:checking '/home/user/create_ws/install/create_robot/bin'
[1.381s] Level 1:colcon.colcon_core.environment:checking '/home/user/create_ws/install/create_robot/lib/pkgconfig/create_robot.pc'
[1.382s] Level 1:colcon.colcon_core.environment:checking '/home/user/create_ws/install/create_robot/lib/python3.10/site-packages'
[1.382s] Level 1:colcon.colcon_core.environment:checking '/home/user/create_ws/install/create_robot/bin'
[1.382s] INFO:colcon.colcon_core.shell:Creating package script '/home/user/create_ws/install/create_robot/share/create_robot/package.ps1'
[1.382s] INFO:colcon.colcon_core.shell:Creating package descriptor '/home/user/create_ws/install/create_robot/share/create_robot/package.dsv'
[1.383s] INFO:colcon.colcon_core.shell:Creating package script '/home/user/create_ws/install/create_robot/share/create_robot/package.sh'
[1.383s] INFO:colcon.colcon_core.shell:Creating package script '/home/user/create_ws/install/create_robot/share/create_robot/package.bash'
[1.384s] INFO:colcon.colcon_core.shell:Creating package script '/home/user/create_ws/install/create_robot/share/create_robot/package.zsh'
[1.384s] Level 1:colcon.colcon_core.environment:create_file_with_runtime_dependencies(/home/user/create_ws/install/create_robot/share/colcon-core/packages/create_robot)
[1.385s] Level 1:colcon.colcon_core.environment:create_environment_scripts_only(create_robot)
[1.385s] Level 1:colcon.colcon_core.environment:checking '/home/user/create_ws/install/create_robot' for CMake module files
[1.385s] Level 1:colcon.colcon_core.environment:checking '/home/user/create_ws/install/create_robot' for CMake config files
[1.385s] Level 1:colcon.colcon_core.shell:create_environment_hook('create_robot', 'cmake_prefix_path')
[1.386s] INFO:colcon.colcon_core.shell:Creating environment hook '/home/user/create_ws/install/create_robot/share/create_robot/hook/cmake_prefix_path.ps1'
[1.386s] INFO:colcon.colcon_core.shell:Creating environment descriptor '/home/user/create_ws/install/create_robot/share/create_robot/hook/cmake_prefix_path.dsv'
[1.386s] INFO:colcon.colcon_core.shell:Creating environment hook '/home/user/create_ws/install/create_robot/share/create_robot/hook/cmake_prefix_path.sh'
[1.387s] Level 1:colcon.colcon_core.environment:checking '/home/user/create_ws/install/create_robot/bin'
[1.387s] Level 1:colcon.colcon_core.environment:checking '/home/user/create_ws/install/create_robot/lib/pkgconfig/create_robot.pc'
[1.387s] Level 1:colcon.colcon_core.environment:checking '/home/user/create_ws/install/create_robot/lib/python3.10/site-packages'
[1.387s] Level 1:colcon.colcon_core.environment:checking '/home/user/create_ws/install/create_robot/bin'
[1.388s] INFO:colcon.colcon_core.shell:Creating package script '/home/user/create_ws/install/create_robot/share/create_robot/package.ps1'
[1.388s] INFO:colcon.colcon_core.shell:Creating package descriptor '/home/user/create_ws/install/create_robot/share/create_robot/package.dsv'
[1.389s] INFO:colcon.colcon_core.shell:Creating package script '/home/user/create_ws/install/create_robot/share/create_robot/package.sh'
[1.389s] INFO:colcon.colcon_core.shell:Creating package script '/home/user/create_ws/install/create_robot/share/create_robot/package.bash'
[1.390s] INFO:colcon.colcon_core.shell:Creating package script '/home/user/create_ws/install/create_robot/share/create_robot/package.zsh'
[1.390s] Level 1:colcon.colcon_core.environment:create_file_with_runtime_dependencies(/home/user/create_ws/install/create_robot/share/colcon-core/packages/create_robot)
[1.390s] DEBUG:colcon.colcon_parallel_executor.executor.parallel:closing loop
[1.391s] DEBUG:colcon.colcon_parallel_executor.executor.parallel:loop closed
[1.391s] DEBUG:colcon.colcon_parallel_executor.executor.parallel:run_until_complete finished with '0'
[1.391s] DEBUG:colcon.colcon_core.event_reactor:joining thread
[1.397s] INFO:colcon.colcon_core.plugin_system:Skipping extension 'colcon_notification.desktop_notification.terminal_notifier': Not used on non-Darwin systems
[1.397s] INFO:colcon.colcon_core.plugin_system:Skipping extension 'colcon_notification.desktop_notification.win32': Not used on non-Windows systems
[1.397s] INFO:colcon.colcon_notification.desktop_notification:Sending desktop notification using 'notify2'
[1.407s] DEBUG:colcon.colcon_core.event_reactor:joined thread
[1.408s] INFO:colcon.colcon_core.shell:Creating prefix script '/home/user/create_ws/install/local_setup.ps1'
[1.409s] INFO:colcon.colcon_core.shell:Creating prefix util module '/home/user/create_ws/install/_local_setup_util_ps1.py'
[1.412s] INFO:colcon.colcon_core.shell:Creating prefix chain script '/home/user/create_ws/install/setup.ps1'
[1.414s] INFO:colcon.colcon_core.shell:Creating prefix script '/home/user/create_ws/install/local_setup.sh'
[1.415s] INFO:colcon.colcon_core.shell:Creating prefix util module '/home/user/create_ws/install/_local_setup_util_sh.py'
[1.416s] INFO:colcon.colcon_core.shell:Creating prefix chain script '/home/user/create_ws/install/setup.sh'
[1.419s] INFO:colcon.colcon_core.shell:Creating prefix script '/home/user/create_ws/install/local_setup.bash'
[1.420s] INFO:colcon.colcon_core.shell:Creating prefix chain script '/home/user/create_ws/install/setup.bash'
[1.423s] INFO:colcon.colcon_core.shell:Creating prefix script '/home/user/create_ws/install/local_setup.zsh'
[1.424s] INFO:colcon.colcon_core.shell:Creating prefix chain script '/home/user/create_ws/install/setup.zsh'
