[0.133s] DEBUG:colcon:Command line arguments: ['/usr/bin/colcon', 'build']
[0.133s] DEBUG:colcon:Parsed command line arguments: Namespace(log_base=None, log_level=None, verb_name='build', build_base='build', install_base='install', merge_install=False, symlink_install=False, test_result_base=None, continue_on_error=False, executor='parallel', parallel_workers=8, event_handlers=None, ignore_user_meta=False, metas=['./colcon.meta'], base_paths=['.'], packages_ignore=None, packages_ignore_regex=None, paths=None, packages_up_to=None, packages_up_to_regex=None, packages_above=None, packages_above_and_dependencies=None, packages_above_depth=None, packages_select_by_dep=None, packages_skip_by_dep=None, packages_skip_up_to=None, packages_select_build_failed=False, packages_skip_build_finished=False, packages_select_test_failures=False, packages_skip_test_passed=False, packages_select=None, packages_skip=None, packages_select_regex=None, packages_skip_regex=None, packages_start=None, packages_end=None, allow_overriding=[], cmake_args=None, cmake_target=None, cmake_target_skip_unavailable=False, cmake_clean_cache=False, cmake_clean_first=False, cmake_force_configure=False, ament_cmake_args=None, catkin_cmake_args=None, catkin_skip_building_tests=False, mixin_files=None, mixin=None, verb_parser=<colcon_mixin.mixin.mixin_argument.MixinArgumentDecorator object at 0x743b21906350>, verb_extension=<colcon_core.verb.build.BuildVerb object at 0x743b21905de0>, main=<bound method BuildVerb.main of <colcon_core.verb.build.BuildVerb object at 0x743b21905de0>>, mixin_verb=('build',))
[0.326s] Level 1:colcon.colcon_core.package_discovery:discover_packages(colcon_meta) check parameters
[0.327s] Level 1:colcon.colcon_core.package_discovery:discover_packages(recursive) check parameters
[0.327s] Level 1:colcon.colcon_core.package_discovery:discover_packages(ignore) check parameters
[0.327s] Level 1:colcon.colcon_core.package_discovery:discover_packages(path) check parameters
[0.327s] Level 1:colcon.colcon_core.package_discovery:discover_packages(colcon_meta) discover
[0.327s] Level 1:colcon.colcon_core.package_discovery:discover_packages(recursive) discover
[0.327s] INFO:colcon.colcon_core.package_discovery:Crawling recursively for packages in '/home/user/create_ws'
[0.327s] Level 1:colcon.colcon_core.package_identification:_identify(.) by extensions ['ignore', 'ignore_ament_install']
[0.327s] Level 1:colcon.colcon_core.package_identification:_identify(.) by extension 'ignore'
[0.327s] Level 1:colcon.colcon_core.package_identification:_identify(.) by extension 'ignore_ament_install'
[0.327s] Level 1:colcon.colcon_core.package_identification:_identify(.) by extensions ['colcon_pkg']
[0.327s] Level 1:colcon.colcon_core.package_identification:_identify(.) by extension 'colcon_pkg'
[0.327s] Level 1:colcon.colcon_core.package_identification:_identify(.) by extensions ['colcon_meta']
[0.327s] Level 1:colcon.colcon_core.package_identification:_identify(.) by extension 'colcon_meta'
[0.327s] Level 1:colcon.colcon_core.package_identification:_identify(.) by extensions ['ros']
[0.327s] Level 1:colcon.colcon_core.package_identification:_identify(.) by extension 'ros'
[0.348s] Level 1:colcon.colcon_core.package_identification:_identify(.) by extensions ['cmake', 'python']
[0.348s] Level 1:colcon.colcon_core.package_identification:_identify(.) by extension 'cmake'
[0.348s] Level 1:colcon.colcon_core.package_identification:_identify(.) by extension 'python'
[0.348s] Level 1:colcon.colcon_core.package_identification:_identify(.) by extensions ['python_setup_py']
[0.348s] Level 1:colcon.colcon_core.package_identification:_identify(.) by extension 'python_setup_py'
[0.348s] Level 1:colcon.colcon_core.package_identification:_identify(build) by extensions ['ignore', 'ignore_ament_install']
[0.349s] Level 1:colcon.colcon_core.package_identification:_identify(build) by extension 'ignore'
[0.349s] Level 1:colcon.colcon_core.package_identification:_identify(build) ignored
[0.349s] Level 1:colcon.colcon_core.package_identification:_identify(install) by extensions ['ignore', 'ignore_ament_install']
[0.349s] Level 1:colcon.colcon_core.package_identification:_identify(install) by extension 'ignore'
[0.349s] Level 1:colcon.colcon_core.package_identification:_identify(install) ignored
[0.349s] Level 1:colcon.colcon_core.package_identification:_identify(log) by extensions ['ignore', 'ignore_ament_install']
[0.349s] Level 1:colcon.colcon_core.package_identification:_identify(log) by extension 'ignore'
[0.349s] Level 1:colcon.colcon_core.package_identification:_identify(log) ignored
[0.349s] Level 1:colcon.colcon_core.package_identification:_identify(src) by extensions ['ignore', 'ignore_ament_install']
[0.349s] Level 1:colcon.colcon_core.package_identification:_identify(src) by extension 'ignore'
[0.349s] Level 1:colcon.colcon_core.package_identification:_identify(src) by extension 'ignore_ament_install'
[0.349s] Level 1:colcon.colcon_core.package_identification:_identify(src) by extensions ['colcon_pkg']
[0.349s] Level 1:colcon.colcon_core.package_identification:_identify(src) by extension 'colcon_pkg'
[0.349s] Level 1:colcon.colcon_core.package_identification:_identify(src) by extensions ['colcon_meta']
[0.349s] Level 1:colcon.colcon_core.package_identification:_identify(src) by extension 'colcon_meta'
[0.349s] Level 1:colcon.colcon_core.package_identification:_identify(src) by extensions ['ros']
[0.349s] Level 1:colcon.colcon_core.package_identification:_identify(src) by extension 'ros'
[0.350s] Level 1:colcon.colcon_core.package_identification:_identify(src) by extensions ['cmake', 'python']
[0.350s] Level 1:colcon.colcon_core.package_identification:_identify(src) by extension 'cmake'
[0.350s] Level 1:colcon.colcon_core.package_identification:_identify(src) by extension 'python'
[0.350s] Level 1:colcon.colcon_core.package_identification:_identify(src) by extensions ['python_setup_py']
[0.350s] Level 1:colcon.colcon_core.package_identification:_identify(src) by extension 'python_setup_py'
[0.350s] Level 1:colcon.colcon_core.package_identification:_identify(src/create_robot) by extensions ['ignore', 'ignore_ament_install']
[0.350s] Level 1:colcon.colcon_core.package_identification:_identify(src/create_robot) by extension 'ignore'
[0.350s] Level 1:colcon.colcon_core.package_identification:_identify(src/create_robot) by extension 'ignore_ament_install'
[0.350s] Level 1:colcon.colcon_core.package_identification:_identify(src/create_robot) by extensions ['colcon_pkg']
[0.350s] Level 1:colcon.colcon_core.package_identification:_identify(src/create_robot) by extension 'colcon_pkg'
[0.350s] Level 1:colcon.colcon_core.package_identification:_identify(src/create_robot) by extensions ['colcon_meta']
[0.350s] Level 1:colcon.colcon_core.package_identification:_identify(src/create_robot) by extension 'colcon_meta'
[0.350s] Level 1:colcon.colcon_core.package_identification:_identify(src/create_robot) by extensions ['ros']
[0.350s] Level 1:colcon.colcon_core.package_identification:_identify(src/create_robot) by extension 'ros'
[0.350s] Level 1:colcon.colcon_core.package_identification:_identify(src/create_robot) by extensions ['cmake', 'python']
[0.350s] Level 1:colcon.colcon_core.package_identification:_identify(src/create_robot) by extension 'cmake'
[0.350s] Level 1:colcon.colcon_core.package_identification:_identify(src/create_robot) by extension 'python'
[0.350s] Level 1:colcon.colcon_core.package_identification:_identify(src/create_robot) by extensions ['python_setup_py']
[0.350s] Level 1:colcon.colcon_core.package_identification:_identify(src/create_robot) by extension 'python_setup_py'
[0.350s] Level 1:colcon.colcon_core.package_identification:_identify(src/create_robot/create_bringup) by extensions ['ignore', 'ignore_ament_install']
[0.350s] Level 1:colcon.colcon_core.package_identification:_identify(src/create_robot/create_bringup) by extension 'ignore'
[0.351s] Level 1:colcon.colcon_core.package_identification:_identify(src/create_robot/create_bringup) by extension 'ignore_ament_install'
[0.351s] Level 1:colcon.colcon_core.package_identification:_identify(src/create_robot/create_bringup) by extensions ['colcon_pkg']
[0.351s] Level 1:colcon.colcon_core.package_identification:_identify(src/create_robot/create_bringup) by extension 'colcon_pkg'
[0.351s] Level 1:colcon.colcon_core.package_identification:_identify(src/create_robot/create_bringup) by extensions ['colcon_meta']
[0.351s] Level 1:colcon.colcon_core.package_identification:_identify(src/create_robot/create_bringup) by extension 'colcon_meta'
[0.351s] Level 1:colcon.colcon_core.package_identification:_identify(src/create_robot/create_bringup) by extensions ['ros']
[0.351s] Level 1:colcon.colcon_core.package_identification:_identify(src/create_robot/create_bringup) by extension 'ros'
[0.354s] DEBUG:colcon.colcon_core.package_identification:Package 'src/create_robot/create_bringup' with type 'ros.ament_cmake' and name 'create_bringup'
[0.354s] Level 1:colcon.colcon_core.package_identification:_identify(src/create_robot/create_description) by extensions ['ignore', 'ignore_ament_install']
[0.354s] Level 1:colcon.colcon_core.package_identification:_identify(src/create_robot/create_description) by extension 'ignore'
[0.354s] Level 1:colcon.colcon_core.package_identification:_identify(src/create_robot/create_description) by extension 'ignore_ament_install'
[0.354s] Level 1:colcon.colcon_core.package_identification:_identify(src/create_robot/create_description) by extensions ['colcon_pkg']
[0.354s] Level 1:colcon.colcon_core.package_identification:_identify(src/create_robot/create_description) by extension 'colcon_pkg'
[0.354s] Level 1:colcon.colcon_core.package_identification:_identify(src/create_robot/create_description) by extensions ['colcon_meta']
[0.354s] Level 1:colcon.colcon_core.package_identification:_identify(src/create_robot/create_description) by extension 'colcon_meta'
[0.354s] Level 1:colcon.colcon_core.package_identification:_identify(src/create_robot/create_description) by extensions ['ros']
[0.354s] Level 1:colcon.colcon_core.package_identification:_identify(src/create_robot/create_description) by extension 'ros'
[0.355s] DEBUG:colcon.colcon_core.package_identification:Package 'src/create_robot/create_description' with type 'ros.ament_cmake' and name 'create_description'
[0.355s] Level 1:colcon.colcon_core.package_identification:_identify(src/create_robot/create_driver) by extensions ['ignore', 'ignore_ament_install']
[0.355s] Level 1:colcon.colcon_core.package_identification:_identify(src/create_robot/create_driver) by extension 'ignore'
[0.355s] Level 1:colcon.colcon_core.package_identification:_identify(src/create_robot/create_driver) by extension 'ignore_ament_install'
[0.356s] Level 1:colcon.colcon_core.package_identification:_identify(src/create_robot/create_driver) by extensions ['colcon_pkg']
[0.356s] Level 1:colcon.colcon_core.package_identification:_identify(src/create_robot/create_driver) by extension 'colcon_pkg'
[0.356s] Level 1:colcon.colcon_core.package_identification:_identify(src/create_robot/create_driver) by extensions ['colcon_meta']
[0.356s] Level 1:colcon.colcon_core.package_identification:_identify(src/create_robot/create_driver) by extension 'colcon_meta'
[0.356s] Level 1:colcon.colcon_core.package_identification:_identify(src/create_robot/create_driver) by extensions ['ros']
[0.356s] Level 1:colcon.colcon_core.package_identification:_identify(src/create_robot/create_driver) by extension 'ros'
[0.357s] DEBUG:colcon.colcon_core.package_identification:Package 'src/create_robot/create_driver' with type 'ros.ament_cmake' and name 'create_driver'
[0.357s] Level 1:colcon.colcon_core.package_identification:_identify(src/create_robot/create_msgs) by extensions ['ignore', 'ignore_ament_install']
[0.357s] Level 1:colcon.colcon_core.package_identification:_identify(src/create_robot/create_msgs) by extension 'ignore'
[0.357s] Level 1:colcon.colcon_core.package_identification:_identify(src/create_robot/create_msgs) by extension 'ignore_ament_install'
[0.357s] Level 1:colcon.colcon_core.package_identification:_identify(src/create_robot/create_msgs) by extensions ['colcon_pkg']
[0.357s] Level 1:colcon.colcon_core.package_identification:_identify(src/create_robot/create_msgs) by extension 'colcon_pkg'
[0.357s] Level 1:colcon.colcon_core.package_identification:_identify(src/create_robot/create_msgs) by extensions ['colcon_meta']
[0.357s] Level 1:colcon.colcon_core.package_identification:_identify(src/create_robot/create_msgs) by extension 'colcon_meta'
[0.358s] Level 1:colcon.colcon_core.package_identification:_identify(src/create_robot/create_msgs) by extensions ['ros']
[0.358s] Level 1:colcon.colcon_core.package_identification:_identify(src/create_robot/create_msgs) by extension 'ros'
[0.358s] DEBUG:colcon.colcon_core.package_identification:Package 'src/create_robot/create_msgs' with type 'ros.ament_cmake' and name 'create_msgs'
[0.358s] Level 1:colcon.colcon_core.package_identification:_identify(src/create_robot/create_robot) by extensions ['ignore', 'ignore_ament_install']
[0.358s] Level 1:colcon.colcon_core.package_identification:_identify(src/create_robot/create_robot) by extension 'ignore'
[0.358s] Level 1:colcon.colcon_core.package_identification:_identify(src/create_robot/create_robot) by extension 'ignore_ament_install'
[0.359s] Level 1:colcon.colcon_core.package_identification:_identify(src/create_robot/create_robot) by extensions ['colcon_pkg']
[0.359s] Level 1:colcon.colcon_core.package_identification:_identify(src/create_robot/create_robot) by extension 'colcon_pkg'
[0.359s] Level 1:colcon.colcon_core.package_identification:_identify(src/create_robot/create_robot) by extensions ['colcon_meta']
[0.359s] Level 1:colcon.colcon_core.package_identification:_identify(src/create_robot/create_robot) by extension 'colcon_meta'
[0.359s] Level 1:colcon.colcon_core.package_identification:_identify(src/create_robot/create_robot) by extensions ['ros']
[0.359s] Level 1:colcon.colcon_core.package_identification:_identify(src/create_robot/create_robot) by extension 'ros'
[0.359s] DEBUG:colcon.colcon_core.package_identification:Package 'src/create_robot/create_robot' with type 'ros.ament_cmake' and name 'create_robot'
[0.359s] Level 1:colcon.colcon_core.package_identification:_identify(src/libcreate) by extensions ['ignore', 'ignore_ament_install']
[0.360s] Level 1:colcon.colcon_core.package_identification:_identify(src/libcreate) by extension 'ignore'
[0.360s] Level 1:colcon.colcon_core.package_identification:_identify(src/libcreate) by extension 'ignore_ament_install'
[0.360s] Level 1:colcon.colcon_core.package_identification:_identify(src/libcreate) by extensions ['colcon_pkg']
[0.360s] Level 1:colcon.colcon_core.package_identification:_identify(src/libcreate) by extension 'colcon_pkg'
[0.360s] Level 1:colcon.colcon_core.package_identification:_identify(src/libcreate) by extensions ['colcon_meta']
[0.360s] Level 1:colcon.colcon_core.package_identification:_identify(src/libcreate) by extension 'colcon_meta'
[0.360s] Level 1:colcon.colcon_core.package_identification:_identify(src/libcreate) by extensions ['ros']
[0.360s] Level 1:colcon.colcon_core.package_identification:_identify(src/libcreate) by extension 'ros'
[0.362s] DEBUG:colcon.colcon_core.package_identification:Package 'src/libcreate' with type 'ros.cmake' and name 'libcreate'
[0.362s] Level 1:colcon.colcon_core.package_discovery:discover_packages(recursive) using defaults
[0.362s] Level 1:colcon.colcon_core.package_discovery:discover_packages(ignore) discover
[0.362s] Level 1:colcon.colcon_core.package_discovery:discover_packages(ignore) using defaults
[0.362s] Level 1:colcon.colcon_core.package_discovery:discover_packages(path) discover
[0.362s] Level 1:colcon.colcon_core.package_discovery:discover_packages(path) using defaults
[0.384s] Level 1:colcon.colcon_core.package_discovery:discover_packages(prefix_path) check parameters
[0.384s] Level 1:colcon.colcon_core.package_discovery:discover_packages(prefix_path) discover
[0.388s] DEBUG:colcon.colcon_installed_package_information.package_discovery:Found 6 installed packages in /home/user/create3_examples_ws/install
[0.389s] DEBUG:colcon.colcon_installed_package_information.package_discovery:Found 7 installed packages in /home/user/create_ws/install
[0.389s] DEBUG:colcon.colcon_installed_package_information.package_discovery:Found 2 installed packages in /home/user/sweepbot_ws/install
[0.390s] DEBUG:colcon.colcon_installed_package_information.package_discovery:Found 1 installed packages in /home/user/launch_ws/install
[0.391s] DEBUG:colcon.colcon_installed_package_information.package_discovery:Found 346 installed packages in /opt/ros/humble
[0.393s] Level 1:colcon.colcon_core.package_discovery:discover_packages(prefix_path) using defaults
[0.434s] Level 5:colcon.colcon_core.verb:set package 'create_description' build argument 'cmake_args' from command line to 'None'
[0.435s] Level 5:colcon.colcon_core.verb:set package 'create_description' build argument 'cmake_target' from command line to 'None'
[0.435s] Level 5:colcon.colcon_core.verb:set package 'create_description' build argument 'cmake_target_skip_unavailable' from command line to 'False'
[0.435s] Level 5:colcon.colcon_core.verb:set package 'create_description' build argument 'cmake_clean_cache' from command line to 'False'
[0.435s] Level 5:colcon.colcon_core.verb:set package 'create_description' build argument 'cmake_clean_first' from command line to 'False'
[0.435s] Level 5:colcon.colcon_core.verb:set package 'create_description' build argument 'cmake_force_configure' from command line to 'False'
[0.435s] Level 5:colcon.colcon_core.verb:set package 'create_description' build argument 'ament_cmake_args' from command line to 'None'
[0.435s] Level 5:colcon.colcon_core.verb:set package 'create_description' build argument 'catkin_cmake_args' from command line to 'None'
[0.435s] Level 5:colcon.colcon_core.verb:set package 'create_description' build argument 'catkin_skip_building_tests' from command line to 'False'
[0.435s] DEBUG:colcon.colcon_core.verb:Building package 'create_description' with the following arguments: {'ament_cmake_args': None, 'build_base': '/home/user/create_ws/build/create_description', 'catkin_cmake_args': None, 'catkin_skip_building_tests': False, 'cmake_args': None, 'cmake_clean_cache': False, 'cmake_clean_first': False, 'cmake_force_configure': False, 'cmake_target': None, 'cmake_target_skip_unavailable': False, 'install_base': '/home/user/create_ws/install/create_description', 'merge_install': False, 'path': '/home/user/create_ws/src/create_robot/create_description', 'symlink_install': False, 'test_result_base': None}
[0.435s] Level 5:colcon.colcon_core.verb:set package 'create_msgs' build argument 'cmake_args' from command line to 'None'
[0.435s] Level 5:colcon.colcon_core.verb:set package 'create_msgs' build argument 'cmake_target' from command line to 'None'
[0.435s] Level 5:colcon.colcon_core.verb:set package 'create_msgs' build argument 'cmake_target_skip_unavailable' from command line to 'False'
[0.435s] Level 5:colcon.colcon_core.verb:set package 'create_msgs' build argument 'cmake_clean_cache' from command line to 'False'
[0.435s] Level 5:colcon.colcon_core.verb:set package 'create_msgs' build argument 'cmake_clean_first' from command line to 'False'
[0.435s] Level 5:colcon.colcon_core.verb:set package 'create_msgs' build argument 'cmake_force_configure' from command line to 'False'
[0.435s] Level 5:colcon.colcon_core.verb:set package 'create_msgs' build argument 'ament_cmake_args' from command line to 'None'
[0.435s] Level 5:colcon.colcon_core.verb:set package 'create_msgs' build argument 'catkin_cmake_args' from command line to 'None'
[0.435s] Level 5:colcon.colcon_core.verb:set package 'create_msgs' build argument 'catkin_skip_building_tests' from command line to 'False'
[0.435s] DEBUG:colcon.colcon_core.verb:Building package 'create_msgs' with the following arguments: {'ament_cmake_args': None, 'build_base': '/home/user/create_ws/build/create_msgs', 'catkin_cmake_args': None, 'catkin_skip_building_tests': False, 'cmake_args': None, 'cmake_clean_cache': False, 'cmake_clean_first': False, 'cmake_force_configure': False, 'cmake_target': None, 'cmake_target_skip_unavailable': False, 'install_base': '/home/user/create_ws/install/create_msgs', 'merge_install': False, 'path': '/home/user/create_ws/src/create_robot/create_msgs', 'symlink_install': False, 'test_result_base': None}
[0.436s] Level 5:colcon.colcon_core.verb:set package 'libcreate' build argument 'cmake_args' from command line to 'None'
[0.436s] Level 5:colcon.colcon_core.verb:set package 'libcreate' build argument 'cmake_target' from command line to 'None'
[0.436s] Level 5:colcon.colcon_core.verb:set package 'libcreate' build argument 'cmake_target_skip_unavailable' from command line to 'False'
[0.436s] Level 5:colcon.colcon_core.verb:set package 'libcreate' build argument 'cmake_clean_cache' from command line to 'False'
[0.436s] Level 5:colcon.colcon_core.verb:set package 'libcreate' build argument 'cmake_clean_first' from command line to 'False'
[0.436s] Level 5:colcon.colcon_core.verb:set package 'libcreate' build argument 'cmake_force_configure' from command line to 'False'
[0.436s] Level 5:colcon.colcon_core.verb:set package 'libcreate' build argument 'ament_cmake_args' from command line to 'None'
[0.436s] Level 5:colcon.colcon_core.verb:set package 'libcreate' build argument 'catkin_cmake_args' from command line to 'None'
[0.436s] Level 5:colcon.colcon_core.verb:set package 'libcreate' build argument 'catkin_skip_building_tests' from command line to 'False'
[0.436s] DEBUG:colcon.colcon_core.verb:Building package 'libcreate' with the following arguments: {'ament_cmake_args': None, 'build_base': '/home/user/create_ws/build/libcreate', 'catkin_cmake_args': None, 'catkin_skip_building_tests': False, 'cmake_args': None, 'cmake_clean_cache': False, 'cmake_clean_first': False, 'cmake_force_configure': False, 'cmake_target': None, 'cmake_target_skip_unavailable': False, 'install_base': '/home/user/create_ws/install/libcreate', 'merge_install': False, 'path': '/home/user/create_ws/src/libcreate', 'symlink_install': False, 'test_result_base': None}
[0.436s] Level 5:colcon.colcon_core.verb:set package 'create_driver' build argument 'cmake_args' from command line to 'None'
[0.436s] Level 5:colcon.colcon_core.verb:set package 'create_driver' build argument 'cmake_target' from command line to 'None'
[0.436s] Level 5:colcon.colcon_core.verb:set package 'create_driver' build argument 'cmake_target_skip_unavailable' from command line to 'False'
[0.436s] Level 5:colcon.colcon_core.verb:set package 'create_driver' build argument 'cmake_clean_cache' from command line to 'False'
[0.436s] Level 5:colcon.colcon_core.verb:set package 'create_driver' build argument 'cmake_clean_first' from command line to 'False'
[0.436s] Level 5:colcon.colcon_core.verb:set package 'create_driver' build argument 'cmake_force_configure' from command line to 'False'
[0.436s] Level 5:colcon.colcon_core.verb:set package 'create_driver' build argument 'ament_cmake_args' from command line to 'None'
[0.436s] Level 5:colcon.colcon_core.verb:set package 'create_driver' build argument 'catkin_cmake_args' from command line to 'None'
[0.436s] Level 5:colcon.colcon_core.verb:set package 'create_driver' build argument 'catkin_skip_building_tests' from command line to 'False'
[0.436s] DEBUG:colcon.colcon_core.verb:Building package 'create_driver' with the following arguments: {'ament_cmake_args': None, 'build_base': '/home/user/create_ws/build/create_driver', 'catkin_cmake_args': None, 'catkin_skip_building_tests': False, 'cmake_args': None, 'cmake_clean_cache': False, 'cmake_clean_first': False, 'cmake_force_configure': False, 'cmake_target': None, 'cmake_target_skip_unavailable': False, 'install_base': '/home/user/create_ws/install/create_driver', 'merge_install': False, 'path': '/home/user/create_ws/src/create_robot/create_driver', 'symlink_install': False, 'test_result_base': None}
[0.437s] Level 5:colcon.colcon_core.verb:set package 'create_bringup' build argument 'cmake_args' from command line to 'None'
[0.437s] Level 5:colcon.colcon_core.verb:set package 'create_bringup' build argument 'cmake_target' from command line to 'None'
[0.437s] Level 5:colcon.colcon_core.verb:set package 'create_bringup' build argument 'cmake_target_skip_unavailable' from command line to 'False'
[0.437s] Level 5:colcon.colcon_core.verb:set package 'create_bringup' build argument 'cmake_clean_cache' from command line to 'False'
[0.437s] Level 5:colcon.colcon_core.verb:set package 'create_bringup' build argument 'cmake_clean_first' from command line to 'False'
[0.437s] Level 5:colcon.colcon_core.verb:set package 'create_bringup' build argument 'cmake_force_configure' from command line to 'False'
[0.437s] Level 5:colcon.colcon_core.verb:set package 'create_bringup' build argument 'ament_cmake_args' from command line to 'None'
[0.437s] Level 5:colcon.colcon_core.verb:set package 'create_bringup' build argument 'catkin_cmake_args' from command line to 'None'
[0.437s] Level 5:colcon.colcon_core.verb:set package 'create_bringup' build argument 'catkin_skip_building_tests' from command line to 'False'
[0.437s] DEBUG:colcon.colcon_core.verb:Building package 'create_bringup' with the following arguments: {'ament_cmake_args': None, 'build_base': '/home/user/create_ws/build/create_bringup', 'catkin_cmake_args': None, 'catkin_skip_building_tests': False, 'cmake_args': None, 'cmake_clean_cache': False, 'cmake_clean_first': False, 'cmake_force_configure': False, 'cmake_target': None, 'cmake_target_skip_unavailable': False, 'install_base': '/home/user/create_ws/install/create_bringup', 'merge_install': False, 'path': '/home/user/create_ws/src/create_robot/create_bringup', 'symlink_install': False, 'test_result_base': None}
[0.437s] Level 5:colcon.colcon_core.verb:set package 'create_robot' build argument 'cmake_args' from command line to 'None'
[0.437s] Level 5:colcon.colcon_core.verb:set package 'create_robot' build argument 'cmake_target' from command line to 'None'
[0.437s] Level 5:colcon.colcon_core.verb:set package 'create_robot' build argument 'cmake_target_skip_unavailable' from command line to 'False'
[0.437s] Level 5:colcon.colcon_core.verb:set package 'create_robot' build argument 'cmake_clean_cache' from command line to 'False'
[0.437s] Level 5:colcon.colcon_core.verb:set package 'create_robot' build argument 'cmake_clean_first' from command line to 'False'
[0.437s] Level 5:colcon.colcon_core.verb:set package 'create_robot' build argument 'cmake_force_configure' from command line to 'False'
[0.437s] Level 5:colcon.colcon_core.verb:set package 'create_robot' build argument 'ament_cmake_args' from command line to 'None'
[0.437s] Level 5:colcon.colcon_core.verb:set package 'create_robot' build argument 'catkin_cmake_args' from command line to 'None'
[0.437s] Level 5:colcon.colcon_core.verb:set package 'create_robot' build argument 'catkin_skip_building_tests' from command line to 'False'
[0.437s] DEBUG:colcon.colcon_core.verb:Building package 'create_robot' with the following arguments: {'ament_cmake_args': None, 'build_base': '/home/user/create_ws/build/create_robot', 'catkin_cmake_args': None, 'catkin_skip_building_tests': False, 'cmake_args': None, 'cmake_clean_cache': False, 'cmake_clean_first': False, 'cmake_force_configure': False, 'cmake_target': None, 'cmake_target_skip_unavailable': False, 'install_base': '/home/user/create_ws/install/create_robot', 'merge_install': False, 'path': '/home/user/create_ws/src/create_robot/create_robot', 'symlink_install': False, 'test_result_base': None}
[0.438s] INFO:colcon.colcon_core.executor:Executing jobs using 'parallel' executor
[0.438s] DEBUG:colcon.colcon_parallel_executor.executor.parallel:run_until_complete
[0.439s] INFO:colcon.colcon_ros.task.ament_cmake.build:Building ROS package in '/home/user/create_ws/src/create_robot/create_msgs' with build type 'ament_cmake'
[0.439s] INFO:colcon.colcon_cmake.task.cmake.build:Building CMake package in '/home/user/create_ws/src/create_robot/create_msgs'
[0.443s] INFO:colcon.colcon_core.plugin_system:Skipping extension 'colcon_core.shell.bat': Not used on non-Windows systems
[0.443s] INFO:colcon.colcon_core.shell:Skip shell extension 'powershell' for command environment: Not usable outside of PowerShell
[0.443s] DEBUG:colcon.colcon_core.shell:Skip shell extension 'dsv' for command environment
[0.448s] INFO:colcon.colcon_ros.task.cmake.build:Building ROS package in '/home/user/create_ws/src/libcreate' with build type 'cmake'
[0.448s] INFO:colcon.colcon_cmake.task.cmake.build:Building CMake package in '/home/user/create_ws/src/libcreate'
[0.448s] INFO:colcon.colcon_core.shell:Skip shell extension 'powershell' for command environment: Not usable outside of PowerShell
[0.448s] DEBUG:colcon.colcon_core.shell:Skip shell extension 'dsv' for command environment
[0.455s] INFO:colcon.colcon_ros.task.ament_cmake.build:Building ROS package in '/home/user/create_ws/src/create_robot/create_description' with build type 'ament_cmake'
[0.455s] INFO:colcon.colcon_cmake.task.cmake.build:Building CMake package in '/home/user/create_ws/src/create_robot/create_description'
[0.455s] INFO:colcon.colcon_core.shell:Skip shell extension 'powershell' for command environment: Not usable outside of PowerShell
[0.455s] DEBUG:colcon.colcon_core.shell:Skip shell extension 'dsv' for command environment
[0.465s] DEBUG:colcon.colcon_core.event_handler.log_command:Invoking command in '/home/user/create_ws/build/create_msgs': CMAKE_PREFIX_PATH=${CMAKE_PREFIX_PATH}:/home/user/launch_ws/install/py_launch_example:/home/user/create3_examples_ws/install/create3_teleop:/home/user/create3_examples_ws/install/create3_examples_py:/home/user/sweepbot_ws/install/sweepbot:/home/user/sweepbot_ws/install/custom_explorer:/opt/ros/humble /usr/bin/cmake --build /home/user/create_ws/build/create_msgs -- -j8 -l8
[0.471s] DEBUG:colcon.colcon_core.event_handler.log_command:Invoking command in '/home/user/create_ws/build/libcreate': CMAKE_PREFIX_PATH=${CMAKE_PREFIX_PATH}:/home/user/launch_ws/install/py_launch_example:/home/user/create3_examples_ws/install/create3_teleop:/home/user/create3_examples_ws/install/create3_examples_py:/home/user/sweepbot_ws/install/sweepbot:/home/user/sweepbot_ws/install/custom_explorer:/opt/ros/humble /usr/bin/cmake --build /home/user/create_ws/build/libcreate -- -j8 -l8
[0.476s] DEBUG:colcon.colcon_core.event_handler.log_command:Invoking command in '/home/user/create_ws/build/create_description': CMAKE_PREFIX_PATH=${CMAKE_PREFIX_PATH}:/home/user/launch_ws/install/py_launch_example:/home/user/create3_examples_ws/install/create3_teleop:/home/user/create3_examples_ws/install/create3_examples_py:/home/user/sweepbot_ws/install/sweepbot:/home/user/sweepbot_ws/install/custom_explorer:/opt/ros/humble /usr/bin/cmake --build /home/user/create_ws/build/create_description -- -j8 -l8
[0.534s] DEBUG:colcon.colcon_core.event_handler.log_command:Invoked command in '/home/user/create_ws/build/create_description' returned '0': CMAKE_PREFIX_PATH=${CMAKE_PREFIX_PATH}:/home/user/launch_ws/install/py_launch_example:/home/user/create3_examples_ws/install/create3_teleop:/home/user/create3_examples_ws/install/create3_examples_py:/home/user/sweepbot_ws/install/sweepbot:/home/user/sweepbot_ws/install/custom_explorer:/opt/ros/humble /usr/bin/cmake --build /home/user/create_ws/build/create_description -- -j8 -l8
[0.546s] DEBUG:colcon.colcon_core.event_handler.log_command:Invoking command in '/home/user/create_ws/build/create_description': CMAKE_PREFIX_PATH=${CMAKE_PREFIX_PATH}:/home/user/launch_ws/install/py_launch_example:/home/user/create3_examples_ws/install/create3_teleop:/home/user/create3_examples_ws/install/create3_examples_py:/home/user/sweepbot_ws/install/sweepbot:/home/user/sweepbot_ws/install/custom_explorer:/opt/ros/humble /usr/bin/cmake --install /home/user/create_ws/build/create_description
[0.562s] Level 1:colcon.colcon_core.environment:create_environment_scripts_only(create_description)
[0.564s] DEBUG:colcon.colcon_core.event_handler.log_command:Invoked command in '/home/user/create_ws/build/create_description' returned '0': CMAKE_PREFIX_PATH=${CMAKE_PREFIX_PATH}:/home/user/launch_ws/install/py_launch_example:/home/user/create3_examples_ws/install/create3_teleop:/home/user/create3_examples_ws/install/create3_examples_py:/home/user/sweepbot_ws/install/sweepbot:/home/user/sweepbot_ws/install/custom_explorer:/opt/ros/humble /usr/bin/cmake --install /home/user/create_ws/build/create_description
[0.571s] Level 1:colcon.colcon_core.environment:checking '/home/user/create_ws/install/create_description' for CMake module files
[0.572s] Level 1:colcon.colcon_core.environment:checking '/home/user/create_ws/install/create_description' for CMake config files
[0.572s] Level 1:colcon.colcon_core.shell:create_environment_hook('create_description', 'cmake_prefix_path')
[0.573s] INFO:colcon.colcon_core.shell:Creating environment hook '/home/user/create_ws/install/create_description/share/create_description/hook/cmake_prefix_path.ps1'
[0.574s] INFO:colcon.colcon_core.shell:Creating environment descriptor '/home/user/create_ws/install/create_description/share/create_description/hook/cmake_prefix_path.dsv'
[0.575s] INFO:colcon.colcon_core.shell:Creating environment hook '/home/user/create_ws/install/create_description/share/create_description/hook/cmake_prefix_path.sh'
[0.577s] Level 1:colcon.colcon_core.environment:checking '/home/user/create_ws/install/create_description/bin'
[0.577s] Level 1:colcon.colcon_core.environment:checking '/home/user/create_ws/install/create_description/lib/pkgconfig/create_description.pc'
[0.578s] Level 1:colcon.colcon_core.environment:checking '/home/user/create_ws/install/create_description/lib/python3.10/site-packages'
[0.578s] Level 1:colcon.colcon_core.environment:checking '/home/user/create_ws/install/create_description/bin'
[0.579s] INFO:colcon.colcon_core.shell:Creating package script '/home/user/create_ws/install/create_description/share/create_description/package.ps1'
[0.581s] INFO:colcon.colcon_core.shell:Creating package descriptor '/home/user/create_ws/install/create_description/share/create_description/package.dsv'
[0.582s] INFO:colcon.colcon_core.shell:Creating package script '/home/user/create_ws/install/create_description/share/create_description/package.sh'
[0.584s] INFO:colcon.colcon_core.shell:Creating package script '/home/user/create_ws/install/create_description/share/create_description/package.bash'
[0.586s] INFO:colcon.colcon_core.shell:Creating package script '/home/user/create_ws/install/create_description/share/create_description/package.zsh'
[0.587s] Level 1:colcon.colcon_core.environment:create_file_with_runtime_dependencies(/home/user/create_ws/install/create_description/share/colcon-core/packages/create_description)
[0.589s] Level 1:colcon.colcon_core.environment:create_environment_scripts_only(create_description)
[0.589s] Level 1:colcon.colcon_core.environment:checking '/home/user/create_ws/install/create_description' for CMake module files
[0.590s] Level 1:colcon.colcon_core.environment:checking '/home/user/create_ws/install/create_description' for CMake config files
[0.590s] Level 1:colcon.colcon_core.shell:create_environment_hook('create_description', 'cmake_prefix_path')
[0.591s] INFO:colcon.colcon_core.shell:Creating environment hook '/home/user/create_ws/install/create_description/share/create_description/hook/cmake_prefix_path.ps1'
[0.592s] INFO:colcon.colcon_core.shell:Creating environment descriptor '/home/user/create_ws/install/create_description/share/create_description/hook/cmake_prefix_path.dsv'
[0.592s] INFO:colcon.colcon_core.shell:Creating environment hook '/home/user/create_ws/install/create_description/share/create_description/hook/cmake_prefix_path.sh'
[0.593s] Level 1:colcon.colcon_core.environment:checking '/home/user/create_ws/install/create_description/bin'
[0.594s] Level 1:colcon.colcon_core.environment:checking '/home/user/create_ws/install/create_description/lib/pkgconfig/create_description.pc'
[0.594s] Level 1:colcon.colcon_core.environment:checking '/home/user/create_ws/install/create_description/lib/python3.10/site-packages'
[0.595s] Level 1:colcon.colcon_core.environment:checking '/home/user/create_ws/install/create_description/bin'
[0.595s] INFO:colcon.colcon_core.shell:Creating package script '/home/user/create_ws/install/create_description/share/create_description/package.ps1'
[0.597s] INFO:colcon.colcon_core.shell:Creating package descriptor '/home/user/create_ws/install/create_description/share/create_description/package.dsv'
[0.598s] INFO:colcon.colcon_core.shell:Creating package script '/home/user/create_ws/install/create_description/share/create_description/package.sh'
[0.599s] INFO:colcon.colcon_core.shell:Creating package script '/home/user/create_ws/install/create_description/share/create_description/package.bash'
[0.599s] INFO:colcon.colcon_core.shell:Creating package script '/home/user/create_ws/install/create_description/share/create_description/package.zsh'
[0.600s] Level 1:colcon.colcon_core.environment:create_file_with_runtime_dependencies(/home/user/create_ws/install/create_description/share/colcon-core/packages/create_description)
[0.771s] DEBUG:colcon.colcon_core.event_handler.log_command:Invoked command in '/home/user/create_ws/build/libcreate' returned '0': CMAKE_PREFIX_PATH=${CMAKE_PREFIX_PATH}:/home/user/launch_ws/install/py_launch_example:/home/user/create3_examples_ws/install/create3_teleop:/home/user/create3_examples_ws/install/create3_examples_py:/home/user/sweepbot_ws/install/sweepbot:/home/user/sweepbot_ws/install/custom_explorer:/opt/ros/humble /usr/bin/cmake --build /home/user/create_ws/build/libcreate -- -j8 -l8
[0.774s] DEBUG:colcon.colcon_core.event_handler.log_command:Invoking command in '/home/user/create_ws/build/libcreate': CMAKE_PREFIX_PATH=${CMAKE_PREFIX_PATH}:/home/user/launch_ws/install/py_launch_example:/home/user/create3_examples_ws/install/create3_teleop:/home/user/create3_examples_ws/install/create3_examples_py:/home/user/sweepbot_ws/install/sweepbot:/home/user/sweepbot_ws/install/custom_explorer:/opt/ros/humble /usr/bin/cmake --install /home/user/create_ws/build/libcreate
[0.786s] DEBUG:colcon.colcon_core.event_handler.log_command:Invoked command in '/home/user/create_ws/build/libcreate' returned '0': CMAKE_PREFIX_PATH=${CMAKE_PREFIX_PATH}:/home/user/launch_ws/install/py_launch_example:/home/user/create3_examples_ws/install/create3_teleop:/home/user/create3_examples_ws/install/create3_examples_py:/home/user/sweepbot_ws/install/sweepbot:/home/user/sweepbot_ws/install/custom_explorer:/opt/ros/humble /usr/bin/cmake --install /home/user/create_ws/build/libcreate
[0.786s] Level 1:colcon.colcon_core.shell:create_environment_hook('libcreate', 'pkg_config_path')
[0.787s] INFO:colcon.colcon_core.shell:Creating environment hook '/home/user/create_ws/install/libcreate/share/libcreate/hook/pkg_config_path.ps1'
[0.787s] INFO:colcon.colcon_core.shell:Creating environment descriptor '/home/user/create_ws/install/libcreate/share/libcreate/hook/pkg_config_path.dsv'
[0.787s] INFO:colcon.colcon_core.shell:Creating environment hook '/home/user/create_ws/install/libcreate/share/libcreate/hook/pkg_config_path.sh'
[0.791s] Level 1:colcon.colcon_core.shell:create_environment_hook('libcreate', 'pkg_config_path_multiarch')
[0.791s] INFO:colcon.colcon_core.shell:Creating environment hook '/home/user/create_ws/install/libcreate/share/libcreate/hook/pkg_config_path_multiarch.ps1'
[0.792s] INFO:colcon.colcon_core.shell:Creating environment descriptor '/home/user/create_ws/install/libcreate/share/libcreate/hook/pkg_config_path_multiarch.dsv'
[0.792s] INFO:colcon.colcon_core.shell:Creating environment hook '/home/user/create_ws/install/libcreate/share/libcreate/hook/pkg_config_path_multiarch.sh'
[0.793s] Level 1:colcon.colcon_core.environment:create_environment_scripts_only(libcreate)
[0.793s] Level 1:colcon.colcon_core.environment:checking '/home/user/create_ws/install/libcreate' for CMake module files
[0.793s] Level 1:colcon.colcon_core.environment:checking '/home/user/create_ws/install/libcreate' for CMake config files
[0.793s] Level 1:colcon.colcon_core.shell:create_environment_hook('libcreate', 'cmake_prefix_path')
[0.794s] INFO:colcon.colcon_core.shell:Creating environment hook '/home/user/create_ws/install/libcreate/share/libcreate/hook/cmake_prefix_path.ps1'
[0.794s] INFO:colcon.colcon_core.shell:Creating environment descriptor '/home/user/create_ws/install/libcreate/share/libcreate/hook/cmake_prefix_path.dsv'
[0.794s] INFO:colcon.colcon_core.shell:Creating environment hook '/home/user/create_ws/install/libcreate/share/libcreate/hook/cmake_prefix_path.sh'
[0.795s] Level 1:colcon.colcon_core.environment:checking '/home/user/create_ws/install/libcreate/lib'
[0.795s] Level 1:colcon.colcon_core.shell:create_environment_hook('libcreate', 'ld_library_path_lib')
[0.795s] INFO:colcon.colcon_core.shell:Creating environment hook '/home/user/create_ws/install/libcreate/share/libcreate/hook/ld_library_path_lib.ps1'
[0.796s] INFO:colcon.colcon_core.shell:Creating environment descriptor '/home/user/create_ws/install/libcreate/share/libcreate/hook/ld_library_path_lib.dsv'
[0.796s] INFO:colcon.colcon_core.shell:Creating environment hook '/home/user/create_ws/install/libcreate/share/libcreate/hook/ld_library_path_lib.sh'
[0.796s] Level 1:colcon.colcon_core.environment:checking '/home/user/create_ws/install/libcreate/bin'
[0.796s] Level 1:colcon.colcon_core.environment:checking '/home/user/create_ws/install/libcreate/lib/pkgconfig/libcreate.pc'
[0.796s] Level 1:colcon.colcon_core.environment:checking '/home/user/create_ws/install/libcreate/lib/python3.10/site-packages'
[0.797s] Level 1:colcon.colcon_core.environment:checking '/home/user/create_ws/install/libcreate/bin'
[0.797s] INFO:colcon.colcon_core.shell:Creating package script '/home/user/create_ws/install/libcreate/share/libcreate/package.ps1'
[0.798s] INFO:colcon.colcon_core.shell:Creating package descriptor '/home/user/create_ws/install/libcreate/share/libcreate/package.dsv'
[0.798s] INFO:colcon.colcon_core.shell:Creating package script '/home/user/create_ws/install/libcreate/share/libcreate/package.sh'
[0.799s] INFO:colcon.colcon_core.shell:Creating package script '/home/user/create_ws/install/libcreate/share/libcreate/package.bash'
[0.799s] INFO:colcon.colcon_core.shell:Creating package script '/home/user/create_ws/install/libcreate/share/libcreate/package.zsh'
[0.799s] Level 1:colcon.colcon_core.environment:create_file_with_runtime_dependencies(/home/user/create_ws/install/libcreate/share/colcon-core/packages/libcreate)
[0.979s] DEBUG:colcon.colcon_core.event_handler.log_command:Invoked command in '/home/user/create_ws/build/create_msgs' returned '0': CMAKE_PREFIX_PATH=${CMAKE_PREFIX_PATH}:/home/user/launch_ws/install/py_launch_example:/home/user/create3_examples_ws/install/create3_teleop:/home/user/create3_examples_ws/install/create3_examples_py:/home/user/sweepbot_ws/install/sweepbot:/home/user/sweepbot_ws/install/custom_explorer:/opt/ros/humble /usr/bin/cmake --build /home/user/create_ws/build/create_msgs -- -j8 -l8
[0.981s] DEBUG:colcon.colcon_core.event_handler.log_command:Invoking command in '/home/user/create_ws/build/create_msgs': CMAKE_PREFIX_PATH=${CMAKE_PREFIX_PATH}:/home/user/launch_ws/install/py_launch_example:/home/user/create3_examples_ws/install/create3_teleop:/home/user/create3_examples_ws/install/create3_examples_py:/home/user/sweepbot_ws/install/sweepbot:/home/user/sweepbot_ws/install/custom_explorer:/opt/ros/humble /usr/bin/cmake --install /home/user/create_ws/build/create_msgs
[1.050s] Level 1:colcon.colcon_core.environment:create_environment_scripts_only(create_msgs)
[1.050s] Level 1:colcon.colcon_core.environment:checking '/home/user/create_ws/install/create_msgs' for CMake module files
[1.051s] DEBUG:colcon.colcon_core.event_handler.log_command:Invoked command in '/home/user/create_ws/build/create_msgs' returned '0': CMAKE_PREFIX_PATH=${CMAKE_PREFIX_PATH}:/home/user/launch_ws/install/py_launch_example:/home/user/create3_examples_ws/install/create3_teleop:/home/user/create3_examples_ws/install/create3_examples_py:/home/user/sweepbot_ws/install/sweepbot:/home/user/sweepbot_ws/install/custom_explorer:/opt/ros/humble /usr/bin/cmake --install /home/user/create_ws/build/create_msgs
[1.051s] Level 1:colcon.colcon_core.environment:checking '/home/user/create_ws/install/create_msgs' for CMake config files
[1.052s] Level 1:colcon.colcon_core.shell:create_environment_hook('create_msgs', 'cmake_prefix_path')
[1.052s] INFO:colcon.colcon_core.shell:Creating environment hook '/home/user/create_ws/install/create_msgs/share/create_msgs/hook/cmake_prefix_path.ps1'
[1.052s] INFO:colcon.colcon_core.shell:Creating environment descriptor '/home/user/create_ws/install/create_msgs/share/create_msgs/hook/cmake_prefix_path.dsv'
[1.053s] INFO:colcon.colcon_core.shell:Creating environment hook '/home/user/create_ws/install/create_msgs/share/create_msgs/hook/cmake_prefix_path.sh'
[1.053s] Level 1:colcon.colcon_core.environment:checking '/home/user/create_ws/install/create_msgs/lib'
[1.053s] Level 1:colcon.colcon_core.shell:create_environment_hook('create_msgs', 'ld_library_path_lib')
[1.053s] INFO:colcon.colcon_core.shell:Creating environment hook '/home/user/create_ws/install/create_msgs/share/create_msgs/hook/ld_library_path_lib.ps1'
[1.054s] INFO:colcon.colcon_core.shell:Creating environment descriptor '/home/user/create_ws/install/create_msgs/share/create_msgs/hook/ld_library_path_lib.dsv'
[1.054s] INFO:colcon.colcon_core.shell:Creating environment hook '/home/user/create_ws/install/create_msgs/share/create_msgs/hook/ld_library_path_lib.sh'
[1.055s] Level 1:colcon.colcon_core.environment:checking '/home/user/create_ws/install/create_msgs/bin'
[1.055s] Level 1:colcon.colcon_core.environment:checking '/home/user/create_ws/install/create_msgs/lib/pkgconfig/create_msgs.pc'
[1.055s] Level 1:colcon.colcon_core.environment:checking '/home/user/create_ws/install/create_msgs/lib/python3.10/site-packages'
[1.055s] Level 1:colcon.colcon_core.environment:checking '/home/user/create_ws/install/create_msgs/bin'
[1.055s] INFO:colcon.colcon_core.shell:Creating package script '/home/user/create_ws/install/create_msgs/share/create_msgs/package.ps1'
[1.056s] INFO:colcon.colcon_core.shell:Creating package descriptor '/home/user/create_ws/install/create_msgs/share/create_msgs/package.dsv'
[1.056s] INFO:colcon.colcon_core.shell:Creating package script '/home/user/create_ws/install/create_msgs/share/create_msgs/package.sh'
[1.057s] INFO:colcon.colcon_core.shell:Creating package script '/home/user/create_ws/install/create_msgs/share/create_msgs/package.bash'
[1.057s] INFO:colcon.colcon_core.shell:Creating package script '/home/user/create_ws/install/create_msgs/share/create_msgs/package.zsh'
[1.057s] Level 1:colcon.colcon_core.environment:create_file_with_runtime_dependencies(/home/user/create_ws/install/create_msgs/share/colcon-core/packages/create_msgs)
[1.058s] Level 1:colcon.colcon_core.environment:create_environment_scripts_only(create_msgs)
[1.058s] Level 1:colcon.colcon_core.environment:checking '/home/user/create_ws/install/create_msgs' for CMake module files
[1.059s] Level 1:colcon.colcon_core.environment:checking '/home/user/create_ws/install/create_msgs' for CMake config files
[1.059s] Level 1:colcon.colcon_core.shell:create_environment_hook('create_msgs', 'cmake_prefix_path')
[1.059s] INFO:colcon.colcon_core.shell:Creating environment hook '/home/user/create_ws/install/create_msgs/share/create_msgs/hook/cmake_prefix_path.ps1'
[1.060s] INFO:colcon.colcon_core.shell:Creating environment descriptor '/home/user/create_ws/install/create_msgs/share/create_msgs/hook/cmake_prefix_path.dsv'
[1.060s] INFO:colcon.colcon_core.shell:Creating environment hook '/home/user/create_ws/install/create_msgs/share/create_msgs/hook/cmake_prefix_path.sh'
[1.060s] Level 1:colcon.colcon_core.environment:checking '/home/user/create_ws/install/create_msgs/lib'
[1.060s] Level 1:colcon.colcon_core.shell:create_environment_hook('create_msgs', 'ld_library_path_lib')
[1.061s] INFO:colcon.colcon_core.shell:Creating environment hook '/home/user/create_ws/install/create_msgs/share/create_msgs/hook/ld_library_path_lib.ps1'
[1.061s] INFO:colcon.colcon_core.shell:Creating environment descriptor '/home/user/create_ws/install/create_msgs/share/create_msgs/hook/ld_library_path_lib.dsv'
[1.061s] INFO:colcon.colcon_core.shell:Creating environment hook '/home/user/create_ws/install/create_msgs/share/create_msgs/hook/ld_library_path_lib.sh'
[1.062s] Level 1:colcon.colcon_core.environment:checking '/home/user/create_ws/install/create_msgs/bin'
[1.062s] Level 1:colcon.colcon_core.environment:checking '/home/user/create_ws/install/create_msgs/lib/pkgconfig/create_msgs.pc'
[1.062s] Level 1:colcon.colcon_core.environment:checking '/home/user/create_ws/install/create_msgs/lib/python3.10/site-packages'
[1.062s] Level 1:colcon.colcon_core.environment:checking '/home/user/create_ws/install/create_msgs/bin'
[1.063s] INFO:colcon.colcon_core.shell:Creating package script '/home/user/create_ws/install/create_msgs/share/create_msgs/package.ps1'
[1.063s] INFO:colcon.colcon_core.shell:Creating package descriptor '/home/user/create_ws/install/create_msgs/share/create_msgs/package.dsv'
[1.063s] INFO:colcon.colcon_core.shell:Creating package script '/home/user/create_ws/install/create_msgs/share/create_msgs/package.sh'
[1.064s] INFO:colcon.colcon_core.shell:Creating package script '/home/user/create_ws/install/create_msgs/share/create_msgs/package.bash'
[1.064s] INFO:colcon.colcon_core.shell:Creating package script '/home/user/create_ws/install/create_msgs/share/create_msgs/package.zsh'
[1.065s] Level 1:colcon.colcon_core.environment:create_file_with_runtime_dependencies(/home/user/create_ws/install/create_msgs/share/colcon-core/packages/create_msgs)
[1.065s] INFO:colcon.colcon_ros.task.ament_cmake.build:Building ROS package in '/home/user/create_ws/src/create_robot/create_driver' with build type 'ament_cmake'
[1.065s] INFO:colcon.colcon_cmake.task.cmake.build:Building CMake package in '/home/user/create_ws/src/create_robot/create_driver'
[1.065s] INFO:colcon.colcon_core.shell:Skip shell extension 'powershell' for command environment: Not usable outside of PowerShell
[1.066s] DEBUG:colcon.colcon_core.shell:Skip shell extension 'dsv' for command environment
[1.081s] DEBUG:colcon.colcon_core.event_handler.log_command:Invoking command in '/home/user/create_ws/build/create_driver': CMAKE_PREFIX_PATH=/home/user/create_ws/install/libcreate:/home/user/create_ws/install/create_msgs:/home/user/create3_examples_ws/install/create3_republisher:/home/user/create3_examples_ws/install/create3_lidar_slam:/home/user/create3_examples_ws/install/create3_coverage:/home/user/create3_examples_ws/install/create3_examples_msgs:/home/user/create_ws/install/create_robot:/home/user/create_ws/install/create_bringup:/home/user/create_ws/install/create_driver:/home/user/create_ws/install/create_description:/home/user/launch_ws/install/py_launch_example:/home/user/create3_examples_ws/install/create3_teleop:/home/user/create3_examples_ws/install/create3_examples_py:/home/user/sweepbot_ws/install/sweepbot:/home/user/sweepbot_ws/install/custom_explorer:/opt/ros/humble LD_LIBRARY_PATH=/home/user/create_ws/install/libcreate/lib:/home/user/create_ws/install/create_msgs/lib:/home/user/create3_examples_ws/install/create3_coverage/lib:/home/user/create3_examples_ws/install/create3_examples_msgs/lib:/usr/lib/x86_64-linux-gnu/gazebo-11/plugins:/opt/ros/humble/opt/rviz_ogre_vendor/lib:/opt/ros/humble/lib/x86_64-linux-gnu:/opt/ros/humble/lib:/usr/lib/x86_64-linux-gnu/gazebo-11/plugins /usr/bin/cmake --build /home/user/create_ws/build/create_driver -- -j8 -l8
[1.194s] DEBUG:colcon.colcon_core.event_handler.log_command:Invoked command in '/home/user/create_ws/build/create_driver' returned '0': CMAKE_PREFIX_PATH=/home/user/create_ws/install/libcreate:/home/user/create_ws/install/create_msgs:/home/user/create3_examples_ws/install/create3_republisher:/home/user/create3_examples_ws/install/create3_lidar_slam:/home/user/create3_examples_ws/install/create3_coverage:/home/user/create3_examples_ws/install/create3_examples_msgs:/home/user/create_ws/install/create_robot:/home/user/create_ws/install/create_bringup:/home/user/create_ws/install/create_driver:/home/user/create_ws/install/create_description:/home/user/launch_ws/install/py_launch_example:/home/user/create3_examples_ws/install/create3_teleop:/home/user/create3_examples_ws/install/create3_examples_py:/home/user/sweepbot_ws/install/sweepbot:/home/user/sweepbot_ws/install/custom_explorer:/opt/ros/humble LD_LIBRARY_PATH=/home/user/create_ws/install/libcreate/lib:/home/user/create_ws/install/create_msgs/lib:/home/user/create3_examples_ws/install/create3_coverage/lib:/home/user/create3_examples_ws/install/create3_examples_msgs/lib:/usr/lib/x86_64-linux-gnu/gazebo-11/plugins:/opt/ros/humble/opt/rviz_ogre_vendor/lib:/opt/ros/humble/lib/x86_64-linux-gnu:/opt/ros/humble/lib:/usr/lib/x86_64-linux-gnu/gazebo-11/plugins /usr/bin/cmake --build /home/user/create_ws/build/create_driver -- -j8 -l8
[1.196s] DEBUG:colcon.colcon_core.event_handler.log_command:Invoking command in '/home/user/create_ws/build/create_driver': CMAKE_PREFIX_PATH=/home/user/create_ws/install/libcreate:/home/user/create_ws/install/create_msgs:/home/user/create3_examples_ws/install/create3_republisher:/home/user/create3_examples_ws/install/create3_lidar_slam:/home/user/create3_examples_ws/install/create3_coverage:/home/user/create3_examples_ws/install/create3_examples_msgs:/home/user/create_ws/install/create_robot:/home/user/create_ws/install/create_bringup:/home/user/create_ws/install/create_driver:/home/user/create_ws/install/create_description:/home/user/launch_ws/install/py_launch_example:/home/user/create3_examples_ws/install/create3_teleop:/home/user/create3_examples_ws/install/create3_examples_py:/home/user/sweepbot_ws/install/sweepbot:/home/user/sweepbot_ws/install/custom_explorer:/opt/ros/humble LD_LIBRARY_PATH=/home/user/create_ws/install/libcreate/lib:/home/user/create_ws/install/create_msgs/lib:/home/user/create3_examples_ws/install/create3_coverage/lib:/home/user/create3_examples_ws/install/create3_examples_msgs/lib:/usr/lib/x86_64-linux-gnu/gazebo-11/plugins:/opt/ros/humble/opt/rviz_ogre_vendor/lib:/opt/ros/humble/lib/x86_64-linux-gnu:/opt/ros/humble/lib:/usr/lib/x86_64-linux-gnu/gazebo-11/plugins /usr/bin/cmake --install /home/user/create_ws/build/create_driver
[1.207s] Level 1:colcon.colcon_core.environment:create_environment_scripts_only(create_driver)
[1.208s] Level 1:colcon.colcon_core.environment:checking '/home/user/create_ws/install/create_driver' for CMake module files
[1.208s] DEBUG:colcon.colcon_core.event_handler.log_command:Invoked command in '/home/user/create_ws/build/create_driver' returned '0': CMAKE_PREFIX_PATH=/home/user/create_ws/install/libcreate:/home/user/create_ws/install/create_msgs:/home/user/create3_examples_ws/install/create3_republisher:/home/user/create3_examples_ws/install/create3_lidar_slam:/home/user/create3_examples_ws/install/create3_coverage:/home/user/create3_examples_ws/install/create3_examples_msgs:/home/user/create_ws/install/create_robot:/home/user/create_ws/install/create_bringup:/home/user/create_ws/install/create_driver:/home/user/create_ws/install/create_description:/home/user/launch_ws/install/py_launch_example:/home/user/create3_examples_ws/install/create3_teleop:/home/user/create3_examples_ws/install/create3_examples_py:/home/user/sweepbot_ws/install/sweepbot:/home/user/sweepbot_ws/install/custom_explorer:/opt/ros/humble LD_LIBRARY_PATH=/home/user/create_ws/install/libcreate/lib:/home/user/create_ws/install/create_msgs/lib:/home/user/create3_examples_ws/install/create3_coverage/lib:/home/user/create3_examples_ws/install/create3_examples_msgs/lib:/usr/lib/x86_64-linux-gnu/gazebo-11/plugins:/opt/ros/humble/opt/rviz_ogre_vendor/lib:/opt/ros/humble/lib/x86_64-linux-gnu:/opt/ros/humble/lib:/usr/lib/x86_64-linux-gnu/gazebo-11/plugins /usr/bin/cmake --install /home/user/create_ws/build/create_driver
[1.209s] Level 1:colcon.colcon_core.environment:checking '/home/user/create_ws/install/create_driver' for CMake config files
[1.209s] Level 1:colcon.colcon_core.shell:create_environment_hook('create_driver', 'cmake_prefix_path')
[1.209s] INFO:colcon.colcon_core.shell:Creating environment hook '/home/user/create_ws/install/create_driver/share/create_driver/hook/cmake_prefix_path.ps1'
[1.210s] INFO:colcon.colcon_core.shell:Creating environment descriptor '/home/user/create_ws/install/create_driver/share/create_driver/hook/cmake_prefix_path.dsv'
[1.210s] INFO:colcon.colcon_core.shell:Creating environment hook '/home/user/create_ws/install/create_driver/share/create_driver/hook/cmake_prefix_path.sh'
[1.211s] Level 1:colcon.colcon_core.environment:checking '/home/user/create_ws/install/create_driver/lib'
[1.211s] Level 1:colcon.colcon_core.environment:checking '/home/user/create_ws/install/create_driver/bin'
[1.211s] Level 1:colcon.colcon_core.environment:checking '/home/user/create_ws/install/create_driver/lib/pkgconfig/create_driver.pc'
[1.211s] Level 1:colcon.colcon_core.environment:checking '/home/user/create_ws/install/create_driver/lib/python3.10/site-packages'
[1.211s] Level 1:colcon.colcon_core.environment:checking '/home/user/create_ws/install/create_driver/bin'
[1.212s] INFO:colcon.colcon_core.shell:Creating package script '/home/user/create_ws/install/create_driver/share/create_driver/package.ps1'
[1.212s] INFO:colcon.colcon_core.shell:Creating package descriptor '/home/user/create_ws/install/create_driver/share/create_driver/package.dsv'
[1.212s] INFO:colcon.colcon_core.shell:Creating package script '/home/user/create_ws/install/create_driver/share/create_driver/package.sh'
[1.213s] INFO:colcon.colcon_core.shell:Creating package script '/home/user/create_ws/install/create_driver/share/create_driver/package.bash'
[1.213s] INFO:colcon.colcon_core.shell:Creating package script '/home/user/create_ws/install/create_driver/share/create_driver/package.zsh'
[1.213s] Level 1:colcon.colcon_core.environment:create_file_with_runtime_dependencies(/home/user/create_ws/install/create_driver/share/colcon-core/packages/create_driver)
[1.214s] Level 1:colcon.colcon_core.environment:create_environment_scripts_only(create_driver)
[1.214s] Level 1:colcon.colcon_core.environment:checking '/home/user/create_ws/install/create_driver' for CMake module files
[1.215s] Level 1:colcon.colcon_core.environment:checking '/home/user/create_ws/install/create_driver' for CMake config files
[1.215s] Level 1:colcon.colcon_core.shell:create_environment_hook('create_driver', 'cmake_prefix_path')
[1.215s] INFO:colcon.colcon_core.shell:Creating environment hook '/home/user/create_ws/install/create_driver/share/create_driver/hook/cmake_prefix_path.ps1'
[1.216s] INFO:colcon.colcon_core.shell:Creating environment descriptor '/home/user/create_ws/install/create_driver/share/create_driver/hook/cmake_prefix_path.dsv'
[1.216s] INFO:colcon.colcon_core.shell:Creating environment hook '/home/user/create_ws/install/create_driver/share/create_driver/hook/cmake_prefix_path.sh'
[1.216s] Level 1:colcon.colcon_core.environment:checking '/home/user/create_ws/install/create_driver/lib'
[1.217s] Level 1:colcon.colcon_core.environment:checking '/home/user/create_ws/install/create_driver/bin'
[1.217s] Level 1:colcon.colcon_core.environment:checking '/home/user/create_ws/install/create_driver/lib/pkgconfig/create_driver.pc'
[1.217s] Level 1:colcon.colcon_core.environment:checking '/home/user/create_ws/install/create_driver/lib/python3.10/site-packages'
[1.217s] Level 1:colcon.colcon_core.environment:checking '/home/user/create_ws/install/create_driver/bin'
[1.217s] INFO:colcon.colcon_core.shell:Creating package script '/home/user/create_ws/install/create_driver/share/create_driver/package.ps1'
[1.218s] INFO:colcon.colcon_core.shell:Creating package descriptor '/home/user/create_ws/install/create_driver/share/create_driver/package.dsv'
[1.218s] INFO:colcon.colcon_core.shell:Creating package script '/home/user/create_ws/install/create_driver/share/create_driver/package.sh'
[1.219s] INFO:colcon.colcon_core.shell:Creating package script '/home/user/create_ws/install/create_driver/share/create_driver/package.bash'
[1.219s] INFO:colcon.colcon_core.shell:Creating package script '/home/user/create_ws/install/create_driver/share/create_driver/package.zsh'
[1.220s] Level 1:colcon.colcon_core.environment:create_file_with_runtime_dependencies(/home/user/create_ws/install/create_driver/share/colcon-core/packages/create_driver)
[1.220s] INFO:colcon.colcon_ros.task.ament_cmake.build:Building ROS package in '/home/user/create_ws/src/create_robot/create_bringup' with build type 'ament_cmake'
[1.220s] INFO:colcon.colcon_cmake.task.cmake.build:Building CMake package in '/home/user/create_ws/src/create_robot/create_bringup'
[1.220s] INFO:colcon.colcon_core.shell:Skip shell extension 'powershell' for command environment: Not usable outside of PowerShell
[1.221s] DEBUG:colcon.colcon_core.shell:Skip shell extension 'dsv' for command environment
[1.239s] DEBUG:colcon.colcon_core.event_handler.log_command:Invoking command in '/home/user/create_ws/build/create_bringup': CMAKE_PREFIX_PATH=/home/user/create_ws/install/create_driver:/home/user/create_ws/install/libcreate:/home/user/create_ws/install/create_msgs:/home/user/create_ws/install/create_description:/home/user/create3_examples_ws/install/create3_republisher:/home/user/create3_examples_ws/install/create3_lidar_slam:/home/user/create3_examples_ws/install/create3_coverage:/home/user/create3_examples_ws/install/create3_examples_msgs:/home/user/create_ws/install/create_robot:/home/user/create_ws/install/create_bringup:/home/user/launch_ws/install/py_launch_example:/home/user/create3_examples_ws/install/create3_teleop:/home/user/create3_examples_ws/install/create3_examples_py:/home/user/sweepbot_ws/install/sweepbot:/home/user/sweepbot_ws/install/custom_explorer:/opt/ros/humble LD_LIBRARY_PATH=/home/user/create_ws/install/libcreate/lib:/home/user/create_ws/install/create_msgs/lib:/home/user/create3_examples_ws/install/create3_coverage/lib:/home/user/create3_examples_ws/install/create3_examples_msgs/lib:/usr/lib/x86_64-linux-gnu/gazebo-11/plugins:/opt/ros/humble/opt/rviz_ogre_vendor/lib:/opt/ros/humble/lib/x86_64-linux-gnu:/opt/ros/humble/lib:/usr/lib/x86_64-linux-gnu/gazebo-11/plugins /usr/bin/cmake --build /home/user/create_ws/build/create_bringup -- -j8 -l8
[1.280s] DEBUG:colcon.colcon_core.event_handler.log_command:Invoked command in '/home/user/create_ws/build/create_bringup' returned '0': CMAKE_PREFIX_PATH=/home/user/create_ws/install/create_driver:/home/user/create_ws/install/libcreate:/home/user/create_ws/install/create_msgs:/home/user/create_ws/install/create_description:/home/user/create3_examples_ws/install/create3_republisher:/home/user/create3_examples_ws/install/create3_lidar_slam:/home/user/create3_examples_ws/install/create3_coverage:/home/user/create3_examples_ws/install/create3_examples_msgs:/home/user/create_ws/install/create_robot:/home/user/create_ws/install/create_bringup:/home/user/launch_ws/install/py_launch_example:/home/user/create3_examples_ws/install/create3_teleop:/home/user/create3_examples_ws/install/create3_examples_py:/home/user/sweepbot_ws/install/sweepbot:/home/user/sweepbot_ws/install/custom_explorer:/opt/ros/humble LD_LIBRARY_PATH=/home/user/create_ws/install/libcreate/lib:/home/user/create_ws/install/create_msgs/lib:/home/user/create3_examples_ws/install/create3_coverage/lib:/home/user/create3_examples_ws/install/create3_examples_msgs/lib:/usr/lib/x86_64-linux-gnu/gazebo-11/plugins:/opt/ros/humble/opt/rviz_ogre_vendor/lib:/opt/ros/humble/lib/x86_64-linux-gnu:/opt/ros/humble/lib:/usr/lib/x86_64-linux-gnu/gazebo-11/plugins /usr/bin/cmake --build /home/user/create_ws/build/create_bringup -- -j8 -l8
[1.281s] DEBUG:colcon.colcon_core.event_handler.log_command:Invoking command in '/home/user/create_ws/build/create_bringup': CMAKE_PREFIX_PATH=/home/user/create_ws/install/create_driver:/home/user/create_ws/install/libcreate:/home/user/create_ws/install/create_msgs:/home/user/create_ws/install/create_description:/home/user/create3_examples_ws/install/create3_republisher:/home/user/create3_examples_ws/install/create3_lidar_slam:/home/user/create3_examples_ws/install/create3_coverage:/home/user/create3_examples_ws/install/create3_examples_msgs:/home/user/create_ws/install/create_robot:/home/user/create_ws/install/create_bringup:/home/user/launch_ws/install/py_launch_example:/home/user/create3_examples_ws/install/create3_teleop:/home/user/create3_examples_ws/install/create3_examples_py:/home/user/sweepbot_ws/install/sweepbot:/home/user/sweepbot_ws/install/custom_explorer:/opt/ros/humble LD_LIBRARY_PATH=/home/user/create_ws/install/libcreate/lib:/home/user/create_ws/install/create_msgs/lib:/home/user/create3_examples_ws/install/create3_coverage/lib:/home/user/create3_examples_ws/install/create3_examples_msgs/lib:/usr/lib/x86_64-linux-gnu/gazebo-11/plugins:/opt/ros/humble/opt/rviz_ogre_vendor/lib:/opt/ros/humble/lib/x86_64-linux-gnu:/opt/ros/humble/lib:/usr/lib/x86_64-linux-gnu/gazebo-11/plugins /usr/bin/cmake --install /home/user/create_ws/build/create_bringup
[1.292s] Level 1:colcon.colcon_core.environment:create_environment_scripts_only(create_bringup)
[1.293s] Level 1:colcon.colcon_core.environment:checking '/home/user/create_ws/install/create_bringup' for CMake module files
[1.294s] DEBUG:colcon.colcon_core.event_handler.log_command:Invoked command in '/home/user/create_ws/build/create_bringup' returned '0': CMAKE_PREFIX_PATH=/home/user/create_ws/install/create_driver:/home/user/create_ws/install/libcreate:/home/user/create_ws/install/create_msgs:/home/user/create_ws/install/create_description:/home/user/create3_examples_ws/install/create3_republisher:/home/user/create3_examples_ws/install/create3_lidar_slam:/home/user/create3_examples_ws/install/create3_coverage:/home/user/create3_examples_ws/install/create3_examples_msgs:/home/user/create_ws/install/create_robot:/home/user/create_ws/install/create_bringup:/home/user/launch_ws/install/py_launch_example:/home/user/create3_examples_ws/install/create3_teleop:/home/user/create3_examples_ws/install/create3_examples_py:/home/user/sweepbot_ws/install/sweepbot:/home/user/sweepbot_ws/install/custom_explorer:/opt/ros/humble LD_LIBRARY_PATH=/home/user/create_ws/install/libcreate/lib:/home/user/create_ws/install/create_msgs/lib:/home/user/create3_examples_ws/install/create3_coverage/lib:/home/user/create3_examples_ws/install/create3_examples_msgs/lib:/usr/lib/x86_64-linux-gnu/gazebo-11/plugins:/opt/ros/humble/opt/rviz_ogre_vendor/lib:/opt/ros/humble/lib/x86_64-linux-gnu:/opt/ros/humble/lib:/usr/lib/x86_64-linux-gnu/gazebo-11/plugins /usr/bin/cmake --install /home/user/create_ws/build/create_bringup
[1.294s] Level 1:colcon.colcon_core.environment:checking '/home/user/create_ws/install/create_bringup' for CMake config files
[1.294s] Level 1:colcon.colcon_core.shell:create_environment_hook('create_bringup', 'cmake_prefix_path')
[1.295s] INFO:colcon.colcon_core.shell:Creating environment hook '/home/user/create_ws/install/create_bringup/share/create_bringup/hook/cmake_prefix_path.ps1'
[1.295s] INFO:colcon.colcon_core.shell:Creating environment descriptor '/home/user/create_ws/install/create_bringup/share/create_bringup/hook/cmake_prefix_path.dsv'
[1.295s] INFO:colcon.colcon_core.shell:Creating environment hook '/home/user/create_ws/install/create_bringup/share/create_bringup/hook/cmake_prefix_path.sh'
[1.296s] Level 1:colcon.colcon_core.environment:checking '/home/user/create_ws/install/create_bringup/bin'
[1.296s] Level 1:colcon.colcon_core.environment:checking '/home/user/create_ws/install/create_bringup/lib/pkgconfig/create_bringup.pc'
[1.296s] Level 1:colcon.colcon_core.environment:checking '/home/user/create_ws/install/create_bringup/lib/python3.10/site-packages'
[1.296s] Level 1:colcon.colcon_core.environment:checking '/home/user/create_ws/install/create_bringup/bin'
[1.297s] INFO:colcon.colcon_core.shell:Creating package script '/home/user/create_ws/install/create_bringup/share/create_bringup/package.ps1'
[1.297s] INFO:colcon.colcon_core.shell:Creating package descriptor '/home/user/create_ws/install/create_bringup/share/create_bringup/package.dsv'
[1.297s] INFO:colcon.colcon_core.shell:Creating package script '/home/user/create_ws/install/create_bringup/share/create_bringup/package.sh'
[1.298s] INFO:colcon.colcon_core.shell:Creating package script '/home/user/create_ws/install/create_bringup/share/create_bringup/package.bash'
[1.298s] INFO:colcon.colcon_core.shell:Creating package script '/home/user/create_ws/install/create_bringup/share/create_bringup/package.zsh'
[1.298s] Level 1:colcon.colcon_core.environment:create_file_with_runtime_dependencies(/home/user/create_ws/install/create_bringup/share/colcon-core/packages/create_bringup)
[1.299s] Level 1:colcon.colcon_core.environment:create_environment_scripts_only(create_bringup)
[1.299s] Level 1:colcon.colcon_core.environment:checking '/home/user/create_ws/install/create_bringup' for CMake module files
[1.300s] Level 1:colcon.colcon_core.environment:checking '/home/user/create_ws/install/create_bringup' for CMake config files
[1.300s] Level 1:colcon.colcon_core.shell:create_environment_hook('create_bringup', 'cmake_prefix_path')
[1.300s] INFO:colcon.colcon_core.shell:Creating environment hook '/home/user/create_ws/install/create_bringup/share/create_bringup/hook/cmake_prefix_path.ps1'
[1.300s] INFO:colcon.colcon_core.shell:Creating environment descriptor '/home/user/create_ws/install/create_bringup/share/create_bringup/hook/cmake_prefix_path.dsv'
[1.301s] INFO:colcon.colcon_core.shell:Creating environment hook '/home/user/create_ws/install/create_bringup/share/create_bringup/hook/cmake_prefix_path.sh'
[1.301s] Level 1:colcon.colcon_core.environment:checking '/home/user/create_ws/install/create_bringup/bin'
[1.301s] Level 1:colcon.colcon_core.environment:checking '/home/user/create_ws/install/create_bringup/lib/pkgconfig/create_bringup.pc'
[1.302s] Level 1:colcon.colcon_core.environment:checking '/home/user/create_ws/install/create_bringup/lib/python3.10/site-packages'
[1.302s] Level 1:colcon.colcon_core.environment:checking '/home/user/create_ws/install/create_bringup/bin'
[1.302s] INFO:colcon.colcon_core.shell:Creating package script '/home/user/create_ws/install/create_bringup/share/create_bringup/package.ps1'
[1.302s] INFO:colcon.colcon_core.shell:Creating package descriptor '/home/user/create_ws/install/create_bringup/share/create_bringup/package.dsv'
[1.303s] INFO:colcon.colcon_core.shell:Creating package script '/home/user/create_ws/install/create_bringup/share/create_bringup/package.sh'
[1.303s] INFO:colcon.colcon_core.shell:Creating package script '/home/user/create_ws/install/create_bringup/share/create_bringup/package.bash'
[1.304s] INFO:colcon.colcon_core.shell:Creating package script '/home/user/create_ws/install/create_bringup/share/create_bringup/package.zsh'
[1.304s] Level 1:colcon.colcon_core.environment:create_file_with_runtime_dependencies(/home/user/create_ws/install/create_bringup/share/colcon-core/packages/create_bringup)
[1.304s] INFO:colcon.colcon_ros.task.ament_cmake.build:Building ROS package in '/home/user/create_ws/src/create_robot/create_robot' with build type 'ament_cmake'
[1.305s] INFO:colcon.colcon_cmake.task.cmake.build:Building CMake package in '/home/user/create_ws/src/create_robot/create_robot'
[1.305s] INFO:colcon.colcon_core.shell:Skip shell extension 'powershell' for command environment: Not usable outside of PowerShell
[1.305s] DEBUG:colcon.colcon_core.shell:Skip shell extension 'dsv' for command environment
[1.323s] DEBUG:colcon.colcon_core.event_handler.log_command:Invoking command in '/home/user/create_ws/build/create_robot': CMAKE_PREFIX_PATH=/home/user/create_ws/install/create_bringup:/home/user/create_ws/install/create_driver:/home/user/create_ws/install/libcreate:/home/user/create_ws/install/create_msgs:/home/user/create_ws/install/create_description:/home/user/create3_examples_ws/install/create3_republisher:/home/user/create3_examples_ws/install/create3_lidar_slam:/home/user/create3_examples_ws/install/create3_coverage:/home/user/create3_examples_ws/install/create3_examples_msgs:/home/user/create_ws/install/create_robot:/home/user/launch_ws/install/py_launch_example:/home/user/create3_examples_ws/install/create3_teleop:/home/user/create3_examples_ws/install/create3_examples_py:/home/user/sweepbot_ws/install/sweepbot:/home/user/sweepbot_ws/install/custom_explorer:/opt/ros/humble LD_LIBRARY_PATH=/home/user/create_ws/install/libcreate/lib:/home/user/create_ws/install/create_msgs/lib:/home/user/create3_examples_ws/install/create3_coverage/lib:/home/user/create3_examples_ws/install/create3_examples_msgs/lib:/usr/lib/x86_64-linux-gnu/gazebo-11/plugins:/opt/ros/humble/opt/rviz_ogre_vendor/lib:/opt/ros/humble/lib/x86_64-linux-gnu:/opt/ros/humble/lib:/usr/lib/x86_64-linux-gnu/gazebo-11/plugins /usr/bin/cmake --build /home/user/create_ws/build/create_robot -- -j8 -l8
[1.363s] DEBUG:colcon.colcon_core.event_handler.log_command:Invoked command in '/home/user/create_ws/build/create_robot' returned '0': CMAKE_PREFIX_PATH=/home/user/create_ws/install/create_bringup:/home/user/create_ws/install/create_driver:/home/user/create_ws/install/libcreate:/home/user/create_ws/install/create_msgs:/home/user/create_ws/install/create_description:/home/user/create3_examples_ws/install/create3_republisher:/home/user/create3_examples_ws/install/create3_lidar_slam:/home/user/create3_examples_ws/install/create3_coverage:/home/user/create3_examples_ws/install/create3_examples_msgs:/home/user/create_ws/install/create_robot:/home/user/launch_ws/install/py_launch_example:/home/user/create3_examples_ws/install/create3_teleop:/home/user/create3_examples_ws/install/create3_examples_py:/home/user/sweepbot_ws/install/sweepbot:/home/user/sweepbot_ws/install/custom_explorer:/opt/ros/humble LD_LIBRARY_PATH=/home/user/create_ws/install/libcreate/lib:/home/user/create_ws/install/create_msgs/lib:/home/user/create3_examples_ws/install/create3_coverage/lib:/home/user/create3_examples_ws/install/create3_examples_msgs/lib:/usr/lib/x86_64-linux-gnu/gazebo-11/plugins:/opt/ros/humble/opt/rviz_ogre_vendor/lib:/opt/ros/humble/lib/x86_64-linux-gnu:/opt/ros/humble/lib:/usr/lib/x86_64-linux-gnu/gazebo-11/plugins /usr/bin/cmake --build /home/user/create_ws/build/create_robot -- -j8 -l8
[1.365s] DEBUG:colcon.colcon_core.event_handler.log_command:Invoking command in '/home/user/create_ws/build/create_robot': CMAKE_PREFIX_PATH=/home/user/create_ws/install/create_bringup:/home/user/create_ws/install/create_driver:/home/user/create_ws/install/libcreate:/home/user/create_ws/install/create_msgs:/home/user/create_ws/install/create_description:/home/user/create3_examples_ws/install/create3_republisher:/home/user/create3_examples_ws/install/create3_lidar_slam:/home/user/create3_examples_ws/install/create3_coverage:/home/user/create3_examples_ws/install/create3_examples_msgs:/home/user/create_ws/install/create_robot:/home/user/launch_ws/install/py_launch_example:/home/user/create3_examples_ws/install/create3_teleop:/home/user/create3_examples_ws/install/create3_examples_py:/home/user/sweepbot_ws/install/sweepbot:/home/user/sweepbot_ws/install/custom_explorer:/opt/ros/humble LD_LIBRARY_PATH=/home/user/create_ws/install/libcreate/lib:/home/user/create_ws/install/create_msgs/lib:/home/user/create3_examples_ws/install/create3_coverage/lib:/home/user/create3_examples_ws/install/create3_examples_msgs/lib:/usr/lib/x86_64-linux-gnu/gazebo-11/plugins:/opt/ros/humble/opt/rviz_ogre_vendor/lib:/opt/ros/humble/lib/x86_64-linux-gnu:/opt/ros/humble/lib:/usr/lib/x86_64-linux-gnu/gazebo-11/plugins /usr/bin/cmake --install /home/user/create_ws/build/create_robot
[1.375s] Level 1:colcon.colcon_core.environment:create_environment_scripts_only(create_robot)
[1.376s] Level 1:colcon.colcon_core.environment:checking '/home/user/create_ws/install/create_robot' for CMake module files
[1.376s] DEBUG:colcon.colcon_core.event_handler.log_command:Invoked command in '/home/user/create_ws/build/create_robot' returned '0': CMAKE_PREFIX_PATH=/home/user/create_ws/install/create_bringup:/home/user/create_ws/install/create_driver:/home/user/create_ws/install/libcreate:/home/user/create_ws/install/create_msgs:/home/user/create_ws/install/create_description:/home/user/create3_examples_ws/install/create3_republisher:/home/user/create3_examples_ws/install/create3_lidar_slam:/home/user/create3_examples_ws/install/create3_coverage:/home/user/create3_examples_ws/install/create3_examples_msgs:/home/user/create_ws/install/create_robot:/home/user/launch_ws/install/py_launch_example:/home/user/create3_examples_ws/install/create3_teleop:/home/user/create3_examples_ws/install/create3_examples_py:/home/user/sweepbot_ws/install/sweepbot:/home/user/sweepbot_ws/install/custom_explorer:/opt/ros/humble LD_LIBRARY_PATH=/home/user/create_ws/install/libcreate/lib:/home/user/create_ws/install/create_msgs/lib:/home/user/create3_examples_ws/install/create3_coverage/lib:/home/user/create3_examples_ws/install/create3_examples_msgs/lib:/usr/lib/x86_64-linux-gnu/gazebo-11/plugins:/opt/ros/humble/opt/rviz_ogre_vendor/lib:/opt/ros/humble/lib/x86_64-linux-gnu:/opt/ros/humble/lib:/usr/lib/x86_64-linux-gnu/gazebo-11/plugins /usr/bin/cmake --install /home/user/create_ws/build/create_robot
[1.377s] Level 1:colcon.colcon_core.environment:checking '/home/user/create_ws/install/create_robot' for CMake config files
[1.377s] Level 1:colcon.colcon_core.shell:create_environment_hook('create_robot', 'cmake_prefix_path')
[1.377s] INFO:colcon.colcon_core.shell:Creating environment hook '/home/user/create_ws/install/create_robot/share/create_robot/hook/cmake_prefix_path.ps1'
[1.377s] INFO:colcon.colcon_core.shell:Creating environment descriptor '/home/user/create_ws/install/create_robot/share/create_robot/hook/cmake_prefix_path.dsv'
[1.378s] INFO:colcon.colcon_core.shell:Creating environment hook '/home/user/create_ws/install/create_robot/share/create_robot/hook/cmake_prefix_path.sh'
[1.378s] Level 1:colcon.colcon_core.environment:checking '/home/user/create_ws/install/create_robot/bin'
[1.378s] Level 1:colcon.colcon_core.environment:checking '/home/user/create_ws/install/create_robot/lib/pkgconfig/create_robot.pc'
[1.379s] Level 1:colcon.colcon_core.environment:checking '/home/user/create_ws/install/create_robot/lib/python3.10/site-packages'
[1.379s] Level 1:colcon.colcon_core.environment:checking '/home/user/create_ws/install/create_robot/bin'
[1.379s] INFO:colcon.colcon_core.shell:Creating package script '/home/user/create_ws/install/create_robot/share/create_robot/package.ps1'
[1.379s] INFO:colcon.colcon_core.shell:Creating package descriptor '/home/user/create_ws/install/create_robot/share/create_robot/package.dsv'
[1.380s] INFO:colcon.colcon_core.shell:Creating package script '/home/user/create_ws/install/create_robot/share/create_robot/package.sh'
[1.380s] INFO:colcon.colcon_core.shell:Creating package script '/home/user/create_ws/install/create_robot/share/create_robot/package.bash'
[1.381s] INFO:colcon.colcon_core.shell:Creating package script '/home/user/create_ws/install/create_robot/share/create_robot/package.zsh'
[1.381s] Level 1:colcon.colcon_core.environment:create_file_with_runtime_dependencies(/home/user/create_ws/install/create_robot/share/colcon-core/packages/create_robot)
[1.381s] Level 1:colcon.colcon_core.environment:create_environment_scripts_only(create_robot)
[1.382s] Level 1:colcon.colcon_core.environment:checking '/home/user/create_ws/install/create_robot' for CMake module files
[1.382s] Level 1:colcon.colcon_core.environment:checking '/home/user/create_ws/install/create_robot' for CMake config files
[1.382s] Level 1:colcon.colcon_core.shell:create_environment_hook('create_robot', 'cmake_prefix_path')
[1.382s] INFO:colcon.colcon_core.shell:Creating environment hook '/home/user/create_ws/install/create_robot/share/create_robot/hook/cmake_prefix_path.ps1'
[1.383s] INFO:colcon.colcon_core.shell:Creating environment descriptor '/home/user/create_ws/install/create_robot/share/create_robot/hook/cmake_prefix_path.dsv'
[1.383s] INFO:colcon.colcon_core.shell:Creating environment hook '/home/user/create_ws/install/create_robot/share/create_robot/hook/cmake_prefix_path.sh'
[1.384s] Level 1:colcon.colcon_core.environment:checking '/home/user/create_ws/install/create_robot/bin'
[1.384s] Level 1:colcon.colcon_core.environment:checking '/home/user/create_ws/install/create_robot/lib/pkgconfig/create_robot.pc'
[1.384s] Level 1:colcon.colcon_core.environment:checking '/home/user/create_ws/install/create_robot/lib/python3.10/site-packages'
[1.384s] Level 1:colcon.colcon_core.environment:checking '/home/user/create_ws/install/create_robot/bin'
[1.384s] INFO:colcon.colcon_core.shell:Creating package script '/home/user/create_ws/install/create_robot/share/create_robot/package.ps1'
[1.385s] INFO:colcon.colcon_core.shell:Creating package descriptor '/home/user/create_ws/install/create_robot/share/create_robot/package.dsv'
[1.385s] INFO:colcon.colcon_core.shell:Creating package script '/home/user/create_ws/install/create_robot/share/create_robot/package.sh'
[1.386s] INFO:colcon.colcon_core.shell:Creating package script '/home/user/create_ws/install/create_robot/share/create_robot/package.bash'
[1.386s] INFO:colcon.colcon_core.shell:Creating package script '/home/user/create_ws/install/create_robot/share/create_robot/package.zsh'
[1.387s] Level 1:colcon.colcon_core.environment:create_file_with_runtime_dependencies(/home/user/create_ws/install/create_robot/share/colcon-core/packages/create_robot)
[1.387s] DEBUG:colcon.colcon_parallel_executor.executor.parallel:closing loop
[1.387s] DEBUG:colcon.colcon_parallel_executor.executor.parallel:loop closed
[1.387s] DEBUG:colcon.colcon_parallel_executor.executor.parallel:run_until_complete finished with '0'
[1.387s] DEBUG:colcon.colcon_core.event_reactor:joining thread
[1.394s] INFO:colcon.colcon_core.plugin_system:Skipping extension 'colcon_notification.desktop_notification.terminal_notifier': Not used on non-Darwin systems
[1.394s] INFO:colcon.colcon_core.plugin_system:Skipping extension 'colcon_notification.desktop_notification.win32': Not used on non-Windows systems
[1.394s] INFO:colcon.colcon_notification.desktop_notification:Sending desktop notification using 'notify2'
[1.406s] DEBUG:colcon.colcon_core.event_reactor:joined thread
[1.407s] INFO:colcon.colcon_core.shell:Creating prefix script '/home/user/create_ws/install/local_setup.ps1'
[1.408s] INFO:colcon.colcon_core.shell:Creating prefix util module '/home/user/create_ws/install/_local_setup_util_ps1.py'
[1.410s] INFO:colcon.colcon_core.shell:Creating prefix chain script '/home/user/create_ws/install/setup.ps1'
[1.412s] INFO:colcon.colcon_core.shell:Creating prefix script '/home/user/create_ws/install/local_setup.sh'
[1.413s] INFO:colcon.colcon_core.shell:Creating prefix util module '/home/user/create_ws/install/_local_setup_util_sh.py'
[1.413s] INFO:colcon.colcon_core.shell:Creating prefix chain script '/home/user/create_ws/install/setup.sh'
[1.415s] INFO:colcon.colcon_core.shell:Creating prefix script '/home/user/create_ws/install/local_setup.bash'
[1.416s] INFO:colcon.colcon_core.shell:Creating prefix chain script '/home/user/create_ws/install/setup.bash'
[1.417s] INFO:colcon.colcon_core.shell:Creating prefix script '/home/user/create_ws/install/local_setup.zsh'
[1.418s] INFO:colcon.colcon_core.shell:Creating prefix chain script '/home/user/create_ws/install/setup.zsh'
