[0.131s] DEBUG:colcon:Command line arguments: ['/usr/bin/colcon', 'build']
[0.131s] DEBUG:colcon:Parsed command line arguments: Namespace(log_base=None, log_level=None, verb_name='build', build_base='build', install_base='install', merge_install=False, symlink_install=False, test_result_base=None, continue_on_error=False, executor='parallel', parallel_workers=8, event_handlers=None, ignore_user_meta=False, metas=['./colcon.meta'], base_paths=['.'], packages_ignore=None, packages_ignore_regex=None, paths=None, packages_up_to=None, packages_up_to_regex=None, packages_above=None, packages_above_and_dependencies=None, packages_above_depth=None, packages_select_by_dep=None, packages_skip_by_dep=None, packages_skip_up_to=None, packages_select_build_failed=False, packages_skip_build_finished=False, packages_select_test_failures=False, packages_skip_test_passed=False, packages_select=None, packages_skip=None, packages_select_regex=None, packages_skip_regex=None, packages_start=None, packages_end=None, allow_overriding=[], cmake_args=None, cmake_target=None, cmake_target_skip_unavailable=False, cmake_clean_cache=False, cmake_clean_first=False, cmake_force_configure=False, ament_cmake_args=None, catkin_cmake_args=None, catkin_skip_building_tests=False, verb_parser=<colcon_defaults.argument_parser.defaults.DefaultArgumentsDecorator object at 0x7ca917536ef0>, verb_extension=<colcon_core.verb.build.BuildVerb object at 0x7ca91765f7f0>, main=<bound method BuildVerb.main of <colcon_core.verb.build.BuildVerb object at 0x7ca91765f7f0>>)
[0.326s] Level 1:colcon.colcon_core.package_discovery:discover_packages(colcon_meta) check parameters
[0.326s] Level 1:colcon.colcon_core.package_discovery:discover_packages(recursive) check parameters
[0.326s] Level 1:colcon.colcon_core.package_discovery:discover_packages(ignore) check parameters
[0.326s] Level 1:colcon.colcon_core.package_discovery:discover_packages(path) check parameters
[0.326s] Level 1:colcon.colcon_core.package_discovery:discover_packages(colcon_meta) discover
[0.326s] Level 1:colcon.colcon_core.package_discovery:discover_packages(recursive) discover
[0.327s] INFO:colcon.colcon_core.package_discovery:Crawling recursively for packages in '/home/user/create_ws'
[0.327s] Level 1:colcon.colcon_core.package_identification:_identify(.) by extensions ['ignore', 'ignore_ament_install']
[0.327s] Level 1:colcon.colcon_core.package_identification:_identify(.) by extension 'ignore'
[0.327s] Level 1:colcon.colcon_core.package_identification:_identify(.) by extension 'ignore_ament_install'
[0.327s] Level 1:colcon.colcon_core.package_identification:_identify(.) by extensions ['colcon_pkg']
[0.327s] Level 1:colcon.colcon_core.package_identification:_identify(.) by extension 'colcon_pkg'
[0.327s] Level 1:colcon.colcon_core.package_identification:_identify(.) by extensions ['colcon_meta']
[0.327s] Level 1:colcon.colcon_core.package_identification:_identify(.) by extension 'colcon_meta'
[0.327s] Level 1:colcon.colcon_core.package_identification:_identify(.) by extensions ['ros']
[0.327s] Level 1:colcon.colcon_core.package_identification:_identify(.) by extension 'ros'
[0.337s] Level 1:colcon.colcon_core.package_identification:_identify(.) by extensions ['cmake', 'python']
[0.338s] Level 1:colcon.colcon_core.package_identification:_identify(.) by extension 'cmake'
[0.338s] Level 1:colcon.colcon_core.package_identification:_identify(.) by extension 'python'
[0.338s] Level 1:colcon.colcon_core.package_identification:_identify(.) by extensions ['python_setup_py']
[0.338s] Level 1:colcon.colcon_core.package_identification:_identify(.) by extension 'python_setup_py'
[0.338s] Level 1:colcon.colcon_core.package_identification:_identify(build) by extensions ['ignore', 'ignore_ament_install']
[0.338s] Level 1:colcon.colcon_core.package_identification:_identify(build) by extension 'ignore'
[0.338s] Level 1:colcon.colcon_core.package_identification:_identify(build) ignored
[0.338s] Level 1:colcon.colcon_core.package_identification:_identify(install) by extensions ['ignore', 'ignore_ament_install']
[0.338s] Level 1:colcon.colcon_core.package_identification:_identify(install) by extension 'ignore'
[0.338s] Level 1:colcon.colcon_core.package_identification:_identify(install) ignored
[0.338s] Level 1:colcon.colcon_core.package_identification:_identify(log) by extensions ['ignore', 'ignore_ament_install']
[0.338s] Level 1:colcon.colcon_core.package_identification:_identify(log) by extension 'ignore'
[0.338s] Level 1:colcon.colcon_core.package_identification:_identify(log) ignored
[0.338s] Level 1:colcon.colcon_core.package_identification:_identify(src) by extensions ['ignore', 'ignore_ament_install']
[0.338s] Level 1:colcon.colcon_core.package_identification:_identify(src) by extension 'ignore'
[0.339s] Level 1:colcon.colcon_core.package_identification:_identify(src) by extension 'ignore_ament_install'
[0.339s] Level 1:colcon.colcon_core.package_identification:_identify(src) by extensions ['colcon_pkg']
[0.339s] Level 1:colcon.colcon_core.package_identification:_identify(src) by extension 'colcon_pkg'
[0.339s] Level 1:colcon.colcon_core.package_identification:_identify(src) by extensions ['colcon_meta']
[0.339s] Level 1:colcon.colcon_core.package_identification:_identify(src) by extension 'colcon_meta'
[0.339s] Level 1:colcon.colcon_core.package_identification:_identify(src) by extensions ['ros']
[0.339s] Level 1:colcon.colcon_core.package_identification:_identify(src) by extension 'ros'
[0.339s] Level 1:colcon.colcon_core.package_identification:_identify(src) by extensions ['cmake', 'python']
[0.339s] Level 1:colcon.colcon_core.package_identification:_identify(src) by extension 'cmake'
[0.339s] Level 1:colcon.colcon_core.package_identification:_identify(src) by extension 'python'
[0.339s] Level 1:colcon.colcon_core.package_identification:_identify(src) by extensions ['python_setup_py']
[0.339s] Level 1:colcon.colcon_core.package_identification:_identify(src) by extension 'python_setup_py'
[0.339s] Level 1:colcon.colcon_core.package_identification:_identify(src/create_robot) by extensions ['ignore', 'ignore_ament_install']
[0.339s] Level 1:colcon.colcon_core.package_identification:_identify(src/create_robot) by extension 'ignore'
[0.339s] Level 1:colcon.colcon_core.package_identification:_identify(src/create_robot) by extension 'ignore_ament_install'
[0.339s] Level 1:colcon.colcon_core.package_identification:_identify(src/create_robot) by extensions ['colcon_pkg']
[0.339s] Level 1:colcon.colcon_core.package_identification:_identify(src/create_robot) by extension 'colcon_pkg'
[0.339s] Level 1:colcon.colcon_core.package_identification:_identify(src/create_robot) by extensions ['colcon_meta']
[0.339s] Level 1:colcon.colcon_core.package_identification:_identify(src/create_robot) by extension 'colcon_meta'
[0.339s] Level 1:colcon.colcon_core.package_identification:_identify(src/create_robot) by extensions ['ros']
[0.339s] Level 1:colcon.colcon_core.package_identification:_identify(src/create_robot) by extension 'ros'
[0.339s] Level 1:colcon.colcon_core.package_identification:_identify(src/create_robot) by extensions ['cmake', 'python']
[0.340s] Level 1:colcon.colcon_core.package_identification:_identify(src/create_robot) by extension 'cmake'
[0.340s] Level 1:colcon.colcon_core.package_identification:_identify(src/create_robot) by extension 'python'
[0.340s] Level 1:colcon.colcon_core.package_identification:_identify(src/create_robot) by extensions ['python_setup_py']
[0.340s] Level 1:colcon.colcon_core.package_identification:_identify(src/create_robot) by extension 'python_setup_py'
[0.340s] Level 1:colcon.colcon_core.package_identification:_identify(src/create_robot/create_bringup) by extensions ['ignore', 'ignore_ament_install']
[0.340s] Level 1:colcon.colcon_core.package_identification:_identify(src/create_robot/create_bringup) by extension 'ignore'
[0.340s] Level 1:colcon.colcon_core.package_identification:_identify(src/create_robot/create_bringup) by extension 'ignore_ament_install'
[0.340s] Level 1:colcon.colcon_core.package_identification:_identify(src/create_robot/create_bringup) by extensions ['colcon_pkg']
[0.340s] Level 1:colcon.colcon_core.package_identification:_identify(src/create_robot/create_bringup) by extension 'colcon_pkg'
[0.340s] Level 1:colcon.colcon_core.package_identification:_identify(src/create_robot/create_bringup) by extensions ['colcon_meta']
[0.340s] Level 1:colcon.colcon_core.package_identification:_identify(src/create_robot/create_bringup) by extension 'colcon_meta'
[0.340s] Level 1:colcon.colcon_core.package_identification:_identify(src/create_robot/create_bringup) by extensions ['ros']
[0.340s] Level 1:colcon.colcon_core.package_identification:_identify(src/create_robot/create_bringup) by extension 'ros'
[0.351s] DEBUG:colcon.colcon_core.package_identification:Package 'src/create_robot/create_bringup' with type 'ros.ament_cmake' and name 'create_bringup'
[0.351s] Level 1:colcon.colcon_core.package_identification:_identify(src/create_robot/create_description) by extensions ['ignore', 'ignore_ament_install']
[0.351s] Level 1:colcon.colcon_core.package_identification:_identify(src/create_robot/create_description) by extension 'ignore'
[0.352s] Level 1:colcon.colcon_core.package_identification:_identify(src/create_robot/create_description) by extension 'ignore_ament_install'
[0.352s] Level 1:colcon.colcon_core.package_identification:_identify(src/create_robot/create_description) by extensions ['colcon_pkg']
[0.352s] Level 1:colcon.colcon_core.package_identification:_identify(src/create_robot/create_description) by extension 'colcon_pkg'
[0.352s] Level 1:colcon.colcon_core.package_identification:_identify(src/create_robot/create_description) by extensions ['colcon_meta']
[0.352s] Level 1:colcon.colcon_core.package_identification:_identify(src/create_robot/create_description) by extension 'colcon_meta'
[0.352s] Level 1:colcon.colcon_core.package_identification:_identify(src/create_robot/create_description) by extensions ['ros']
[0.352s] Level 1:colcon.colcon_core.package_identification:_identify(src/create_robot/create_description) by extension 'ros'
[0.352s] DEBUG:colcon.colcon_core.package_identification:Package 'src/create_robot/create_description' with type 'ros.ament_cmake' and name 'create_description'
[0.353s] Level 1:colcon.colcon_core.package_identification:_identify(src/create_robot/create_driver) by extensions ['ignore', 'ignore_ament_install']
[0.353s] Level 1:colcon.colcon_core.package_identification:_identify(src/create_robot/create_driver) by extension 'ignore'
[0.353s] Level 1:colcon.colcon_core.package_identification:_identify(src/create_robot/create_driver) by extension 'ignore_ament_install'
[0.353s] Level 1:colcon.colcon_core.package_identification:_identify(src/create_robot/create_driver) by extensions ['colcon_pkg']
[0.353s] Level 1:colcon.colcon_core.package_identification:_identify(src/create_robot/create_driver) by extension 'colcon_pkg'
[0.353s] Level 1:colcon.colcon_core.package_identification:_identify(src/create_robot/create_driver) by extensions ['colcon_meta']
[0.353s] Level 1:colcon.colcon_core.package_identification:_identify(src/create_robot/create_driver) by extension 'colcon_meta'
[0.353s] Level 1:colcon.colcon_core.package_identification:_identify(src/create_robot/create_driver) by extensions ['ros']
[0.353s] Level 1:colcon.colcon_core.package_identification:_identify(src/create_robot/create_driver) by extension 'ros'
[0.355s] DEBUG:colcon.colcon_core.package_identification:Package 'src/create_robot/create_driver' with type 'ros.ament_cmake' and name 'create_driver'
[0.355s] Level 1:colcon.colcon_core.package_identification:_identify(src/create_robot/create_msgs) by extensions ['ignore', 'ignore_ament_install']
[0.355s] Level 1:colcon.colcon_core.package_identification:_identify(src/create_robot/create_msgs) by extension 'ignore'
[0.355s] Level 1:colcon.colcon_core.package_identification:_identify(src/create_robot/create_msgs) by extension 'ignore_ament_install'
[0.355s] Level 1:colcon.colcon_core.package_identification:_identify(src/create_robot/create_msgs) by extensions ['colcon_pkg']
[0.355s] Level 1:colcon.colcon_core.package_identification:_identify(src/create_robot/create_msgs) by extension 'colcon_pkg'
[0.355s] Level 1:colcon.colcon_core.package_identification:_identify(src/create_robot/create_msgs) by extensions ['colcon_meta']
[0.355s] Level 1:colcon.colcon_core.package_identification:_identify(src/create_robot/create_msgs) by extension 'colcon_meta'
[0.355s] Level 1:colcon.colcon_core.package_identification:_identify(src/create_robot/create_msgs) by extensions ['ros']
[0.355s] Level 1:colcon.colcon_core.package_identification:_identify(src/create_robot/create_msgs) by extension 'ros'
[0.356s] DEBUG:colcon.colcon_core.package_identification:Package 'src/create_robot/create_msgs' with type 'ros.ament_cmake' and name 'create_msgs'
[0.356s] Level 1:colcon.colcon_core.package_identification:_identify(src/create_robot/create_robot) by extensions ['ignore', 'ignore_ament_install']
[0.356s] Level 1:colcon.colcon_core.package_identification:_identify(src/create_robot/create_robot) by extension 'ignore'
[0.356s] Level 1:colcon.colcon_core.package_identification:_identify(src/create_robot/create_robot) by extension 'ignore_ament_install'
[0.356s] Level 1:colcon.colcon_core.package_identification:_identify(src/create_robot/create_robot) by extensions ['colcon_pkg']
[0.356s] Level 1:colcon.colcon_core.package_identification:_identify(src/create_robot/create_robot) by extension 'colcon_pkg'
[0.356s] Level 1:colcon.colcon_core.package_identification:_identify(src/create_robot/create_robot) by extensions ['colcon_meta']
[0.356s] Level 1:colcon.colcon_core.package_identification:_identify(src/create_robot/create_robot) by extension 'colcon_meta'
[0.356s] Level 1:colcon.colcon_core.package_identification:_identify(src/create_robot/create_robot) by extensions ['ros']
[0.357s] Level 1:colcon.colcon_core.package_identification:_identify(src/create_robot/create_robot) by extension 'ros'
[0.357s] DEBUG:colcon.colcon_core.package_identification:Package 'src/create_robot/create_robot' with type 'ros.ament_cmake' and name 'create_robot'
[0.357s] Level 1:colcon.colcon_core.package_identification:_identify(src/libcreate) by extensions ['ignore', 'ignore_ament_install']
[0.357s] Level 1:colcon.colcon_core.package_identification:_identify(src/libcreate) by extension 'ignore'
[0.357s] Level 1:colcon.colcon_core.package_identification:_identify(src/libcreate) by extension 'ignore_ament_install'
[0.358s] Level 1:colcon.colcon_core.package_identification:_identify(src/libcreate) by extensions ['colcon_pkg']
[0.358s] Level 1:colcon.colcon_core.package_identification:_identify(src/libcreate) by extension 'colcon_pkg'
[0.358s] Level 1:colcon.colcon_core.package_identification:_identify(src/libcreate) by extensions ['colcon_meta']
[0.358s] Level 1:colcon.colcon_core.package_identification:_identify(src/libcreate) by extension 'colcon_meta'
[0.358s] Level 1:colcon.colcon_core.package_identification:_identify(src/libcreate) by extensions ['ros']
[0.358s] Level 1:colcon.colcon_core.package_identification:_identify(src/libcreate) by extension 'ros'
[0.360s] DEBUG:colcon.colcon_core.package_identification:Package 'src/libcreate' with type 'ros.cmake' and name 'libcreate'
[0.360s] Level 1:colcon.colcon_core.package_discovery:discover_packages(recursive) using defaults
[0.360s] Level 1:colcon.colcon_core.package_discovery:discover_packages(ignore) discover
[0.360s] Level 1:colcon.colcon_core.package_discovery:discover_packages(ignore) using defaults
[0.360s] Level 1:colcon.colcon_core.package_discovery:discover_packages(path) discover
[0.360s] Level 1:colcon.colcon_core.package_discovery:discover_packages(path) using defaults
[0.380s] Level 1:colcon.colcon_core.package_discovery:discover_packages(prefix_path) check parameters
[0.380s] Level 1:colcon.colcon_core.package_discovery:discover_packages(prefix_path) discover
[0.386s] DEBUG:colcon.colcon_installed_package_information.package_discovery:Found 6 installed packages in /home/user/create3_examples_ws/install
[0.386s] DEBUG:colcon.colcon_installed_package_information.package_discovery:Found 7 installed packages in /home/user/create_ws/install
[0.387s] DEBUG:colcon.colcon_installed_package_information.package_discovery:Found 2 installed packages in /home/user/sweepbot_ws/install
[0.387s] DEBUG:colcon.colcon_installed_package_information.package_discovery:Found 1 installed packages in /home/user/launch_ws/install
[0.389s] DEBUG:colcon.colcon_installed_package_information.package_discovery:Found 435 installed packages in /opt/ros/humble
[0.391s] Level 1:colcon.colcon_core.package_discovery:discover_packages(prefix_path) using defaults
[0.452s] Level 5:colcon.colcon_core.verb:set package 'create_description' build argument 'cmake_args' from command line to 'None'
[0.452s] Level 5:colcon.colcon_core.verb:set package 'create_description' build argument 'cmake_target' from command line to 'None'
[0.452s] Level 5:colcon.colcon_core.verb:set package 'create_description' build argument 'cmake_target_skip_unavailable' from command line to 'False'
[0.452s] Level 5:colcon.colcon_core.verb:set package 'create_description' build argument 'cmake_clean_cache' from command line to 'False'
[0.452s] Level 5:colcon.colcon_core.verb:set package 'create_description' build argument 'cmake_clean_first' from command line to 'False'
[0.452s] Level 5:colcon.colcon_core.verb:set package 'create_description' build argument 'cmake_force_configure' from command line to 'False'
[0.452s] Level 5:colcon.colcon_core.verb:set package 'create_description' build argument 'ament_cmake_args' from command line to 'None'
[0.452s] Level 5:colcon.colcon_core.verb:set package 'create_description' build argument 'catkin_cmake_args' from command line to 'None'
[0.452s] Level 5:colcon.colcon_core.verb:set package 'create_description' build argument 'catkin_skip_building_tests' from command line to 'False'
[0.452s] DEBUG:colcon.colcon_core.verb:Building package 'create_description' with the following arguments: {'ament_cmake_args': None, 'build_base': '/home/user/create_ws/build/create_description', 'catkin_cmake_args': None, 'catkin_skip_building_tests': False, 'cmake_args': None, 'cmake_clean_cache': False, 'cmake_clean_first': False, 'cmake_force_configure': False, 'cmake_target': None, 'cmake_target_skip_unavailable': False, 'install_base': '/home/user/create_ws/install/create_description', 'merge_install': False, 'path': '/home/user/create_ws/src/create_robot/create_description', 'symlink_install': False, 'test_result_base': None}
[0.452s] Level 5:colcon.colcon_core.verb:set package 'create_msgs' build argument 'cmake_args' from command line to 'None'
[0.452s] Level 5:colcon.colcon_core.verb:set package 'create_msgs' build argument 'cmake_target' from command line to 'None'
[0.452s] Level 5:colcon.colcon_core.verb:set package 'create_msgs' build argument 'cmake_target_skip_unavailable' from command line to 'False'
[0.452s] Level 5:colcon.colcon_core.verb:set package 'create_msgs' build argument 'cmake_clean_cache' from command line to 'False'
[0.452s] Level 5:colcon.colcon_core.verb:set package 'create_msgs' build argument 'cmake_clean_first' from command line to 'False'
[0.452s] Level 5:colcon.colcon_core.verb:set package 'create_msgs' build argument 'cmake_force_configure' from command line to 'False'
[0.452s] Level 5:colcon.colcon_core.verb:set package 'create_msgs' build argument 'ament_cmake_args' from command line to 'None'
[0.452s] Level 5:colcon.colcon_core.verb:set package 'create_msgs' build argument 'catkin_cmake_args' from command line to 'None'
[0.452s] Level 5:colcon.colcon_core.verb:set package 'create_msgs' build argument 'catkin_skip_building_tests' from command line to 'False'
[0.452s] DEBUG:colcon.colcon_core.verb:Building package 'create_msgs' with the following arguments: {'ament_cmake_args': None, 'build_base': '/home/user/create_ws/build/create_msgs', 'catkin_cmake_args': None, 'catkin_skip_building_tests': False, 'cmake_args': None, 'cmake_clean_cache': False, 'cmake_clean_first': False, 'cmake_force_configure': False, 'cmake_target': None, 'cmake_target_skip_unavailable': False, 'install_base': '/home/user/create_ws/install/create_msgs', 'merge_install': False, 'path': '/home/user/create_ws/src/create_robot/create_msgs', 'symlink_install': False, 'test_result_base': None}
[0.453s] Level 5:colcon.colcon_core.verb:set package 'libcreate' build argument 'cmake_args' from command line to 'None'
[0.453s] Level 5:colcon.colcon_core.verb:set package 'libcreate' build argument 'cmake_target' from command line to 'None'
[0.453s] Level 5:colcon.colcon_core.verb:set package 'libcreate' build argument 'cmake_target_skip_unavailable' from command line to 'False'
[0.453s] Level 5:colcon.colcon_core.verb:set package 'libcreate' build argument 'cmake_clean_cache' from command line to 'False'
[0.453s] Level 5:colcon.colcon_core.verb:set package 'libcreate' build argument 'cmake_clean_first' from command line to 'False'
[0.453s] Level 5:colcon.colcon_core.verb:set package 'libcreate' build argument 'cmake_force_configure' from command line to 'False'
[0.453s] Level 5:colcon.colcon_core.verb:set package 'libcreate' build argument 'ament_cmake_args' from command line to 'None'
[0.453s] Level 5:colcon.colcon_core.verb:set package 'libcreate' build argument 'catkin_cmake_args' from command line to 'None'
[0.453s] Level 5:colcon.colcon_core.verb:set package 'libcreate' build argument 'catkin_skip_building_tests' from command line to 'False'
[0.453s] DEBUG:colcon.colcon_core.verb:Building package 'libcreate' with the following arguments: {'ament_cmake_args': None, 'build_base': '/home/user/create_ws/build/libcreate', 'catkin_cmake_args': None, 'catkin_skip_building_tests': False, 'cmake_args': None, 'cmake_clean_cache': False, 'cmake_clean_first': False, 'cmake_force_configure': False, 'cmake_target': None, 'cmake_target_skip_unavailable': False, 'install_base': '/home/user/create_ws/install/libcreate', 'merge_install': False, 'path': '/home/user/create_ws/src/libcreate', 'symlink_install': False, 'test_result_base': None}
[0.453s] Level 5:colcon.colcon_core.verb:set package 'create_driver' build argument 'cmake_args' from command line to 'None'
[0.453s] Level 5:colcon.colcon_core.verb:set package 'create_driver' build argument 'cmake_target' from command line to 'None'
[0.453s] Level 5:colcon.colcon_core.verb:set package 'create_driver' build argument 'cmake_target_skip_unavailable' from command line to 'False'
[0.453s] Level 5:colcon.colcon_core.verb:set package 'create_driver' build argument 'cmake_clean_cache' from command line to 'False'
[0.453s] Level 5:colcon.colcon_core.verb:set package 'create_driver' build argument 'cmake_clean_first' from command line to 'False'
[0.453s] Level 5:colcon.colcon_core.verb:set package 'create_driver' build argument 'cmake_force_configure' from command line to 'False'
[0.453s] Level 5:colcon.colcon_core.verb:set package 'create_driver' build argument 'ament_cmake_args' from command line to 'None'
[0.453s] Level 5:colcon.colcon_core.verb:set package 'create_driver' build argument 'catkin_cmake_args' from command line to 'None'
[0.453s] Level 5:colcon.colcon_core.verb:set package 'create_driver' build argument 'catkin_skip_building_tests' from command line to 'False'
[0.454s] DEBUG:colcon.colcon_core.verb:Building package 'create_driver' with the following arguments: {'ament_cmake_args': None, 'build_base': '/home/user/create_ws/build/create_driver', 'catkin_cmake_args': None, 'catkin_skip_building_tests': False, 'cmake_args': None, 'cmake_clean_cache': False, 'cmake_clean_first': False, 'cmake_force_configure': False, 'cmake_target': None, 'cmake_target_skip_unavailable': False, 'install_base': '/home/user/create_ws/install/create_driver', 'merge_install': False, 'path': '/home/user/create_ws/src/create_robot/create_driver', 'symlink_install': False, 'test_result_base': None}
[0.454s] Level 5:colcon.colcon_core.verb:set package 'create_bringup' build argument 'cmake_args' from command line to 'None'
[0.454s] Level 5:colcon.colcon_core.verb:set package 'create_bringup' build argument 'cmake_target' from command line to 'None'
[0.454s] Level 5:colcon.colcon_core.verb:set package 'create_bringup' build argument 'cmake_target_skip_unavailable' from command line to 'False'
[0.454s] Level 5:colcon.colcon_core.verb:set package 'create_bringup' build argument 'cmake_clean_cache' from command line to 'False'
[0.454s] Level 5:colcon.colcon_core.verb:set package 'create_bringup' build argument 'cmake_clean_first' from command line to 'False'
[0.454s] Level 5:colcon.colcon_core.verb:set package 'create_bringup' build argument 'cmake_force_configure' from command line to 'False'
[0.454s] Level 5:colcon.colcon_core.verb:set package 'create_bringup' build argument 'ament_cmake_args' from command line to 'None'
[0.454s] Level 5:colcon.colcon_core.verb:set package 'create_bringup' build argument 'catkin_cmake_args' from command line to 'None'
[0.454s] Level 5:colcon.colcon_core.verb:set package 'create_bringup' build argument 'catkin_skip_building_tests' from command line to 'False'
[0.454s] DEBUG:colcon.colcon_core.verb:Building package 'create_bringup' with the following arguments: {'ament_cmake_args': None, 'build_base': '/home/user/create_ws/build/create_bringup', 'catkin_cmake_args': None, 'catkin_skip_building_tests': False, 'cmake_args': None, 'cmake_clean_cache': False, 'cmake_clean_first': False, 'cmake_force_configure': False, 'cmake_target': None, 'cmake_target_skip_unavailable': False, 'install_base': '/home/user/create_ws/install/create_bringup', 'merge_install': False, 'path': '/home/user/create_ws/src/create_robot/create_bringup', 'symlink_install': False, 'test_result_base': None}
[0.454s] Level 5:colcon.colcon_core.verb:set package 'create_robot' build argument 'cmake_args' from command line to 'None'
[0.454s] Level 5:colcon.colcon_core.verb:set package 'create_robot' build argument 'cmake_target' from command line to 'None'
[0.454s] Level 5:colcon.colcon_core.verb:set package 'create_robot' build argument 'cmake_target_skip_unavailable' from command line to 'False'
[0.454s] Level 5:colcon.colcon_core.verb:set package 'create_robot' build argument 'cmake_clean_cache' from command line to 'False'
[0.455s] Level 5:colcon.colcon_core.verb:set package 'create_robot' build argument 'cmake_clean_first' from command line to 'False'
[0.455s] Level 5:colcon.colcon_core.verb:set package 'create_robot' build argument 'cmake_force_configure' from command line to 'False'
[0.455s] Level 5:colcon.colcon_core.verb:set package 'create_robot' build argument 'ament_cmake_args' from command line to 'None'
[0.455s] Level 5:colcon.colcon_core.verb:set package 'create_robot' build argument 'catkin_cmake_args' from command line to 'None'
[0.455s] Level 5:colcon.colcon_core.verb:set package 'create_robot' build argument 'catkin_skip_building_tests' from command line to 'False'
[0.455s] DEBUG:colcon.colcon_core.verb:Building package 'create_robot' with the following arguments: {'ament_cmake_args': None, 'build_base': '/home/user/create_ws/build/create_robot', 'catkin_cmake_args': None, 'catkin_skip_building_tests': False, 'cmake_args': None, 'cmake_clean_cache': False, 'cmake_clean_first': False, 'cmake_force_configure': False, 'cmake_target': None, 'cmake_target_skip_unavailable': False, 'install_base': '/home/user/create_ws/install/create_robot', 'merge_install': False, 'path': '/home/user/create_ws/src/create_robot/create_robot', 'symlink_install': False, 'test_result_base': None}
[0.455s] INFO:colcon.colcon_core.executor:Executing jobs using 'parallel' executor
[0.456s] DEBUG:colcon.colcon_parallel_executor.executor.parallel:run_until_complete
[0.456s] INFO:colcon.colcon_ros.task.ament_cmake.build:Building ROS package in '/home/user/create_ws/src/create_robot/create_msgs' with build type 'ament_cmake'
[0.457s] INFO:colcon.colcon_cmake.task.cmake.build:Building CMake package in '/home/user/create_ws/src/create_robot/create_msgs'
[0.460s] INFO:colcon.colcon_core.plugin_system:Skipping extension 'colcon_core.shell.bat': Not used on non-Windows systems
[0.461s] INFO:colcon.colcon_core.shell:Skip shell extension 'powershell' for command environment: Not usable outside of PowerShell
[0.461s] DEBUG:colcon.colcon_core.shell:Skip shell extension 'dsv' for command environment
[0.467s] INFO:colcon.colcon_ros.task.cmake.build:Building ROS package in '/home/user/create_ws/src/libcreate' with build type 'cmake'
[0.467s] INFO:colcon.colcon_cmake.task.cmake.build:Building CMake package in '/home/user/create_ws/src/libcreate'
[0.467s] INFO:colcon.colcon_core.shell:Skip shell extension 'powershell' for command environment: Not usable outside of PowerShell
[0.467s] DEBUG:colcon.colcon_core.shell:Skip shell extension 'dsv' for command environment
[0.473s] INFO:colcon.colcon_ros.task.ament_cmake.build:Building ROS package in '/home/user/create_ws/src/create_robot/create_description' with build type 'ament_cmake'
[0.473s] INFO:colcon.colcon_cmake.task.cmake.build:Building CMake package in '/home/user/create_ws/src/create_robot/create_description'
[0.473s] INFO:colcon.colcon_core.shell:Skip shell extension 'powershell' for command environment: Not usable outside of PowerShell
[0.474s] DEBUG:colcon.colcon_core.shell:Skip shell extension 'dsv' for command environment
[0.484s] DEBUG:colcon.colcon_core.event_handler.log_command:Invoking command in '/home/user/create_ws/build/create_msgs': CMAKE_PREFIX_PATH=${CMAKE_PREFIX_PATH}:/home/user/launch_ws/install/py_launch_example:/home/user/create3_examples_ws/install/create3_teleop:/home/user/create3_examples_ws/install/create3_examples_py:/home/user/sweepbot_ws/install/sweepbot:/home/user/sweepbot_ws/install/my_teleop_config:/opt/ros/humble /usr/bin/cmake --build /home/user/create_ws/build/create_msgs -- -j8 -l8
[0.489s] DEBUG:colcon.colcon_core.event_handler.log_command:Invoking command in '/home/user/create_ws/build/libcreate': CMAKE_PREFIX_PATH=${CMAKE_PREFIX_PATH}:/home/user/launch_ws/install/py_launch_example:/home/user/create3_examples_ws/install/create3_teleop:/home/user/create3_examples_ws/install/create3_examples_py:/home/user/sweepbot_ws/install/sweepbot:/home/user/sweepbot_ws/install/my_teleop_config:/opt/ros/humble /usr/bin/cmake --build /home/user/create_ws/build/libcreate -- -j8 -l8
[0.494s] DEBUG:colcon.colcon_core.event_handler.log_command:Invoking command in '/home/user/create_ws/build/create_description': CMAKE_PREFIX_PATH=${CMAKE_PREFIX_PATH}:/home/user/launch_ws/install/py_launch_example:/home/user/create3_examples_ws/install/create3_teleop:/home/user/create3_examples_ws/install/create3_examples_py:/home/user/sweepbot_ws/install/sweepbot:/home/user/sweepbot_ws/install/my_teleop_config:/opt/ros/humble /usr/bin/cmake --build /home/user/create_ws/build/create_description -- -j8 -l8
[0.923s] DEBUG:colcon.colcon_core.event_handler.log_command:Invoked command in '/home/user/create_ws/build/create_description' returned '0': CMAKE_PREFIX_PATH=${CMAKE_PREFIX_PATH}:/home/user/launch_ws/install/py_launch_example:/home/user/create3_examples_ws/install/create3_teleop:/home/user/create3_examples_ws/install/create3_examples_py:/home/user/sweepbot_ws/install/sweepbot:/home/user/sweepbot_ws/install/my_teleop_config:/opt/ros/humble /usr/bin/cmake --build /home/user/create_ws/build/create_description -- -j8 -l8
[0.939s] DEBUG:colcon.colcon_core.event_handler.log_command:Invoking command in '/home/user/create_ws/build/create_description': CMAKE_PREFIX_PATH=${CMAKE_PREFIX_PATH}:/home/user/launch_ws/install/py_launch_example:/home/user/create3_examples_ws/install/create3_teleop:/home/user/create3_examples_ws/install/create3_examples_py:/home/user/sweepbot_ws/install/sweepbot:/home/user/sweepbot_ws/install/my_teleop_config:/opt/ros/humble /usr/bin/cmake --install /home/user/create_ws/build/create_description
[0.963s] Level 1:colcon.colcon_core.environment:create_environment_scripts_only(create_description)
[0.964s] DEBUG:colcon.colcon_core.event_handler.log_command:Invoked command in '/home/user/create_ws/build/create_description' returned '0': CMAKE_PREFIX_PATH=${CMAKE_PREFIX_PATH}:/home/user/launch_ws/install/py_launch_example:/home/user/create3_examples_ws/install/create3_teleop:/home/user/create3_examples_ws/install/create3_examples_py:/home/user/sweepbot_ws/install/sweepbot:/home/user/sweepbot_ws/install/my_teleop_config:/opt/ros/humble /usr/bin/cmake --install /home/user/create_ws/build/create_description
[0.972s] Level 1:colcon.colcon_core.environment:checking '/home/user/create_ws/install/create_description' for CMake module files
[0.973s] Level 1:colcon.colcon_core.environment:checking '/home/user/create_ws/install/create_description' for CMake config files
[0.973s] Level 1:colcon.colcon_core.shell:create_environment_hook('create_description', 'cmake_prefix_path')
[0.974s] INFO:colcon.colcon_core.shell:Creating environment hook '/home/user/create_ws/install/create_description/share/create_description/hook/cmake_prefix_path.ps1'
[0.975s] INFO:colcon.colcon_core.shell:Creating environment descriptor '/home/user/create_ws/install/create_description/share/create_description/hook/cmake_prefix_path.dsv'
[0.976s] INFO:colcon.colcon_core.shell:Creating environment hook '/home/user/create_ws/install/create_description/share/create_description/hook/cmake_prefix_path.sh'
[0.978s] Level 1:colcon.colcon_core.environment:checking '/home/user/create_ws/install/create_description/bin'
[0.978s] Level 1:colcon.colcon_core.environment:checking '/home/user/create_ws/install/create_description/lib/pkgconfig/create_description.pc'
[0.979s] Level 1:colcon.colcon_core.environment:checking '/home/user/create_ws/install/create_description/lib/python3.10/site-packages'
[0.979s] Level 1:colcon.colcon_core.environment:checking '/home/user/create_ws/install/create_description/bin'
[0.980s] INFO:colcon.colcon_core.shell:Creating package script '/home/user/create_ws/install/create_description/share/create_description/package.ps1'
[0.982s] INFO:colcon.colcon_core.shell:Creating package descriptor '/home/user/create_ws/install/create_description/share/create_description/package.dsv'
[0.983s] INFO:colcon.colcon_core.shell:Creating package script '/home/user/create_ws/install/create_description/share/create_description/package.sh'
[0.984s] INFO:colcon.colcon_core.shell:Creating package script '/home/user/create_ws/install/create_description/share/create_description/package.bash'
[0.986s] INFO:colcon.colcon_core.shell:Creating package script '/home/user/create_ws/install/create_description/share/create_description/package.zsh'
[0.987s] Level 1:colcon.colcon_core.environment:create_file_with_runtime_dependencies(/home/user/create_ws/install/create_description/share/colcon-core/packages/create_description)
[0.988s] Level 1:colcon.colcon_core.environment:create_environment_scripts_only(create_description)
[0.989s] Level 1:colcon.colcon_core.environment:checking '/home/user/create_ws/install/create_description' for CMake module files
[0.989s] Level 1:colcon.colcon_core.environment:checking '/home/user/create_ws/install/create_description' for CMake config files
[0.990s] Level 1:colcon.colcon_core.shell:create_environment_hook('create_description', 'cmake_prefix_path')
[0.990s] INFO:colcon.colcon_core.shell:Creating environment hook '/home/user/create_ws/install/create_description/share/create_description/hook/cmake_prefix_path.ps1'
[0.991s] INFO:colcon.colcon_core.shell:Creating environment descriptor '/home/user/create_ws/install/create_description/share/create_description/hook/cmake_prefix_path.dsv'
[0.992s] INFO:colcon.colcon_core.shell:Creating environment hook '/home/user/create_ws/install/create_description/share/create_description/hook/cmake_prefix_path.sh'
[0.993s] Level 1:colcon.colcon_core.environment:checking '/home/user/create_ws/install/create_description/bin'
[0.993s] Level 1:colcon.colcon_core.environment:checking '/home/user/create_ws/install/create_description/lib/pkgconfig/create_description.pc'
[0.993s] Level 1:colcon.colcon_core.environment:checking '/home/user/create_ws/install/create_description/lib/python3.10/site-packages'
[0.994s] Level 1:colcon.colcon_core.environment:checking '/home/user/create_ws/install/create_description/bin'
[0.995s] INFO:colcon.colcon_core.shell:Creating package script '/home/user/create_ws/install/create_description/share/create_description/package.ps1'
[0.995s] INFO:colcon.colcon_core.shell:Creating package descriptor '/home/user/create_ws/install/create_description/share/create_description/package.dsv'
[0.996s] INFO:colcon.colcon_core.shell:Creating package script '/home/user/create_ws/install/create_description/share/create_description/package.sh'
[0.997s] INFO:colcon.colcon_core.shell:Creating package script '/home/user/create_ws/install/create_description/share/create_description/package.bash'
[0.998s] INFO:colcon.colcon_core.shell:Creating package script '/home/user/create_ws/install/create_description/share/create_description/package.zsh'
[0.998s] Level 1:colcon.colcon_core.environment:create_file_with_runtime_dependencies(/home/user/create_ws/install/create_description/share/colcon-core/packages/create_description)
[13.506s] DEBUG:colcon.colcon_core.event_handler.log_command:Invoked command in '/home/user/create_ws/build/create_msgs' returned '0': CMAKE_PREFIX_PATH=${CMAKE_PREFIX_PATH}:/home/user/launch_ws/install/py_launch_example:/home/user/create3_examples_ws/install/create3_teleop:/home/user/create3_examples_ws/install/create3_examples_py:/home/user/sweepbot_ws/install/sweepbot:/home/user/sweepbot_ws/install/my_teleop_config:/opt/ros/humble /usr/bin/cmake --build /home/user/create_ws/build/create_msgs -- -j8 -l8
[13.509s] DEBUG:colcon.colcon_core.event_handler.log_command:Invoking command in '/home/user/create_ws/build/create_msgs': CMAKE_PREFIX_PATH=${CMAKE_PREFIX_PATH}:/home/user/launch_ws/install/py_launch_example:/home/user/create3_examples_ws/install/create3_teleop:/home/user/create3_examples_ws/install/create3_examples_py:/home/user/sweepbot_ws/install/sweepbot:/home/user/sweepbot_ws/install/my_teleop_config:/opt/ros/humble /usr/bin/cmake --install /home/user/create_ws/build/create_msgs
[13.647s] Level 1:colcon.colcon_core.environment:create_environment_scripts_only(create_msgs)
[13.648s] Level 1:colcon.colcon_core.environment:checking '/home/user/create_ws/install/create_msgs' for CMake module files
[13.648s] DEBUG:colcon.colcon_core.event_handler.log_command:Invoked command in '/home/user/create_ws/build/create_msgs' returned '0': CMAKE_PREFIX_PATH=${CMAKE_PREFIX_PATH}:/home/user/launch_ws/install/py_launch_example:/home/user/create3_examples_ws/install/create3_teleop:/home/user/create3_examples_ws/install/create3_examples_py:/home/user/sweepbot_ws/install/sweepbot:/home/user/sweepbot_ws/install/my_teleop_config:/opt/ros/humble /usr/bin/cmake --install /home/user/create_ws/build/create_msgs
[13.649s] Level 1:colcon.colcon_core.environment:checking '/home/user/create_ws/install/create_msgs' for CMake config files
[13.650s] Level 1:colcon.colcon_core.shell:create_environment_hook('create_msgs', 'cmake_prefix_path')
[13.651s] INFO:colcon.colcon_core.shell:Creating environment hook '/home/user/create_ws/install/create_msgs/share/create_msgs/hook/cmake_prefix_path.ps1'
[13.651s] INFO:colcon.colcon_core.shell:Creating environment descriptor '/home/user/create_ws/install/create_msgs/share/create_msgs/hook/cmake_prefix_path.dsv'
[13.652s] INFO:colcon.colcon_core.shell:Creating environment hook '/home/user/create_ws/install/create_msgs/share/create_msgs/hook/cmake_prefix_path.sh'
[13.653s] Level 1:colcon.colcon_core.environment:checking '/home/user/create_ws/install/create_msgs/lib'
[13.653s] Level 1:colcon.colcon_core.shell:create_environment_hook('create_msgs', 'ld_library_path_lib')
[13.654s] INFO:colcon.colcon_core.shell:Creating environment hook '/home/user/create_ws/install/create_msgs/share/create_msgs/hook/ld_library_path_lib.ps1'
[13.654s] INFO:colcon.colcon_core.shell:Creating environment descriptor '/home/user/create_ws/install/create_msgs/share/create_msgs/hook/ld_library_path_lib.dsv'
[13.655s] INFO:colcon.colcon_core.shell:Creating environment hook '/home/user/create_ws/install/create_msgs/share/create_msgs/hook/ld_library_path_lib.sh'
[13.656s] Level 1:colcon.colcon_core.environment:checking '/home/user/create_ws/install/create_msgs/bin'
[13.656s] Level 1:colcon.colcon_core.environment:checking '/home/user/create_ws/install/create_msgs/lib/pkgconfig/create_msgs.pc'
[13.656s] Level 1:colcon.colcon_core.environment:checking '/home/user/create_ws/install/create_msgs/lib/python3.10/site-packages'
[13.657s] Level 1:colcon.colcon_core.environment:checking '/home/user/create_ws/install/create_msgs/bin'
[13.657s] INFO:colcon.colcon_core.shell:Creating package script '/home/user/create_ws/install/create_msgs/share/create_msgs/package.ps1'
[13.658s] INFO:colcon.colcon_core.shell:Creating package descriptor '/home/user/create_ws/install/create_msgs/share/create_msgs/package.dsv'
[13.659s] INFO:colcon.colcon_core.shell:Creating package script '/home/user/create_ws/install/create_msgs/share/create_msgs/package.sh'
[13.660s] INFO:colcon.colcon_core.shell:Creating package script '/home/user/create_ws/install/create_msgs/share/create_msgs/package.bash'
[13.661s] INFO:colcon.colcon_core.shell:Creating package script '/home/user/create_ws/install/create_msgs/share/create_msgs/package.zsh'
[13.661s] Level 1:colcon.colcon_core.environment:create_file_with_runtime_dependencies(/home/user/create_ws/install/create_msgs/share/colcon-core/packages/create_msgs)
[13.662s] Level 1:colcon.colcon_core.environment:create_environment_scripts_only(create_msgs)
[13.663s] Level 1:colcon.colcon_core.environment:checking '/home/user/create_ws/install/create_msgs' for CMake module files
[13.664s] Level 1:colcon.colcon_core.environment:checking '/home/user/create_ws/install/create_msgs' for CMake config files
[13.664s] Level 1:colcon.colcon_core.shell:create_environment_hook('create_msgs', 'cmake_prefix_path')
[13.665s] INFO:colcon.colcon_core.shell:Creating environment hook '/home/user/create_ws/install/create_msgs/share/create_msgs/hook/cmake_prefix_path.ps1'
[13.666s] INFO:colcon.colcon_core.shell:Creating environment descriptor '/home/user/create_ws/install/create_msgs/share/create_msgs/hook/cmake_prefix_path.dsv'
[13.666s] INFO:colcon.colcon_core.shell:Creating environment hook '/home/user/create_ws/install/create_msgs/share/create_msgs/hook/cmake_prefix_path.sh'
[13.667s] Level 1:colcon.colcon_core.environment:checking '/home/user/create_ws/install/create_msgs/lib'
[13.668s] Level 1:colcon.colcon_core.shell:create_environment_hook('create_msgs', 'ld_library_path_lib')
[13.668s] INFO:colcon.colcon_core.shell:Creating environment hook '/home/user/create_ws/install/create_msgs/share/create_msgs/hook/ld_library_path_lib.ps1'
[13.669s] INFO:colcon.colcon_core.shell:Creating environment descriptor '/home/user/create_ws/install/create_msgs/share/create_msgs/hook/ld_library_path_lib.dsv'
[13.669s] INFO:colcon.colcon_core.shell:Creating environment hook '/home/user/create_ws/install/create_msgs/share/create_msgs/hook/ld_library_path_lib.sh'
[13.670s] Level 1:colcon.colcon_core.environment:checking '/home/user/create_ws/install/create_msgs/bin'
[13.670s] Level 1:colcon.colcon_core.environment:checking '/home/user/create_ws/install/create_msgs/lib/pkgconfig/create_msgs.pc'
[13.671s] Level 1:colcon.colcon_core.environment:checking '/home/user/create_ws/install/create_msgs/lib/python3.10/site-packages'
[13.671s] Level 1:colcon.colcon_core.environment:checking '/home/user/create_ws/install/create_msgs/bin'
[13.672s] INFO:colcon.colcon_core.shell:Creating package script '/home/user/create_ws/install/create_msgs/share/create_msgs/package.ps1'
[13.673s] INFO:colcon.colcon_core.shell:Creating package descriptor '/home/user/create_ws/install/create_msgs/share/create_msgs/package.dsv'
[13.674s] INFO:colcon.colcon_core.shell:Creating package script '/home/user/create_ws/install/create_msgs/share/create_msgs/package.sh'
[13.675s] INFO:colcon.colcon_core.shell:Creating package script '/home/user/create_ws/install/create_msgs/share/create_msgs/package.bash'
[13.675s] INFO:colcon.colcon_core.shell:Creating package script '/home/user/create_ws/install/create_msgs/share/create_msgs/package.zsh'
[13.676s] Level 1:colcon.colcon_core.environment:create_file_with_runtime_dependencies(/home/user/create_ws/install/create_msgs/share/colcon-core/packages/create_msgs)
[14.569s] DEBUG:colcon.colcon_core.event_handler.log_command:Invoked command in '/home/user/create_ws/build/libcreate' returned '0': CMAKE_PREFIX_PATH=${CMAKE_PREFIX_PATH}:/home/user/launch_ws/install/py_launch_example:/home/user/create3_examples_ws/install/create3_teleop:/home/user/create3_examples_ws/install/create3_examples_py:/home/user/sweepbot_ws/install/sweepbot:/home/user/sweepbot_ws/install/my_teleop_config:/opt/ros/humble /usr/bin/cmake --build /home/user/create_ws/build/libcreate -- -j8 -l8
[14.571s] DEBUG:colcon.colcon_core.event_handler.log_command:Invoking command in '/home/user/create_ws/build/libcreate': CMAKE_PREFIX_PATH=${CMAKE_PREFIX_PATH}:/home/user/launch_ws/install/py_launch_example:/home/user/create3_examples_ws/install/create3_teleop:/home/user/create3_examples_ws/install/create3_examples_py:/home/user/sweepbot_ws/install/sweepbot:/home/user/sweepbot_ws/install/my_teleop_config:/opt/ros/humble /usr/bin/cmake --install /home/user/create_ws/build/libcreate
[14.586s] DEBUG:colcon.colcon_core.event_handler.log_command:Invoked command in '/home/user/create_ws/build/libcreate' returned '0': CMAKE_PREFIX_PATH=${CMAKE_PREFIX_PATH}:/home/user/launch_ws/install/py_launch_example:/home/user/create3_examples_ws/install/create3_teleop:/home/user/create3_examples_ws/install/create3_examples_py:/home/user/sweepbot_ws/install/sweepbot:/home/user/sweepbot_ws/install/my_teleop_config:/opt/ros/humble /usr/bin/cmake --install /home/user/create_ws/build/libcreate
[14.586s] Level 1:colcon.colcon_core.shell:create_environment_hook('libcreate', 'pkg_config_path')
[14.587s] INFO:colcon.colcon_core.shell:Creating environment hook '/home/user/create_ws/install/libcreate/share/libcreate/hook/pkg_config_path.ps1'
[14.587s] INFO:colcon.colcon_core.shell:Creating environment descriptor '/home/user/create_ws/install/libcreate/share/libcreate/hook/pkg_config_path.dsv'
[14.587s] INFO:colcon.colcon_core.shell:Creating environment hook '/home/user/create_ws/install/libcreate/share/libcreate/hook/pkg_config_path.sh'
[14.589s] Level 1:colcon.colcon_core.shell:create_environment_hook('libcreate', 'pkg_config_path_multiarch')
[14.589s] INFO:colcon.colcon_core.shell:Creating environment hook '/home/user/create_ws/install/libcreate/share/libcreate/hook/pkg_config_path_multiarch.ps1'
[14.590s] INFO:colcon.colcon_core.shell:Creating environment descriptor '/home/user/create_ws/install/libcreate/share/libcreate/hook/pkg_config_path_multiarch.dsv'
[14.590s] INFO:colcon.colcon_core.shell:Creating environment hook '/home/user/create_ws/install/libcreate/share/libcreate/hook/pkg_config_path_multiarch.sh'
[14.591s] Level 1:colcon.colcon_core.environment:create_environment_scripts_only(libcreate)
[14.591s] Level 1:colcon.colcon_core.environment:checking '/home/user/create_ws/install/libcreate' for CMake module files
[14.591s] Level 1:colcon.colcon_core.environment:checking '/home/user/create_ws/install/libcreate' for CMake config files
[14.591s] Level 1:colcon.colcon_core.shell:create_environment_hook('libcreate', 'cmake_prefix_path')
[14.591s] INFO:colcon.colcon_core.shell:Creating environment hook '/home/user/create_ws/install/libcreate/share/libcreate/hook/cmake_prefix_path.ps1'
[14.592s] INFO:colcon.colcon_core.shell:Creating environment descriptor '/home/user/create_ws/install/libcreate/share/libcreate/hook/cmake_prefix_path.dsv'
[14.592s] INFO:colcon.colcon_core.shell:Creating environment hook '/home/user/create_ws/install/libcreate/share/libcreate/hook/cmake_prefix_path.sh'
[14.593s] Level 1:colcon.colcon_core.environment:checking '/home/user/create_ws/install/libcreate/lib'
[14.593s] Level 1:colcon.colcon_core.shell:create_environment_hook('libcreate', 'ld_library_path_lib')
[14.593s] INFO:colcon.colcon_core.shell:Creating environment hook '/home/user/create_ws/install/libcreate/share/libcreate/hook/ld_library_path_lib.ps1'
[14.593s] INFO:colcon.colcon_core.shell:Creating environment descriptor '/home/user/create_ws/install/libcreate/share/libcreate/hook/ld_library_path_lib.dsv'
[14.594s] INFO:colcon.colcon_core.shell:Creating environment hook '/home/user/create_ws/install/libcreate/share/libcreate/hook/ld_library_path_lib.sh'
[14.594s] Level 1:colcon.colcon_core.environment:checking '/home/user/create_ws/install/libcreate/bin'
[14.594s] Level 1:colcon.colcon_core.environment:checking '/home/user/create_ws/install/libcreate/lib/pkgconfig/libcreate.pc'
[14.594s] Level 1:colcon.colcon_core.environment:checking '/home/user/create_ws/install/libcreate/lib/python3.10/site-packages'
[14.595s] Level 1:colcon.colcon_core.environment:checking '/home/user/create_ws/install/libcreate/bin'
[14.595s] INFO:colcon.colcon_core.shell:Creating package script '/home/user/create_ws/install/libcreate/share/libcreate/package.ps1'
[14.596s] INFO:colcon.colcon_core.shell:Creating package descriptor '/home/user/create_ws/install/libcreate/share/libcreate/package.dsv'
[14.596s] INFO:colcon.colcon_core.shell:Creating package script '/home/user/create_ws/install/libcreate/share/libcreate/package.sh'
[14.597s] INFO:colcon.colcon_core.shell:Creating package script '/home/user/create_ws/install/libcreate/share/libcreate/package.bash'
[14.597s] INFO:colcon.colcon_core.shell:Creating package script '/home/user/create_ws/install/libcreate/share/libcreate/package.zsh'
[14.597s] Level 1:colcon.colcon_core.environment:create_file_with_runtime_dependencies(/home/user/create_ws/install/libcreate/share/colcon-core/packages/libcreate)
[14.598s] INFO:colcon.colcon_ros.task.ament_cmake.build:Building ROS package in '/home/user/create_ws/src/create_robot/create_driver' with build type 'ament_cmake'
[14.598s] INFO:colcon.colcon_cmake.task.cmake.build:Building CMake package in '/home/user/create_ws/src/create_robot/create_driver'
[14.598s] INFO:colcon.colcon_core.shell:Skip shell extension 'powershell' for command environment: Not usable outside of PowerShell
[14.598s] DEBUG:colcon.colcon_core.shell:Skip shell extension 'dsv' for command environment
[14.614s] DEBUG:colcon.colcon_core.event_handler.log_command:Invoking command in '/home/user/create_ws/build/create_driver': CMAKE_PREFIX_PATH=/home/user/create_ws/install/libcreate:/home/user/create_ws/install/create_msgs:/home/user/create3_examples_ws/install/create3_republisher:/home/user/create3_examples_ws/install/create3_lidar_slam:/home/user/create3_examples_ws/install/create3_coverage:/home/user/create3_examples_ws/install/create3_examples_msgs:/home/user/create_ws/install/create_robot:/home/user/create_ws/install/create_bringup:/home/user/create_ws/install/create_driver:/home/user/create_ws/install/create_description:/home/user/launch_ws/install/py_launch_example:/home/user/create3_examples_ws/install/create3_teleop:/home/user/create3_examples_ws/install/create3_examples_py:/home/user/sweepbot_ws/install/sweepbot:/home/user/sweepbot_ws/install/my_teleop_config:/opt/ros/humble LD_LIBRARY_PATH=/home/user/create_ws/install/libcreate/lib:/home/user/create_ws/install/create_msgs/lib:/home/user/create3_examples_ws/install/create3_coverage/lib:/home/user/create3_examples_ws/install/create3_examples_msgs/lib:/usr/lib/x86_64-linux-gnu/gazebo-11/plugins:/opt/ros/humble/opt/rviz_ogre_vendor/lib:/opt/ros/humble/lib/x86_64-linux-gnu:/opt/ros/humble/lib:/usr/lib/x86_64-linux-gnu/gazebo-11/plugins /usr/bin/cmake --build /home/user/create_ws/build/create_driver -- -j8 -l8
[46.466s] DEBUG:colcon.colcon_core.event_handler.log_command:Invoked command in '/home/user/create_ws/build/create_driver' returned '0': CMAKE_PREFIX_PATH=/home/user/create_ws/install/libcreate:/home/user/create_ws/install/create_msgs:/home/user/create3_examples_ws/install/create3_republisher:/home/user/create3_examples_ws/install/create3_lidar_slam:/home/user/create3_examples_ws/install/create3_coverage:/home/user/create3_examples_ws/install/create3_examples_msgs:/home/user/create_ws/install/create_robot:/home/user/create_ws/install/create_bringup:/home/user/create_ws/install/create_driver:/home/user/create_ws/install/create_description:/home/user/launch_ws/install/py_launch_example:/home/user/create3_examples_ws/install/create3_teleop:/home/user/create3_examples_ws/install/create3_examples_py:/home/user/sweepbot_ws/install/sweepbot:/home/user/sweepbot_ws/install/my_teleop_config:/opt/ros/humble LD_LIBRARY_PATH=/home/user/create_ws/install/libcreate/lib:/home/user/create_ws/install/create_msgs/lib:/home/user/create3_examples_ws/install/create3_coverage/lib:/home/user/create3_examples_ws/install/create3_examples_msgs/lib:/usr/lib/x86_64-linux-gnu/gazebo-11/plugins:/opt/ros/humble/opt/rviz_ogre_vendor/lib:/opt/ros/humble/lib/x86_64-linux-gnu:/opt/ros/humble/lib:/usr/lib/x86_64-linux-gnu/gazebo-11/plugins /usr/bin/cmake --build /home/user/create_ws/build/create_driver -- -j8 -l8
[46.468s] DEBUG:colcon.colcon_core.event_handler.log_command:Invoking command in '/home/user/create_ws/build/create_driver': CMAKE_PREFIX_PATH=/home/user/create_ws/install/libcreate:/home/user/create_ws/install/create_msgs:/home/user/create3_examples_ws/install/create3_republisher:/home/user/create3_examples_ws/install/create3_lidar_slam:/home/user/create3_examples_ws/install/create3_coverage:/home/user/create3_examples_ws/install/create3_examples_msgs:/home/user/create_ws/install/create_robot:/home/user/create_ws/install/create_bringup:/home/user/create_ws/install/create_driver:/home/user/create_ws/install/create_description:/home/user/launch_ws/install/py_launch_example:/home/user/create3_examples_ws/install/create3_teleop:/home/user/create3_examples_ws/install/create3_examples_py:/home/user/sweepbot_ws/install/sweepbot:/home/user/sweepbot_ws/install/my_teleop_config:/opt/ros/humble LD_LIBRARY_PATH=/home/user/create_ws/install/libcreate/lib:/home/user/create_ws/install/create_msgs/lib:/home/user/create3_examples_ws/install/create3_coverage/lib:/home/user/create3_examples_ws/install/create3_examples_msgs/lib:/usr/lib/x86_64-linux-gnu/gazebo-11/plugins:/opt/ros/humble/opt/rviz_ogre_vendor/lib:/opt/ros/humble/lib/x86_64-linux-gnu:/opt/ros/humble/lib:/usr/lib/x86_64-linux-gnu/gazebo-11/plugins /usr/bin/cmake --install /home/user/create_ws/build/create_driver
[46.496s] Level 1:colcon.colcon_core.environment:create_environment_scripts_only(create_driver)
[46.496s] Level 1:colcon.colcon_core.environment:checking '/home/user/create_ws/install/create_driver' for CMake module files
[46.496s] DEBUG:colcon.colcon_core.event_handler.log_command:Invoked command in '/home/user/create_ws/build/create_driver' returned '0': CMAKE_PREFIX_PATH=/home/user/create_ws/install/libcreate:/home/user/create_ws/install/create_msgs:/home/user/create3_examples_ws/install/create3_republisher:/home/user/create3_examples_ws/install/create3_lidar_slam:/home/user/create3_examples_ws/install/create3_coverage:/home/user/create3_examples_ws/install/create3_examples_msgs:/home/user/create_ws/install/create_robot:/home/user/create_ws/install/create_bringup:/home/user/create_ws/install/create_driver:/home/user/create_ws/install/create_description:/home/user/launch_ws/install/py_launch_example:/home/user/create3_examples_ws/install/create3_teleop:/home/user/create3_examples_ws/install/create3_examples_py:/home/user/sweepbot_ws/install/sweepbot:/home/user/sweepbot_ws/install/my_teleop_config:/opt/ros/humble LD_LIBRARY_PATH=/home/user/create_ws/install/libcreate/lib:/home/user/create_ws/install/create_msgs/lib:/home/user/create3_examples_ws/install/create3_coverage/lib:/home/user/create3_examples_ws/install/create3_examples_msgs/lib:/usr/lib/x86_64-linux-gnu/gazebo-11/plugins:/opt/ros/humble/opt/rviz_ogre_vendor/lib:/opt/ros/humble/lib/x86_64-linux-gnu:/opt/ros/humble/lib:/usr/lib/x86_64-linux-gnu/gazebo-11/plugins /usr/bin/cmake --install /home/user/create_ws/build/create_driver
[46.497s] Level 1:colcon.colcon_core.environment:checking '/home/user/create_ws/install/create_driver' for CMake config files
[46.497s] Level 1:colcon.colcon_core.shell:create_environment_hook('create_driver', 'cmake_prefix_path')
[46.497s] INFO:colcon.colcon_core.shell:Creating environment hook '/home/user/create_ws/install/create_driver/share/create_driver/hook/cmake_prefix_path.ps1'
[46.498s] INFO:colcon.colcon_core.shell:Creating environment descriptor '/home/user/create_ws/install/create_driver/share/create_driver/hook/cmake_prefix_path.dsv'
[46.498s] INFO:colcon.colcon_core.shell:Creating environment hook '/home/user/create_ws/install/create_driver/share/create_driver/hook/cmake_prefix_path.sh'
[46.499s] Level 1:colcon.colcon_core.environment:checking '/home/user/create_ws/install/create_driver/lib'
[46.499s] Level 1:colcon.colcon_core.environment:checking '/home/user/create_ws/install/create_driver/bin'
[46.499s] Level 1:colcon.colcon_core.environment:checking '/home/user/create_ws/install/create_driver/lib/pkgconfig/create_driver.pc'
[46.499s] Level 1:colcon.colcon_core.environment:checking '/home/user/create_ws/install/create_driver/lib/python3.10/site-packages'
[46.499s] Level 1:colcon.colcon_core.environment:checking '/home/user/create_ws/install/create_driver/bin'
[46.500s] INFO:colcon.colcon_core.shell:Creating package script '/home/user/create_ws/install/create_driver/share/create_driver/package.ps1'
[46.500s] INFO:colcon.colcon_core.shell:Creating package descriptor '/home/user/create_ws/install/create_driver/share/create_driver/package.dsv'
[46.500s] INFO:colcon.colcon_core.shell:Creating package script '/home/user/create_ws/install/create_driver/share/create_driver/package.sh'
[46.501s] INFO:colcon.colcon_core.shell:Creating package script '/home/user/create_ws/install/create_driver/share/create_driver/package.bash'
[46.501s] INFO:colcon.colcon_core.shell:Creating package script '/home/user/create_ws/install/create_driver/share/create_driver/package.zsh'
[46.501s] Level 1:colcon.colcon_core.environment:create_file_with_runtime_dependencies(/home/user/create_ws/install/create_driver/share/colcon-core/packages/create_driver)
[46.502s] Level 1:colcon.colcon_core.environment:create_environment_scripts_only(create_driver)
[46.502s] Level 1:colcon.colcon_core.environment:checking '/home/user/create_ws/install/create_driver' for CMake module files
[46.503s] Level 1:colcon.colcon_core.environment:checking '/home/user/create_ws/install/create_driver' for CMake config files
[46.503s] Level 1:colcon.colcon_core.shell:create_environment_hook('create_driver', 'cmake_prefix_path')
[46.503s] INFO:colcon.colcon_core.shell:Creating environment hook '/home/user/create_ws/install/create_driver/share/create_driver/hook/cmake_prefix_path.ps1'
[46.503s] INFO:colcon.colcon_core.shell:Creating environment descriptor '/home/user/create_ws/install/create_driver/share/create_driver/hook/cmake_prefix_path.dsv'
[46.504s] INFO:colcon.colcon_core.shell:Creating environment hook '/home/user/create_ws/install/create_driver/share/create_driver/hook/cmake_prefix_path.sh'
[46.505s] Level 1:colcon.colcon_core.environment:checking '/home/user/create_ws/install/create_driver/lib'
[46.505s] Level 1:colcon.colcon_core.environment:checking '/home/user/create_ws/install/create_driver/bin'
[46.505s] Level 1:colcon.colcon_core.environment:checking '/home/user/create_ws/install/create_driver/lib/pkgconfig/create_driver.pc'
[46.505s] Level 1:colcon.colcon_core.environment:checking '/home/user/create_ws/install/create_driver/lib/python3.10/site-packages'
[46.505s] Level 1:colcon.colcon_core.environment:checking '/home/user/create_ws/install/create_driver/bin'
[46.505s] INFO:colcon.colcon_core.shell:Creating package script '/home/user/create_ws/install/create_driver/share/create_driver/package.ps1'
[46.506s] INFO:colcon.colcon_core.shell:Creating package descriptor '/home/user/create_ws/install/create_driver/share/create_driver/package.dsv'
[46.506s] INFO:colcon.colcon_core.shell:Creating package script '/home/user/create_ws/install/create_driver/share/create_driver/package.sh'
[46.507s] INFO:colcon.colcon_core.shell:Creating package script '/home/user/create_ws/install/create_driver/share/create_driver/package.bash'
[46.507s] INFO:colcon.colcon_core.shell:Creating package script '/home/user/create_ws/install/create_driver/share/create_driver/package.zsh'
[46.508s] Level 1:colcon.colcon_core.environment:create_file_with_runtime_dependencies(/home/user/create_ws/install/create_driver/share/colcon-core/packages/create_driver)
[46.508s] INFO:colcon.colcon_ros.task.ament_cmake.build:Building ROS package in '/home/user/create_ws/src/create_robot/create_bringup' with build type 'ament_cmake'
[46.508s] INFO:colcon.colcon_cmake.task.cmake.build:Building CMake package in '/home/user/create_ws/src/create_robot/create_bringup'
[46.508s] INFO:colcon.colcon_core.shell:Skip shell extension 'powershell' for command environment: Not usable outside of PowerShell
[46.508s] DEBUG:colcon.colcon_core.shell:Skip shell extension 'dsv' for command environment
[46.525s] DEBUG:colcon.colcon_core.event_handler.log_command:Invoking command in '/home/user/create_ws/build/create_bringup': CMAKE_PREFIX_PATH=/home/user/create_ws/install/create_driver:/home/user/create_ws/install/libcreate:/home/user/create_ws/install/create_msgs:/home/user/create_ws/install/create_description:/home/user/create3_examples_ws/install/create3_republisher:/home/user/create3_examples_ws/install/create3_lidar_slam:/home/user/create3_examples_ws/install/create3_coverage:/home/user/create3_examples_ws/install/create3_examples_msgs:/home/user/create_ws/install/create_robot:/home/user/create_ws/install/create_bringup:/home/user/launch_ws/install/py_launch_example:/home/user/create3_examples_ws/install/create3_teleop:/home/user/create3_examples_ws/install/create3_examples_py:/home/user/sweepbot_ws/install/sweepbot:/home/user/sweepbot_ws/install/my_teleop_config:/opt/ros/humble LD_LIBRARY_PATH=/home/user/create_ws/install/libcreate/lib:/home/user/create_ws/install/create_msgs/lib:/home/user/create3_examples_ws/install/create3_coverage/lib:/home/user/create3_examples_ws/install/create3_examples_msgs/lib:/usr/lib/x86_64-linux-gnu/gazebo-11/plugins:/opt/ros/humble/opt/rviz_ogre_vendor/lib:/opt/ros/humble/lib/x86_64-linux-gnu:/opt/ros/humble/lib:/usr/lib/x86_64-linux-gnu/gazebo-11/plugins /usr/bin/cmake --build /home/user/create_ws/build/create_bringup -- -j8 -l8
[46.776s] DEBUG:colcon.colcon_core.event_handler.log_command:Invoked command in '/home/user/create_ws/build/create_bringup' returned '0': CMAKE_PREFIX_PATH=/home/user/create_ws/install/create_driver:/home/user/create_ws/install/libcreate:/home/user/create_ws/install/create_msgs:/home/user/create_ws/install/create_description:/home/user/create3_examples_ws/install/create3_republisher:/home/user/create3_examples_ws/install/create3_lidar_slam:/home/user/create3_examples_ws/install/create3_coverage:/home/user/create3_examples_ws/install/create3_examples_msgs:/home/user/create_ws/install/create_robot:/home/user/create_ws/install/create_bringup:/home/user/launch_ws/install/py_launch_example:/home/user/create3_examples_ws/install/create3_teleop:/home/user/create3_examples_ws/install/create3_examples_py:/home/user/sweepbot_ws/install/sweepbot:/home/user/sweepbot_ws/install/my_teleop_config:/opt/ros/humble LD_LIBRARY_PATH=/home/user/create_ws/install/libcreate/lib:/home/user/create_ws/install/create_msgs/lib:/home/user/create3_examples_ws/install/create3_coverage/lib:/home/user/create3_examples_ws/install/create3_examples_msgs/lib:/usr/lib/x86_64-linux-gnu/gazebo-11/plugins:/opt/ros/humble/opt/rviz_ogre_vendor/lib:/opt/ros/humble/lib/x86_64-linux-gnu:/opt/ros/humble/lib:/usr/lib/x86_64-linux-gnu/gazebo-11/plugins /usr/bin/cmake --build /home/user/create_ws/build/create_bringup -- -j8 -l8
[46.778s] DEBUG:colcon.colcon_core.event_handler.log_command:Invoking command in '/home/user/create_ws/build/create_bringup': CMAKE_PREFIX_PATH=/home/user/create_ws/install/create_driver:/home/user/create_ws/install/libcreate:/home/user/create_ws/install/create_msgs:/home/user/create_ws/install/create_description:/home/user/create3_examples_ws/install/create3_republisher:/home/user/create3_examples_ws/install/create3_lidar_slam:/home/user/create3_examples_ws/install/create3_coverage:/home/user/create3_examples_ws/install/create3_examples_msgs:/home/user/create_ws/install/create_robot:/home/user/create_ws/install/create_bringup:/home/user/launch_ws/install/py_launch_example:/home/user/create3_examples_ws/install/create3_teleop:/home/user/create3_examples_ws/install/create3_examples_py:/home/user/sweepbot_ws/install/sweepbot:/home/user/sweepbot_ws/install/my_teleop_config:/opt/ros/humble LD_LIBRARY_PATH=/home/user/create_ws/install/libcreate/lib:/home/user/create_ws/install/create_msgs/lib:/home/user/create3_examples_ws/install/create3_coverage/lib:/home/user/create3_examples_ws/install/create3_examples_msgs/lib:/usr/lib/x86_64-linux-gnu/gazebo-11/plugins:/opt/ros/humble/opt/rviz_ogre_vendor/lib:/opt/ros/humble/lib/x86_64-linux-gnu:/opt/ros/humble/lib:/usr/lib/x86_64-linux-gnu/gazebo-11/plugins /usr/bin/cmake --install /home/user/create_ws/build/create_bringup
[46.791s] Level 1:colcon.colcon_core.environment:create_environment_scripts_only(create_bringup)
[46.791s] Level 1:colcon.colcon_core.environment:checking '/home/user/create_ws/install/create_bringup' for CMake module files
[46.792s] DEBUG:colcon.colcon_core.event_handler.log_command:Invoked command in '/home/user/create_ws/build/create_bringup' returned '0': CMAKE_PREFIX_PATH=/home/user/create_ws/install/create_driver:/home/user/create_ws/install/libcreate:/home/user/create_ws/install/create_msgs:/home/user/create_ws/install/create_description:/home/user/create3_examples_ws/install/create3_republisher:/home/user/create3_examples_ws/install/create3_lidar_slam:/home/user/create3_examples_ws/install/create3_coverage:/home/user/create3_examples_ws/install/create3_examples_msgs:/home/user/create_ws/install/create_robot:/home/user/create_ws/install/create_bringup:/home/user/launch_ws/install/py_launch_example:/home/user/create3_examples_ws/install/create3_teleop:/home/user/create3_examples_ws/install/create3_examples_py:/home/user/sweepbot_ws/install/sweepbot:/home/user/sweepbot_ws/install/my_teleop_config:/opt/ros/humble LD_LIBRARY_PATH=/home/user/create_ws/install/libcreate/lib:/home/user/create_ws/install/create_msgs/lib:/home/user/create3_examples_ws/install/create3_coverage/lib:/home/user/create3_examples_ws/install/create3_examples_msgs/lib:/usr/lib/x86_64-linux-gnu/gazebo-11/plugins:/opt/ros/humble/opt/rviz_ogre_vendor/lib:/opt/ros/humble/lib/x86_64-linux-gnu:/opt/ros/humble/lib:/usr/lib/x86_64-linux-gnu/gazebo-11/plugins /usr/bin/cmake --install /home/user/create_ws/build/create_bringup
[46.792s] Level 1:colcon.colcon_core.environment:checking '/home/user/create_ws/install/create_bringup' for CMake config files
[46.792s] Level 1:colcon.colcon_core.shell:create_environment_hook('create_bringup', 'cmake_prefix_path')
[46.793s] INFO:colcon.colcon_core.shell:Creating environment hook '/home/user/create_ws/install/create_bringup/share/create_bringup/hook/cmake_prefix_path.ps1'
[46.793s] INFO:colcon.colcon_core.shell:Creating environment descriptor '/home/user/create_ws/install/create_bringup/share/create_bringup/hook/cmake_prefix_path.dsv'
[46.793s] INFO:colcon.colcon_core.shell:Creating environment hook '/home/user/create_ws/install/create_bringup/share/create_bringup/hook/cmake_prefix_path.sh'
[46.794s] Level 1:colcon.colcon_core.environment:checking '/home/user/create_ws/install/create_bringup/bin'
[46.794s] Level 1:colcon.colcon_core.environment:checking '/home/user/create_ws/install/create_bringup/lib/pkgconfig/create_bringup.pc'
[46.794s] Level 1:colcon.colcon_core.environment:checking '/home/user/create_ws/install/create_bringup/lib/python3.10/site-packages'
[46.795s] Level 1:colcon.colcon_core.environment:checking '/home/user/create_ws/install/create_bringup/bin'
[46.795s] INFO:colcon.colcon_core.shell:Creating package script '/home/user/create_ws/install/create_bringup/share/create_bringup/package.ps1'
[46.795s] INFO:colcon.colcon_core.shell:Creating package descriptor '/home/user/create_ws/install/create_bringup/share/create_bringup/package.dsv'
[46.796s] INFO:colcon.colcon_core.shell:Creating package script '/home/user/create_ws/install/create_bringup/share/create_bringup/package.sh'
[46.796s] INFO:colcon.colcon_core.shell:Creating package script '/home/user/create_ws/install/create_bringup/share/create_bringup/package.bash'
[46.797s] INFO:colcon.colcon_core.shell:Creating package script '/home/user/create_ws/install/create_bringup/share/create_bringup/package.zsh'
[46.797s] Level 1:colcon.colcon_core.environment:create_file_with_runtime_dependencies(/home/user/create_ws/install/create_bringup/share/colcon-core/packages/create_bringup)
[46.797s] Level 1:colcon.colcon_core.environment:create_environment_scripts_only(create_bringup)
[46.798s] Level 1:colcon.colcon_core.environment:checking '/home/user/create_ws/install/create_bringup' for CMake module files
[46.798s] Level 1:colcon.colcon_core.environment:checking '/home/user/create_ws/install/create_bringup' for CMake config files
[46.798s] Level 1:colcon.colcon_core.shell:create_environment_hook('create_bringup', 'cmake_prefix_path')
[46.799s] INFO:colcon.colcon_core.shell:Creating environment hook '/home/user/create_ws/install/create_bringup/share/create_bringup/hook/cmake_prefix_path.ps1'
[46.799s] INFO:colcon.colcon_core.shell:Creating environment descriptor '/home/user/create_ws/install/create_bringup/share/create_bringup/hook/cmake_prefix_path.dsv'
[46.799s] INFO:colcon.colcon_core.shell:Creating environment hook '/home/user/create_ws/install/create_bringup/share/create_bringup/hook/cmake_prefix_path.sh'
[46.800s] Level 1:colcon.colcon_core.environment:checking '/home/user/create_ws/install/create_bringup/bin'
[46.800s] Level 1:colcon.colcon_core.environment:checking '/home/user/create_ws/install/create_bringup/lib/pkgconfig/create_bringup.pc'
[46.800s] Level 1:colcon.colcon_core.environment:checking '/home/user/create_ws/install/create_bringup/lib/python3.10/site-packages'
[46.800s] Level 1:colcon.colcon_core.environment:checking '/home/user/create_ws/install/create_bringup/bin'
[46.801s] INFO:colcon.colcon_core.shell:Creating package script '/home/user/create_ws/install/create_bringup/share/create_bringup/package.ps1'
[46.801s] INFO:colcon.colcon_core.shell:Creating package descriptor '/home/user/create_ws/install/create_bringup/share/create_bringup/package.dsv'
[46.802s] INFO:colcon.colcon_core.shell:Creating package script '/home/user/create_ws/install/create_bringup/share/create_bringup/package.sh'
[46.802s] INFO:colcon.colcon_core.shell:Creating package script '/home/user/create_ws/install/create_bringup/share/create_bringup/package.bash'
[46.803s] INFO:colcon.colcon_core.shell:Creating package script '/home/user/create_ws/install/create_bringup/share/create_bringup/package.zsh'
[46.803s] Level 1:colcon.colcon_core.environment:create_file_with_runtime_dependencies(/home/user/create_ws/install/create_bringup/share/colcon-core/packages/create_bringup)
[46.803s] INFO:colcon.colcon_ros.task.ament_cmake.build:Building ROS package in '/home/user/create_ws/src/create_robot/create_robot' with build type 'ament_cmake'
[46.803s] INFO:colcon.colcon_cmake.task.cmake.build:Building CMake package in '/home/user/create_ws/src/create_robot/create_robot'
[46.804s] INFO:colcon.colcon_core.shell:Skip shell extension 'powershell' for command environment: Not usable outside of PowerShell
[46.804s] DEBUG:colcon.colcon_core.shell:Skip shell extension 'dsv' for command environment
[46.822s] DEBUG:colcon.colcon_core.event_handler.log_command:Invoking command in '/home/user/create_ws/build/create_robot': CMAKE_PREFIX_PATH=/home/user/create_ws/install/create_bringup:/home/user/create_ws/install/create_driver:/home/user/create_ws/install/libcreate:/home/user/create_ws/install/create_msgs:/home/user/create_ws/install/create_description:/home/user/create3_examples_ws/install/create3_republisher:/home/user/create3_examples_ws/install/create3_lidar_slam:/home/user/create3_examples_ws/install/create3_coverage:/home/user/create3_examples_ws/install/create3_examples_msgs:/home/user/create_ws/install/create_robot:/home/user/launch_ws/install/py_launch_example:/home/user/create3_examples_ws/install/create3_teleop:/home/user/create3_examples_ws/install/create3_examples_py:/home/user/sweepbot_ws/install/sweepbot:/home/user/sweepbot_ws/install/my_teleop_config:/opt/ros/humble LD_LIBRARY_PATH=/home/user/create_ws/install/libcreate/lib:/home/user/create_ws/install/create_msgs/lib:/home/user/create3_examples_ws/install/create3_coverage/lib:/home/user/create3_examples_ws/install/create3_examples_msgs/lib:/usr/lib/x86_64-linux-gnu/gazebo-11/plugins:/opt/ros/humble/opt/rviz_ogre_vendor/lib:/opt/ros/humble/lib/x86_64-linux-gnu:/opt/ros/humble/lib:/usr/lib/x86_64-linux-gnu/gazebo-11/plugins /usr/bin/cmake --build /home/user/create_ws/build/create_robot -- -j8 -l8
[47.070s] DEBUG:colcon.colcon_core.event_handler.log_command:Invoked command in '/home/user/create_ws/build/create_robot' returned '0': CMAKE_PREFIX_PATH=/home/user/create_ws/install/create_bringup:/home/user/create_ws/install/create_driver:/home/user/create_ws/install/libcreate:/home/user/create_ws/install/create_msgs:/home/user/create_ws/install/create_description:/home/user/create3_examples_ws/install/create3_republisher:/home/user/create3_examples_ws/install/create3_lidar_slam:/home/user/create3_examples_ws/install/create3_coverage:/home/user/create3_examples_ws/install/create3_examples_msgs:/home/user/create_ws/install/create_robot:/home/user/launch_ws/install/py_launch_example:/home/user/create3_examples_ws/install/create3_teleop:/home/user/create3_examples_ws/install/create3_examples_py:/home/user/sweepbot_ws/install/sweepbot:/home/user/sweepbot_ws/install/my_teleop_config:/opt/ros/humble LD_LIBRARY_PATH=/home/user/create_ws/install/libcreate/lib:/home/user/create_ws/install/create_msgs/lib:/home/user/create3_examples_ws/install/create3_coverage/lib:/home/user/create3_examples_ws/install/create3_examples_msgs/lib:/usr/lib/x86_64-linux-gnu/gazebo-11/plugins:/opt/ros/humble/opt/rviz_ogre_vendor/lib:/opt/ros/humble/lib/x86_64-linux-gnu:/opt/ros/humble/lib:/usr/lib/x86_64-linux-gnu/gazebo-11/plugins /usr/bin/cmake --build /home/user/create_ws/build/create_robot -- -j8 -l8
[47.072s] DEBUG:colcon.colcon_core.event_handler.log_command:Invoking command in '/home/user/create_ws/build/create_robot': CMAKE_PREFIX_PATH=/home/user/create_ws/install/create_bringup:/home/user/create_ws/install/create_driver:/home/user/create_ws/install/libcreate:/home/user/create_ws/install/create_msgs:/home/user/create_ws/install/create_description:/home/user/create3_examples_ws/install/create3_republisher:/home/user/create3_examples_ws/install/create3_lidar_slam:/home/user/create3_examples_ws/install/create3_coverage:/home/user/create3_examples_ws/install/create3_examples_msgs:/home/user/create_ws/install/create_robot:/home/user/launch_ws/install/py_launch_example:/home/user/create3_examples_ws/install/create3_teleop:/home/user/create3_examples_ws/install/create3_examples_py:/home/user/sweepbot_ws/install/sweepbot:/home/user/sweepbot_ws/install/my_teleop_config:/opt/ros/humble LD_LIBRARY_PATH=/home/user/create_ws/install/libcreate/lib:/home/user/create_ws/install/create_msgs/lib:/home/user/create3_examples_ws/install/create3_coverage/lib:/home/user/create3_examples_ws/install/create3_examples_msgs/lib:/usr/lib/x86_64-linux-gnu/gazebo-11/plugins:/opt/ros/humble/opt/rviz_ogre_vendor/lib:/opt/ros/humble/lib/x86_64-linux-gnu:/opt/ros/humble/lib:/usr/lib/x86_64-linux-gnu/gazebo-11/plugins /usr/bin/cmake --install /home/user/create_ws/build/create_robot
[47.083s] Level 1:colcon.colcon_core.environment:create_environment_scripts_only(create_robot)
[47.084s] Level 1:colcon.colcon_core.environment:checking '/home/user/create_ws/install/create_robot' for CMake module files
[47.084s] DEBUG:colcon.colcon_core.event_handler.log_command:Invoked command in '/home/user/create_ws/build/create_robot' returned '0': CMAKE_PREFIX_PATH=/home/user/create_ws/install/create_bringup:/home/user/create_ws/install/create_driver:/home/user/create_ws/install/libcreate:/home/user/create_ws/install/create_msgs:/home/user/create_ws/install/create_description:/home/user/create3_examples_ws/install/create3_republisher:/home/user/create3_examples_ws/install/create3_lidar_slam:/home/user/create3_examples_ws/install/create3_coverage:/home/user/create3_examples_ws/install/create3_examples_msgs:/home/user/create_ws/install/create_robot:/home/user/launch_ws/install/py_launch_example:/home/user/create3_examples_ws/install/create3_teleop:/home/user/create3_examples_ws/install/create3_examples_py:/home/user/sweepbot_ws/install/sweepbot:/home/user/sweepbot_ws/install/my_teleop_config:/opt/ros/humble LD_LIBRARY_PATH=/home/user/create_ws/install/libcreate/lib:/home/user/create_ws/install/create_msgs/lib:/home/user/create3_examples_ws/install/create3_coverage/lib:/home/user/create3_examples_ws/install/create3_examples_msgs/lib:/usr/lib/x86_64-linux-gnu/gazebo-11/plugins:/opt/ros/humble/opt/rviz_ogre_vendor/lib:/opt/ros/humble/lib/x86_64-linux-gnu:/opt/ros/humble/lib:/usr/lib/x86_64-linux-gnu/gazebo-11/plugins /usr/bin/cmake --install /home/user/create_ws/build/create_robot
[47.085s] Level 1:colcon.colcon_core.environment:checking '/home/user/create_ws/install/create_robot' for CMake config files
[47.085s] Level 1:colcon.colcon_core.shell:create_environment_hook('create_robot', 'cmake_prefix_path')
[47.086s] INFO:colcon.colcon_core.shell:Creating environment hook '/home/user/create_ws/install/create_robot/share/create_robot/hook/cmake_prefix_path.ps1'
[47.086s] INFO:colcon.colcon_core.shell:Creating environment descriptor '/home/user/create_ws/install/create_robot/share/create_robot/hook/cmake_prefix_path.dsv'
[47.087s] INFO:colcon.colcon_core.shell:Creating environment hook '/home/user/create_ws/install/create_robot/share/create_robot/hook/cmake_prefix_path.sh'
[47.087s] Level 1:colcon.colcon_core.environment:checking '/home/user/create_ws/install/create_robot/bin'
[47.087s] Level 1:colcon.colcon_core.environment:checking '/home/user/create_ws/install/create_robot/lib/pkgconfig/create_robot.pc'
[47.088s] Level 1:colcon.colcon_core.environment:checking '/home/user/create_ws/install/create_robot/lib/python3.10/site-packages'
[47.088s] Level 1:colcon.colcon_core.environment:checking '/home/user/create_ws/install/create_robot/bin'
[47.089s] INFO:colcon.colcon_core.shell:Creating package script '/home/user/create_ws/install/create_robot/share/create_robot/package.ps1'
[47.089s] INFO:colcon.colcon_core.shell:Creating package descriptor '/home/user/create_ws/install/create_robot/share/create_robot/package.dsv'
[47.089s] INFO:colcon.colcon_core.shell:Creating package script '/home/user/create_ws/install/create_robot/share/create_robot/package.sh'
[47.090s] INFO:colcon.colcon_core.shell:Creating package script '/home/user/create_ws/install/create_robot/share/create_robot/package.bash'
[47.090s] INFO:colcon.colcon_core.shell:Creating package script '/home/user/create_ws/install/create_robot/share/create_robot/package.zsh'
[47.090s] Level 1:colcon.colcon_core.environment:create_file_with_runtime_dependencies(/home/user/create_ws/install/create_robot/share/colcon-core/packages/create_robot)
[47.091s] Level 1:colcon.colcon_core.environment:create_environment_scripts_only(create_robot)
[47.091s] Level 1:colcon.colcon_core.environment:checking '/home/user/create_ws/install/create_robot' for CMake module files
[47.092s] Level 1:colcon.colcon_core.environment:checking '/home/user/create_ws/install/create_robot' for CMake config files
[47.092s] Level 1:colcon.colcon_core.shell:create_environment_hook('create_robot', 'cmake_prefix_path')
[47.092s] INFO:colcon.colcon_core.shell:Creating environment hook '/home/user/create_ws/install/create_robot/share/create_robot/hook/cmake_prefix_path.ps1'
[47.093s] INFO:colcon.colcon_core.shell:Creating environment descriptor '/home/user/create_ws/install/create_robot/share/create_robot/hook/cmake_prefix_path.dsv'
[47.093s] INFO:colcon.colcon_core.shell:Creating environment hook '/home/user/create_ws/install/create_robot/share/create_robot/hook/cmake_prefix_path.sh'
[47.093s] Level 1:colcon.colcon_core.environment:checking '/home/user/create_ws/install/create_robot/bin'
[47.093s] Level 1:colcon.colcon_core.environment:checking '/home/user/create_ws/install/create_robot/lib/pkgconfig/create_robot.pc'
[47.094s] Level 1:colcon.colcon_core.environment:checking '/home/user/create_ws/install/create_robot/lib/python3.10/site-packages'
[47.094s] Level 1:colcon.colcon_core.environment:checking '/home/user/create_ws/install/create_robot/bin'
[47.094s] INFO:colcon.colcon_core.shell:Creating package script '/home/user/create_ws/install/create_robot/share/create_robot/package.ps1'
[47.095s] INFO:colcon.colcon_core.shell:Creating package descriptor '/home/user/create_ws/install/create_robot/share/create_robot/package.dsv'
[47.095s] INFO:colcon.colcon_core.shell:Creating package script '/home/user/create_ws/install/create_robot/share/create_robot/package.sh'
[47.096s] INFO:colcon.colcon_core.shell:Creating package script '/home/user/create_ws/install/create_robot/share/create_robot/package.bash'
[47.096s] INFO:colcon.colcon_core.shell:Creating package script '/home/user/create_ws/install/create_robot/share/create_robot/package.zsh'
[47.096s] Level 1:colcon.colcon_core.environment:create_file_with_runtime_dependencies(/home/user/create_ws/install/create_robot/share/colcon-core/packages/create_robot)
[47.097s] DEBUG:colcon.colcon_parallel_executor.executor.parallel:closing loop
[47.097s] DEBUG:colcon.colcon_parallel_executor.executor.parallel:loop closed
[47.097s] DEBUG:colcon.colcon_parallel_executor.executor.parallel:run_until_complete finished with '0'
[47.097s] DEBUG:colcon.colcon_core.event_reactor:joining thread
[47.104s] INFO:colcon.colcon_core.plugin_system:Skipping extension 'colcon_notification.desktop_notification.terminal_notifier': Not used on non-Darwin systems
[47.104s] INFO:colcon.colcon_core.plugin_system:Skipping extension 'colcon_notification.desktop_notification.win32': Not used on non-Windows systems
[47.104s] INFO:colcon.colcon_notification.desktop_notification:Sending desktop notification using 'notify2'
[47.119s] DEBUG:colcon.colcon_core.event_reactor:joined thread
[47.120s] INFO:colcon.colcon_core.shell:Creating prefix script '/home/user/create_ws/install/local_setup.ps1'
[47.121s] INFO:colcon.colcon_core.shell:Creating prefix util module '/home/user/create_ws/install/_local_setup_util_ps1.py'
[47.123s] INFO:colcon.colcon_core.shell:Creating prefix chain script '/home/user/create_ws/install/setup.ps1'
[47.124s] INFO:colcon.colcon_core.shell:Creating prefix script '/home/user/create_ws/install/local_setup.sh'
[47.125s] INFO:colcon.colcon_core.shell:Creating prefix util module '/home/user/create_ws/install/_local_setup_util_sh.py'
[47.126s] INFO:colcon.colcon_core.shell:Creating prefix chain script '/home/user/create_ws/install/setup.sh'
[47.128s] INFO:colcon.colcon_core.shell:Creating prefix script '/home/user/create_ws/install/local_setup.bash'
[47.128s] INFO:colcon.colcon_core.shell:Creating prefix chain script '/home/user/create_ws/install/setup.bash'
[47.130s] INFO:colcon.colcon_core.shell:Creating prefix script '/home/user/create_ws/install/local_setup.zsh'
[47.131s] INFO:colcon.colcon_core.shell:Creating prefix chain script '/home/user/create_ws/install/setup.zsh'
