[0.022s] Invoking command in '/home/user/create_ws/build/libcreate': CMAKE_PREFIX_PATH=${CMAKE_PREFIX_PATH}:/home/user/launch_ws/install/py_launch_example:/home/user/create3_examples_ws/install/create3_teleop:/home/user/create3_examples_ws/install/create3_examples_py:/home/user/sweepbot_ws/install/sweepbot:/opt/ros/humble /usr/bin/cmake --build /home/user/create_ws/build/libcreate -- -j8 -l8
[0.103s] [ 22%] Built target create
[0.180s] [ 27%] Built target bumpers
[0.209s] [ 33%] Built target battery_level
[0.215s] [ 38%] Built target leds
[0.215s] [ 44%] Built target drive_circle
[0.225s] [ 50%] Built target play_song
[0.225s] [ 55%] Built target cliffs
[0.228s] [ 61%] Built target packets
[0.232s] [ 66%] Built target wheeldrop
[0.245s] [ 72%] Built target test_create
[0.252s] [ 77%] Built target test_data
[0.257s] [ 83%] Built target test_robot_model
[0.259s] [ 88%] Built target test_packet
[0.271s] [ 94%] Built target test_serial_stream
[0.271s] [100%] Built target test_serial_query
[0.285s] Invoked command in '/home/user/create_ws/build/libcreate' returned '0': CMAKE_PREFIX_PATH=${CMAKE_PREFIX_PATH}:/home/user/launch_ws/install/py_launch_example:/home/user/create3_examples_ws/install/create3_teleop:/home/user/create3_examples_ws/install/create3_examples_py:/home/user/sweepbot_ws/install/sweepbot:/opt/ros/humble /usr/bin/cmake --build /home/user/create_ws/build/libcreate -- -j8 -l8
[0.287s] Invoking command in '/home/user/create_ws/build/libcreate': CMAKE_PREFIX_PATH=${CMAKE_PREFIX_PATH}:/home/user/launch_ws/install/py_launch_example:/home/user/create3_examples_ws/install/create3_teleop:/home/user/create3_examples_ws/install/create3_examples_py:/home/user/sweepbot_ws/install/sweepbot:/opt/ros/humble /usr/bin/cmake --install /home/user/create_ws/build/libcreate
[0.295s] -- Install configuration: ""
[0.295s] -- Up-to-date: /home/user/create_ws/install/libcreate/lib/libcreate.so
[0.295s] -- Up-to-date: /home/user/create_ws/install/libcreate/include
[0.296s] -- Up-to-date: /home/user/create_ws/install/libcreate/include/create
[0.296s] -- Up-to-date: /home/user/create_ws/install/libcreate/include/create/serial.h
[0.296s] -- Up-to-date: /home/user/create_ws/install/libcreate/include/create/serial_query.h
[0.296s] -- Up-to-date: /home/user/create_ws/install/libcreate/include/create/util.h
[0.296s] -- Up-to-date: /home/user/create_ws/install/libcreate/include/create/packet.h
[0.296s] -- Up-to-date: /home/user/create_ws/install/libcreate/include/create/data.h
[0.297s] -- Up-to-date: /home/user/create_ws/install/libcreate/include/create/types.h
[0.297s] -- Up-to-date: /home/user/create_ws/install/libcreate/include/create/serial_stream.h
[0.297s] -- Up-to-date: /home/user/create_ws/install/libcreate/include/create/create.h
[0.297s] -- Up-to-date: /home/user/create_ws/install/libcreate/lib/cmake/libcreate/libcreate-config.cmake
[0.297s] -- Up-to-date: /home/user/create_ws/install/libcreate/lib/cmake/libcreate/libcreate-config-version.cmake
[0.297s] -- Up-to-date: /home/user/create_ws/install/libcreate/lib/cmake/libcreate/libcreate-targets.cmake
[0.297s] -- Up-to-date: /home/user/create_ws/install/libcreate/lib/cmake/libcreate/libcreate-targets-noconfig.cmake
[0.297s] -- Up-to-date: /home/user/create_ws/install/libcreate/share/libcreate/package.xml
[0.299s] Invoked command in '/home/user/create_ws/build/libcreate' returned '0': CMAKE_PREFIX_PATH=${CMAKE_PREFIX_PATH}:/home/user/launch_ws/install/py_launch_example:/home/user/create3_examples_ws/install/create3_teleop:/home/user/create3_examples_ws/install/create3_examples_py:/home/user/sweepbot_ws/install/sweepbot:/opt/ros/humble /usr/bin/cmake --install /home/user/create_ws/build/libcreate
