[0.048s] Invoking command in '/home/user/create_ws/build/libcreate': CMAKE_PREFIX_PATH=${CMAKE_PREFIX_PATH}:/home/user/sweepbot_ws/install/sweepbot:/home/user/launch_ws/install/py_launch_example:/opt/ros/humble /usr/bin/cmake --build /home/user/create_ws/build/libcreate -- -j8 -l8
[0.515s] [35m[1mConsolidate compiler generated dependencies of target create[0m
[0.515s] [ 22%] Built target create
[0.515s] [35m[1mConsolidate compiler generated dependencies of target drive_circle[0m
[0.515s] [35m[1mConsolidate compiler generated dependencies of target battery_level[0m
[0.516s] [35m[1mConsolidate compiler generated dependencies of target bumpers[0m
[0.516s] [35m[1mConsolidate compiler generated dependencies of target packets[0m
[0.516s] [35m[1mConsolidate compiler generated dependencies of target cliffs[0m
[0.516s] [35m[1mConsolidate compiler generated dependencies of target leds[0m
[0.516s] [35m[1mConsolidate compiler generated dependencies of target play_song[0m
[0.516s] [35m[1mConsolidate compiler generated dependencies of target wheeldrop[0m
[0.516s] [ 27%] Built target drive_circle
[0.516s] [ 38%] Built target packets
[0.516s] [ 36%] Built target battery_level
[0.517s] [ 44%] Built target wheeldrop
[0.517s] [ 50%] Built target leds
[0.517s] [ 55%] Built target bumpers
[0.517s] [ 61%] Built target play_song
[0.517s] [35m[1mConsolidate compiler generated dependencies of target test_create[0m
[0.517s] [ 66%] Built target cliffs
[0.517s] [35m[1mConsolidate compiler generated dependencies of target test_robot_model[0m
[0.517s] [35m[1mConsolidate compiler generated dependencies of target test_packet[0m
[0.517s] [35m[1mConsolidate compiler generated dependencies of target test_serial_stream[0m
[0.517s] [35m[1mConsolidate compiler generated dependencies of target test_data[0m
[0.518s] [35m[1mConsolidate compiler generated dependencies of target test_serial_query[0m
[0.518s] [ 72%] Built target test_packet
[0.518s] [ 77%] Built target test_robot_model
[0.518s] [ 88%] Built target test_create
[0.518s] [ 88%] Built target test_data
[0.518s] [ 94%] Built target test_serial_query
[0.518s] [100%] Built target test_serial_stream
[0.856s] Invoked command in '/home/user/create_ws/build/libcreate' returned '0': CMAKE_PREFIX_PATH=${CMAKE_PREFIX_PATH}:/home/user/sweepbot_ws/install/sweepbot:/home/user/launch_ws/install/py_launch_example:/opt/ros/humble /usr/bin/cmake --build /home/user/create_ws/build/libcreate -- -j8 -l8
[0.868s] Invoking command in '/home/user/create_ws/build/libcreate': CMAKE_PREFIX_PATH=${CMAKE_PREFIX_PATH}:/home/user/sweepbot_ws/install/sweepbot:/home/user/launch_ws/install/py_launch_example:/opt/ros/humble /usr/bin/cmake --install /home/user/create_ws/build/libcreate
[0.883s] -- Install configuration: ""
[0.883s] -- Up-to-date: /home/user/create_ws/install/libcreate/lib/libcreate.so
[0.883s] -- Up-to-date: /home/user/create_ws/install/libcreate/include
[0.883s] -- Up-to-date: /home/user/create_ws/install/libcreate/include/create
[0.883s] -- Up-to-date: /home/user/create_ws/install/libcreate/include/create/serial.h
[0.883s] -- Up-to-date: /home/user/create_ws/install/libcreate/include/create/serial_query.h
[0.884s] -- Up-to-date: /home/user/create_ws/install/libcreate/include/create/util.h
[0.884s] -- Up-to-date: /home/user/create_ws/install/libcreate/include/create/packet.h
[0.884s] -- Up-to-date: /home/user/create_ws/install/libcreate/include/create/data.h
[0.884s] -- Up-to-date: /home/user/create_ws/install/libcreate/include/create/types.h
[0.884s] -- Up-to-date: /home/user/create_ws/install/libcreate/include/create/serial_stream.h
[0.884s] -- Up-to-date: /home/user/create_ws/install/libcreate/include/create/create.h
[0.884s] -- Up-to-date: /home/user/create_ws/install/libcreate/lib/cmake/libcreate/libcreate-config.cmake
[0.884s] -- Up-to-date: /home/user/create_ws/install/libcreate/lib/cmake/libcreate/libcreate-config-version.cmake
[0.885s] -- Up-to-date: /home/user/create_ws/install/libcreate/lib/cmake/libcreate/libcreate-targets.cmake
[0.885s] -- Up-to-date: /home/user/create_ws/install/libcreate/lib/cmake/libcreate/libcreate-targets-noconfig.cmake
[0.885s] -- Up-to-date: /home/user/create_ws/install/libcreate/share/libcreate/package.xml
[0.891s] Invoked command in '/home/user/create_ws/build/libcreate' returned '0': CMAKE_PREFIX_PATH=${CMAKE_PREFIX_PATH}:/home/user/sweepbot_ws/install/sweepbot:/home/user/launch_ws/install/py_launch_example:/opt/ros/humble /usr/bin/cmake --install /home/user/create_ws/build/libcreate
