-- Found ament_cmake: 1.3.11 (/opt/ros/humble/share/ament_cmake/cmake)
-- Found create_msgs: 3.1.0 (/home/user/create_ws/install/create_msgs/share/create_msgs/cmake)
-- Found rosidl_generator_c: 3.1.6 (/opt/ros/humble/share/rosidl_generator_c/cmake)
-- Found rosidl_adapter: 3.1.6 (/opt/ros/humble/share/rosidl_adapter/cmake)
-- Found rosidl_generator_cpp: 3.1.6 (/opt/ros/humble/share/rosidl_generator_cpp/cmake)
-- Using all available rosidl_typesupport_c: rosidl_typesupport_fastrtps_c;rosidl_typesupport_introspection_c
-- Using all available rosidl_typesupport_cpp: rosidl_typesupport_fastrtps_cpp;rosidl_typesupport_introspection_cpp
-- Found diagnostic_msgs: 4.8.0 (/opt/ros/humble/share/diagnostic_msgs/cmake)
-- Found diagnostic_updater: 4.0.3 (/opt/ros/humble/share/diagnostic_updater/cmake)
-- Found rmw_implementation_cmake: 6.1.2 (/opt/ros/humble/share/rmw_implementation_cmake/cmake)
-- Found rmw_fastrtps_cpp: 6.2.7 (/opt/ros/humble/share/rmw_fastrtps_cpp/cmake)
-- Using RMW implementation 'rmw_fastrtps_cpp' as default
-- Found geometry_msgs: 4.8.0 (/opt/ros/humble/share/geometry_msgs/cmake)
-- Found nav_msgs: 4.8.0 (/opt/ros/humble/share/nav_msgs/cmake)
-- Found sensor_msgs: 4.8.0 (/opt/ros/humble/share/sensor_msgs/cmake)
-- Found tf2_geometry_msgs: 0.25.12 (/opt/ros/humble/share/tf2_geometry_msgs/cmake)
-- Found eigen3_cmake_module: 0.1.1 (/opt/ros/humble/share/eigen3_cmake_module/cmake)
-- Ensuring Eigen3 include directory is part of orocos-kdl CMake target
-- Found ament_lint_auto: 0.12.12 (/opt/ros/humble/share/ament_lint_auto/cmake)
-- Added test 'cppcheck' to perform static code analysis on C / C++ code
-- Configured cppcheck language: c++
-- Configured cppcheck include dirs: /home/user/create_ws/src/create_robot/create_driver/include
-- Configured cppcheck exclude dirs and/or files: 
-- Added test 'cpplint' to check C / C++ code against the Google style
-- Configured cpplint exclude dirs and/or files: 
-- Added test 'lint_cmake' to check CMake code style
-- Added test 'xmllint' to check XML markup files
-- Configuring done
-- Generating done
-- Build files have been written to: /home/user/create_ws/build/create_driver
[35m[1mConsolidate compiler generated dependencies of target create_driver[0m
[ 50%] [32mBuilding CXX object CMakeFiles/create_driver.dir/src/create_driver.cpp.o[0m
[100%] [32m[1mLinking CXX executable create_driver[0m
[100%] Built target create_driver
-- Install configuration: ""
-- Installing: /home/user/create_ws/install/create_driver/lib/create_driver/create_driver
-- Set runtime path of "/home/user/create_ws/install/create_driver/lib/create_driver/create_driver" to ""
-- Up-to-date: /home/user/create_ws/install/create_driver/include
-- Up-to-date: /home/user/create_ws/install/create_driver/include/create_driver
-- Up-to-date: /home/user/create_ws/install/create_driver/include/create_driver/create_driver.h
-- Up-to-date: /home/user/create_ws/install/create_driver/share/ament_index/resource_index/package_run_dependencies/create_driver
-- Installing: /home/user/create_ws/install/create_driver/share/ament_index/resource_index/parent_prefix_path/create_driver
-- Up-to-date: /home/user/create_ws/install/create_driver/share/create_driver/environment/ament_prefix_path.sh
-- Installing: /home/user/create_ws/install/create_driver/share/create_driver/environment/ament_prefix_path.dsv
-- Up-to-date: /home/user/create_ws/install/create_driver/share/create_driver/environment/path.sh
-- Installing: /home/user/create_ws/install/create_driver/share/create_driver/environment/path.dsv
-- Up-to-date: /home/user/create_ws/install/create_driver/share/create_driver/local_setup.bash
-- Up-to-date: /home/user/create_ws/install/create_driver/share/create_driver/local_setup.sh
-- Up-to-date: /home/user/create_ws/install/create_driver/share/create_driver/local_setup.zsh
-- Installing: /home/user/create_ws/install/create_driver/share/create_driver/local_setup.dsv
-- Installing: /home/user/create_ws/install/create_driver/share/create_driver/package.dsv
-- Up-to-date: /home/user/create_ws/install/create_driver/share/ament_index/resource_index/packages/create_driver
-- Up-to-date: /home/user/create_ws/install/create_driver/share/create_driver/cmake/create_driverConfig.cmake
-- Up-to-date: /home/user/create_ws/install/create_driver/share/create_driver/cmake/create_driverConfig-version.cmake
-- Up-to-date: /home/user/create_ws/install/create_driver/share/create_driver/package.xml
