[0.011s] Invoking command in '/home/user/create_ws/build/create_driver': AMENT_PREFIX_PATH=/home/user/create_ws/install/create_msgs:${AMENT_PREFIX_PATH} CMAKE_PREFIX_PATH=/home/user/create_ws/install/libcreate:/home/user/create_ws/install/create_msgs:/home/user/sweepbot_ws/install/sweepbot:/home/user/launch_ws/install/py_launch_example:/opt/ros/humble LD_LIBRARY_PATH=/home/user/create_ws/install/libcreate/lib:/home/user/create_ws/install/create_msgs/lib:/usr/lib/x86_64-linux-gnu/gazebo-11/plugins:/opt/ros/humble/opt/rviz_ogre_vendor/lib:/opt/ros/humble/lib/x86_64-linux-gnu:/opt/ros/humble/lib:/usr/lib/x86_64-linux-gnu/gazebo-11/plugins PKG_CONFIG_PATH=/home/user/create_ws/install/libcreate/lib/x86_64-linux-gnu/pkgconfig:/home/user/create_ws/install/libcreate/lib/pkgconfig PYTHONPATH=/home/user/create_ws/install/create_msgs/local/lib/python3.10/dist-packages:${PYTHONPATH} /usr/bin/cmake /home/user/create_ws/src/create_robot/create_driver -DCMAKE_INSTALL_PREFIX=/home/user/create_ws/install/create_driver
[0.066s] -- The C compiler identification is GNU 11.4.0
[0.123s] -- The CXX compiler identification is GNU 11.4.0
[0.130s] -- Detecting C compiler ABI info
[0.200s] -- Detecting C compiler ABI info - done
[0.207s] -- Check for working C compiler: /usr/bin/cc - skipped
[0.208s] -- Detecting C compile features
[0.208s] -- Detecting C compile features - done
[0.211s] -- Detecting CXX compiler ABI info
[0.292s] -- Detecting CXX compiler ABI info - done
[0.300s] -- Check for working CXX compiler: /usr/bin/c++ - skipped
[0.300s] -- Detecting CXX compile features
[0.301s] -- Detecting CXX compile features - done
[0.466s] -- Found Boost: /usr/lib/x86_64-linux-gnu/cmake/Boost-1.74.0/BoostConfig.cmake (found version "1.74.0") found components: system thread 
[0.468s] -- Found Threads: TRUE  
[0.471s] -- Found ament_cmake: 1.3.11 (/opt/ros/humble/share/ament_cmake/cmake)
[0.608s] -- Found Python3: /usr/bin/python3 (found version "3.10.12") found components: Interpreter 
[0.700s] -- Found create_msgs: 3.1.0 (/home/user/create_ws/install/create_msgs/share/create_msgs/cmake)
[0.740s] -- Found rosidl_generator_c: 3.1.6 (/opt/ros/humble/share/rosidl_generator_c/cmake)
[0.746s] -- Found rosidl_adapter: 3.1.6 (/opt/ros/humble/share/rosidl_adapter/cmake)
[0.755s] -- Found rosidl_generator_cpp: 3.1.6 (/opt/ros/humble/share/rosidl_generator_cpp/cmake)
[0.768s] -- Using all available rosidl_typesupport_c: rosidl_typesupport_fastrtps_c;rosidl_typesupport_introspection_c
[0.785s] -- Using all available rosidl_typesupport_cpp: rosidl_typesupport_fastrtps_cpp;rosidl_typesupport_introspection_cpp
[0.828s] -- Found diagnostic_msgs: 4.2.4 (/opt/ros/humble/share/diagnostic_msgs/cmake)
[0.847s] -- Found diagnostic_updater: 4.0.2 (/opt/ros/humble/share/diagnostic_updater/cmake)
[0.906s] -- Found rmw_implementation_cmake: 6.1.2 (/opt/ros/humble/share/rmw_implementation_cmake/cmake)
[0.910s] -- Found rmw_fastrtps_cpp: 6.2.7 (/opt/ros/humble/share/rmw_fastrtps_cpp/cmake)
[1.009s] -- Found OpenSSL: /usr/lib/x86_64-linux-gnu/libcrypto.so (found version "3.0.2")  
[1.040s] -- Found FastRTPS: /opt/ros/humble/include  
[1.082s] -- Using RMW implementation 'rmw_fastrtps_cpp' as default
[1.149s] -- Found geometry_msgs: 4.2.4 (/opt/ros/humble/share/geometry_msgs/cmake)
[1.167s] -- Found nav_msgs: 4.2.4 (/opt/ros/humble/share/nav_msgs/cmake)
[1.190s] -- Found sensor_msgs: 4.2.4 (/opt/ros/humble/share/sensor_msgs/cmake)
[1.214s] -- Found tf2_geometry_msgs: 0.25.12 (/opt/ros/humble/share/tf2_geometry_msgs/cmake)
[1.232s] -- Found eigen3_cmake_module: 0.1.1 (/opt/ros/humble/share/eigen3_cmake_module/cmake)
[1.234s] -- Found Eigen3: TRUE (found version "3.4.0") 
[1.234s] -- Ensuring Eigen3 include directory is part of orocos-kdl CMake target
[1.373s] -- Found ament_lint_auto: 0.12.11 (/opt/ros/humble/share/ament_lint_auto/cmake)
[1.457s] -- Added test 'cppcheck' to perform static code analysis on C / C++ code
[1.457s] -- Configured cppcheck language: c++
[1.457s] -- Configured cppcheck include dirs: /home/user/create_ws/src/create_robot/create_driver/include
[1.457s] -- Configured cppcheck exclude dirs and/or files: 
[1.458s] -- Added test 'cpplint' to check C / C++ code against the Google style
[1.458s] -- Configured cpplint exclude dirs and/or files: 
[1.459s] -- Added test 'lint_cmake' to check CMake code style
[1.460s] -- Added test 'xmllint' to check XML markup files
[1.461s] -- Configuring done
[1.478s] -- Generating done
[1.483s] -- Build files have been written to: /home/user/create_ws/build/create_driver
[1.493s] Invoked command in '/home/user/create_ws/build/create_driver' returned '0': AMENT_PREFIX_PATH=/home/user/create_ws/install/create_msgs:${AMENT_PREFIX_PATH} CMAKE_PREFIX_PATH=/home/user/create_ws/install/libcreate:/home/user/create_ws/install/create_msgs:/home/user/sweepbot_ws/install/sweepbot:/home/user/launch_ws/install/py_launch_example:/opt/ros/humble LD_LIBRARY_PATH=/home/user/create_ws/install/libcreate/lib:/home/user/create_ws/install/create_msgs/lib:/usr/lib/x86_64-linux-gnu/gazebo-11/plugins:/opt/ros/humble/opt/rviz_ogre_vendor/lib:/opt/ros/humble/lib/x86_64-linux-gnu:/opt/ros/humble/lib:/usr/lib/x86_64-linux-gnu/gazebo-11/plugins PKG_CONFIG_PATH=/home/user/create_ws/install/libcreate/lib/x86_64-linux-gnu/pkgconfig:/home/user/create_ws/install/libcreate/lib/pkgconfig PYTHONPATH=/home/user/create_ws/install/create_msgs/local/lib/python3.10/dist-packages:${PYTHONPATH} /usr/bin/cmake /home/user/create_ws/src/create_robot/create_driver -DCMAKE_INSTALL_PREFIX=/home/user/create_ws/install/create_driver
[1.495s] Invoking command in '/home/user/create_ws/build/create_driver': AMENT_PREFIX_PATH=/home/user/create_ws/install/create_msgs:${AMENT_PREFIX_PATH} CMAKE_PREFIX_PATH=/home/user/create_ws/install/libcreate:/home/user/create_ws/install/create_msgs:/home/user/sweepbot_ws/install/sweepbot:/home/user/launch_ws/install/py_launch_example:/opt/ros/humble LD_LIBRARY_PATH=/home/user/create_ws/install/libcreate/lib:/home/user/create_ws/install/create_msgs/lib:/usr/lib/x86_64-linux-gnu/gazebo-11/plugins:/opt/ros/humble/opt/rviz_ogre_vendor/lib:/opt/ros/humble/lib/x86_64-linux-gnu:/opt/ros/humble/lib:/usr/lib/x86_64-linux-gnu/gazebo-11/plugins PKG_CONFIG_PATH=/home/user/create_ws/install/libcreate/lib/x86_64-linux-gnu/pkgconfig:/home/user/create_ws/install/libcreate/lib/pkgconfig PYTHONPATH=/home/user/create_ws/install/create_msgs/local/lib/python3.10/dist-packages:${PYTHONPATH} /usr/bin/cmake --build /home/user/create_ws/build/create_driver -- -j8 -l8
[1.547s] [ 50%] [32mBuilding CXX object CMakeFiles/create_driver.dir/src/create_driver.cpp.o[0m
[31.083s] [100%] [32m[1mLinking CXX executable create_driver[0m
[33.302s] [100%] Built target create_driver
[33.314s] Invoked command in '/home/user/create_ws/build/create_driver' returned '0': AMENT_PREFIX_PATH=/home/user/create_ws/install/create_msgs:${AMENT_PREFIX_PATH} CMAKE_PREFIX_PATH=/home/user/create_ws/install/libcreate:/home/user/create_ws/install/create_msgs:/home/user/sweepbot_ws/install/sweepbot:/home/user/launch_ws/install/py_launch_example:/opt/ros/humble LD_LIBRARY_PATH=/home/user/create_ws/install/libcreate/lib:/home/user/create_ws/install/create_msgs/lib:/usr/lib/x86_64-linux-gnu/gazebo-11/plugins:/opt/ros/humble/opt/rviz_ogre_vendor/lib:/opt/ros/humble/lib/x86_64-linux-gnu:/opt/ros/humble/lib:/usr/lib/x86_64-linux-gnu/gazebo-11/plugins PKG_CONFIG_PATH=/home/user/create_ws/install/libcreate/lib/x86_64-linux-gnu/pkgconfig:/home/user/create_ws/install/libcreate/lib/pkgconfig PYTHONPATH=/home/user/create_ws/install/create_msgs/local/lib/python3.10/dist-packages:${PYTHONPATH} /usr/bin/cmake --build /home/user/create_ws/build/create_driver -- -j8 -l8
[33.315s] Invoking command in '/home/user/create_ws/build/create_driver': AMENT_PREFIX_PATH=/home/user/create_ws/install/create_msgs:${AMENT_PREFIX_PATH} CMAKE_PREFIX_PATH=/home/user/create_ws/install/libcreate:/home/user/create_ws/install/create_msgs:/home/user/sweepbot_ws/install/sweepbot:/home/user/launch_ws/install/py_launch_example:/opt/ros/humble LD_LIBRARY_PATH=/home/user/create_ws/install/libcreate/lib:/home/user/create_ws/install/create_msgs/lib:/usr/lib/x86_64-linux-gnu/gazebo-11/plugins:/opt/ros/humble/opt/rviz_ogre_vendor/lib:/opt/ros/humble/lib/x86_64-linux-gnu:/opt/ros/humble/lib:/usr/lib/x86_64-linux-gnu/gazebo-11/plugins PKG_CONFIG_PATH=/home/user/create_ws/install/libcreate/lib/x86_64-linux-gnu/pkgconfig:/home/user/create_ws/install/libcreate/lib/pkgconfig PYTHONPATH=/home/user/create_ws/install/create_msgs/local/lib/python3.10/dist-packages:${PYTHONPATH} /usr/bin/cmake --install /home/user/create_ws/build/create_driver
[33.323s] -- Install configuration: ""
[33.323s] -- Installing: /home/user/create_ws/install/create_driver/lib/create_driver/create_driver
[33.337s] -- Set runtime path of "/home/user/create_ws/install/create_driver/lib/create_driver/create_driver" to ""
[33.337s] -- Installing: /home/user/create_ws/install/create_driver/include
[33.337s] -- Installing: /home/user/create_ws/install/create_driver/include/create_driver
[33.337s] -- Installing: /home/user/create_ws/install/create_driver/include/create_driver/create_driver.h
[33.337s] -- Installing: /home/user/create_ws/install/create_driver/share/ament_index/resource_index/package_run_dependencies/create_driver
[33.338s] -- Installing: /home/user/create_ws/install/create_driver/share/ament_index/resource_index/parent_prefix_path/create_driver
[33.338s] -- Installing: /home/user/create_ws/install/create_driver/share/create_driver/environment/ament_prefix_path.sh
[33.338s] -- Installing: /home/user/create_ws/install/create_driver/share/create_driver/environment/ament_prefix_path.dsv
[33.338s] -- Installing: /home/user/create_ws/install/create_driver/share/create_driver/environment/path.sh
[33.338s] -- Installing: /home/user/create_ws/install/create_driver/share/create_driver/environment/path.dsv
[33.338s] -- Installing: /home/user/create_ws/install/create_driver/share/create_driver/local_setup.bash
[33.338s] -- Installing: /home/user/create_ws/install/create_driver/share/create_driver/local_setup.sh
[33.339s] -- Installing: /home/user/create_ws/install/create_driver/share/create_driver/local_setup.zsh
[33.339s] -- Installing: /home/user/create_ws/install/create_driver/share/create_driver/local_setup.dsv
[33.339s] -- Installing: /home/user/create_ws/install/create_driver/share/create_driver/package.dsv
[33.339s] -- Installing: /home/user/create_ws/install/create_driver/share/ament_index/resource_index/packages/create_driver
[33.339s] -- Installing: /home/user/create_ws/install/create_driver/share/create_driver/cmake/create_driverConfig.cmake
[33.339s] -- Installing: /home/user/create_ws/install/create_driver/share/create_driver/cmake/create_driverConfig-version.cmake
[33.339s] -- Installing: /home/user/create_ws/install/create_driver/share/create_driver/package.xml
[33.342s] Invoked command in '/home/user/create_ws/build/create_driver' returned '0': AMENT_PREFIX_PATH=/home/user/create_ws/install/create_msgs:${AMENT_PREFIX_PATH} CMAKE_PREFIX_PATH=/home/user/create_ws/install/libcreate:/home/user/create_ws/install/create_msgs:/home/user/sweepbot_ws/install/sweepbot:/home/user/launch_ws/install/py_launch_example:/opt/ros/humble LD_LIBRARY_PATH=/home/user/create_ws/install/libcreate/lib:/home/user/create_ws/install/create_msgs/lib:/usr/lib/x86_64-linux-gnu/gazebo-11/plugins:/opt/ros/humble/opt/rviz_ogre_vendor/lib:/opt/ros/humble/lib/x86_64-linux-gnu:/opt/ros/humble/lib:/usr/lib/x86_64-linux-gnu/gazebo-11/plugins PKG_CONFIG_PATH=/home/user/create_ws/install/libcreate/lib/x86_64-linux-gnu/pkgconfig:/home/user/create_ws/install/libcreate/lib/pkgconfig PYTHONPATH=/home/user/create_ws/install/create_msgs/local/lib/python3.10/dist-packages:${PYTHONPATH} /usr/bin/cmake --install /home/user/create_ws/build/create_driver
