[0.018s] Invoking command in '/home/user/create_ws/build/libcreate': CMAKE_PREFIX_PATH=/home/user/sweepbot_ws/install/sweepbot:/home/user/launch_ws/install/py_launch_example:/opt/ros/humble /usr/bin/cmake /home/user/create_ws/src/libcreate -DCMAKE_INSTALL_PREFIX=/home/user/create_ws/install/libcreate
[0.153s] -- The C compiler identification is GNU 11.4.0
[0.257s] -- The CXX compiler identification is GNU 11.4.0
[0.265s] -- Detecting C compiler ABI info
[0.346s] -- Detecting C compiler ABI info - done
[0.363s] -- Check for working C compiler: /usr/bin/cc - skipped
[0.364s] -- Detecting C compile features
[0.365s] -- Detecting C compile features - done
[0.371s] -- Detecting CXX compiler ABI info
[0.462s] -- Detecting CXX compiler ABI info - done
[0.477s] -- Check for working CXX compiler: /usr/bin/c++ - skipped
[0.478s] -- Detecting CXX compile features
[0.478s] -- Detecting CXX compile features - done
[0.670s] -- Found Boost: /usr/lib/x86_64-linux-gnu/cmake/Boost-1.74.0/BoostConfig.cmake (found version "1.74.0") found components: system thread 
[0.674s] -- Found Threads: TRUE  
[0.684s] -- Found GTest: /usr/lib/x86_64-linux-gnu/cmake/GTest/GTestConfig.cmake (found version "1.11.0")  
[0.684s] [0mGTest installation found. Building tests.[0m
[0.685s] -- Configuring done
[0.713s] -- Generating done
[0.719s] -- Build files have been written to: /home/user/create_ws/build/libcreate
[0.724s] Invoked command in '/home/user/create_ws/build/libcreate' returned '0': CMAKE_PREFIX_PATH=/home/user/sweepbot_ws/install/sweepbot:/home/user/launch_ws/install/py_launch_example:/opt/ros/humble /usr/bin/cmake /home/user/create_ws/src/libcreate -DCMAKE_INSTALL_PREFIX=/home/user/create_ws/install/libcreate
[0.726s] Invoking command in '/home/user/create_ws/build/libcreate': CMAKE_PREFIX_PATH=/home/user/sweepbot_ws/install/sweepbot:/home/user/launch_ws/install/py_launch_example:/opt/ros/humble /usr/bin/cmake --build /home/user/create_ws/build/libcreate -- -j8 -l8
[0.783s] [  5%] [32mBuilding CXX object CMakeFiles/create.dir/src/serial_stream.cpp.o[0m
[0.783s] [  5%] [32mBuilding CXX object CMakeFiles/create.dir/src/create.cpp.o[0m
[0.783s] [  8%] [32mBuilding CXX object CMakeFiles/create.dir/src/serial.cpp.o[0m
[0.783s] [ 11%] [32mBuilding CXX object CMakeFiles/create.dir/src/serial_query.cpp.o[0m
[0.783s] [ 13%] [32mBuilding CXX object CMakeFiles/create.dir/src/data.cpp.o[0m
[0.784s] [ 16%] [32mBuilding CXX object CMakeFiles/create.dir/src/types.cpp.o[0m
[0.790s] [ 19%] [32mBuilding CXX object CMakeFiles/create.dir/src/packet.cpp.o[0m
[4.469s] [ 22%] [32m[1mLinking CXX shared library libcreate.so[0m
[4.794s] [ 22%] Built target create
[4.848s] [ 25%] [32mBuilding CXX object CMakeFiles/bumpers.dir/examples/bumpers.cpp.o[0m
[4.858s] [ 27%] [32mBuilding CXX object CMakeFiles/drive_circle.dir/examples/drive_circle.cpp.o[0m
[4.859s] [ 30%] [32mBuilding CXX object CMakeFiles/cliffs.dir/examples/cliffs.cpp.o[0m
[4.865s] [ 33%] [32mBuilding CXX object CMakeFiles/battery_level.dir/examples/battery_level.cpp.o[0m
[4.871s] [ 36%] [32mBuilding CXX object CMakeFiles/leds.dir/examples/leds.cpp.o[0m
[4.874s] [ 38%] [32mBuilding CXX object CMakeFiles/play_song.dir/examples/play_song.cpp.o[0m
[4.876s] [ 44%] [32mBuilding CXX object CMakeFiles/wheeldrop.dir/examples/wheeldrop.cpp.o[0m
[4.878s] [ 41%] [32mBuilding CXX object CMakeFiles/packets.dir/examples/packets.cpp.o[0m
[9.408s] [ 47%] [32m[1mLinking CXX executable wheeldrop[0m
[9.810s] [ 47%] Built target wheeldrop
[9.876s] [ 50%] [32mBuilding CXX object CMakeFiles/test_create.dir/tests/test_create.cpp.o[0m
[11.293s] [ 52%] [32m[1mLinking CXX executable packets[0m
[11.304s] [ 55%] [32m[1mLinking CXX executable play_song[0m
[11.345s] [ 58%] [32m[1mLinking CXX executable drive_circle[0m
[11.486s] [ 58%] Built target packets
[11.502s] [ 61%] [32m[1mLinking CXX executable leds[0m
[11.531s] [ 61%] Built target drive_circle
[11.538s] [ 63%] [32mBuilding CXX object CMakeFiles/test_data.dir/tests/test_data.cpp.o[0m
[11.564s] [ 63%] Built target play_song
[11.570s] [ 66%] [32mBuilding CXX object CMakeFiles/test_packet.dir/tests/test_packet.cpp.o[0m
[11.581s] [ 69%] [32m[1mLinking CXX executable battery_level[0m
[11.603s] [ 72%] [32mBuilding CXX object CMakeFiles/test_robot_model.dir/tests/test_robot_model.cpp.o[0m
[11.608s] [ 75%] [32m[1mLinking CXX executable cliffs[0m
[11.696s] [ 75%] Built target leds
[11.766s] [ 77%] [32mBuilding CXX object CMakeFiles/test_serial_stream.dir/tests/test_serial_stream.cpp.o[0m
[11.768s] [ 80%] [32m[1mLinking CXX executable bumpers[0m
[11.784s] [ 80%] Built target battery_level
[11.830s] [ 83%] [32mBuilding CXX object CMakeFiles/test_serial_query.dir/tests/test_serial_query.cpp.o[0m
[11.848s] [ 83%] Built target cliffs
[11.953s] [ 83%] Built target bumpers
[12.822s] [ 86%] [32m[1mLinking CXX executable test_robot_model[0m
[12.864s] [ 88%] [32m[1mLinking CXX executable test_packet[0m
[13.064s] [ 91%] [32m[1mLinking CXX executable test_data[0m
[13.128s] [ 91%] Built target test_robot_model
[13.212s] [ 91%] Built target test_packet
[13.287s] [ 91%] Built target test_data
[14.106s] [ 94%] [32m[1mLinking CXX executable test_create[0m
[14.243s] [ 94%] Built target test_create
[14.367s] [ 97%] [32m[1mLinking CXX executable test_serial_stream[0m
[14.502s] [ 97%] Built target test_serial_stream
[14.507s] [100%] [32m[1mLinking CXX executable test_serial_query[0m
[14.635s] [100%] Built target test_serial_query
[14.647s] Invoked command in '/home/user/create_ws/build/libcreate' returned '0': CMAKE_PREFIX_PATH=/home/user/sweepbot_ws/install/sweepbot:/home/user/launch_ws/install/py_launch_example:/opt/ros/humble /usr/bin/cmake --build /home/user/create_ws/build/libcreate -- -j8 -l8
[14.648s] Invoking command in '/home/user/create_ws/build/libcreate': CMAKE_PREFIX_PATH=/home/user/sweepbot_ws/install/sweepbot:/home/user/launch_ws/install/py_launch_example:/opt/ros/humble /usr/bin/cmake --install /home/user/create_ws/build/libcreate
[14.656s] -- Install configuration: ""
[14.656s] -- Installing: /home/user/create_ws/install/libcreate/lib/libcreate.so
[14.658s] -- Installing: /home/user/create_ws/install/libcreate/include
[14.658s] -- Installing: /home/user/create_ws/install/libcreate/include/create
[14.658s] -- Installing: /home/user/create_ws/install/libcreate/include/create/serial.h
[14.659s] -- Installing: /home/user/create_ws/install/libcreate/include/create/serial_query.h
[14.659s] -- Installing: /home/user/create_ws/install/libcreate/include/create/util.h
[14.659s] -- Installing: /home/user/create_ws/install/libcreate/include/create/packet.h
[14.659s] -- Installing: /home/user/create_ws/install/libcreate/include/create/data.h
[14.659s] -- Installing: /home/user/create_ws/install/libcreate/include/create/types.h
[14.659s] -- Installing: /home/user/create_ws/install/libcreate/include/create/serial_stream.h
[14.659s] -- Installing: /home/user/create_ws/install/libcreate/include/create/create.h
[14.659s] -- Installing: /home/user/create_ws/install/libcreate/lib/cmake/libcreate/libcreate-config.cmake
[14.659s] -- Installing: /home/user/create_ws/install/libcreate/lib/cmake/libcreate/libcreate-config-version.cmake
[14.660s] -- Installing: /home/user/create_ws/install/libcreate/lib/cmake/libcreate/libcreate-targets.cmake
[14.660s] -- Installing: /home/user/create_ws/install/libcreate/lib/cmake/libcreate/libcreate-targets-noconfig.cmake
[14.660s] -- Installing: /home/user/create_ws/install/libcreate/share/libcreate/package.xml
[14.662s] Invoked command in '/home/user/create_ws/build/libcreate' returned '0': CMAKE_PREFIX_PATH=/home/user/sweepbot_ws/install/sweepbot:/home/user/launch_ws/install/py_launch_example:/opt/ros/humble /usr/bin/cmake --install /home/user/create_ws/build/libcreate
