[35m[1mConsolidate compiler generated dependencies of target create[0m
[ 22%] Built target create
[35m[1mConsolidate compiler generated dependencies of target bumpers[0m
[35m[1mConsolidate compiler generated dependencies of target cliffs[0m
[35m[1mConsolidate compiler generated dependencies of target drive_circle[0m
[35m[1mConsolidate compiler generated dependencies of target leds[0m
[35m[1mConsolidate compiler generated dependencies of target wheeldrop[0m
[35m[1mConsolidate compiler generated dependencies of target battery_level[0m
[35m[1mConsolidate compiler generated dependencies of target packets[0m
[35m[1mConsolidate compiler generated dependencies of target play_song[0m
[ 27%] Built target bumpers
[ 33%] Built target cliffs
[ 38%] Built target wheeldrop
[ 50%] Built target play_song
[ 50%] Built target battery_level
[ 55%] Built target drive_circle
[ 61%] Built target leds
[ 66%] Built target packets
[35m[1mConsolidate compiler generated dependencies of target test_data[0m
[35m[1mConsolidate compiler generated dependencies of target test_packet[0m
[35m[1mConsolidate compiler generated dependencies of target test_create[0m
[35m[1mConsolidate compiler generated dependencies of target test_robot_model[0m
[35m[1mConsolidate compiler generated dependencies of target test_serial_query[0m
[35m[1mConsolidate compiler generated dependencies of target test_serial_stream[0m
[ 72%] Built target test_data
[ 83%] Built target test_robot_model
[ 83%] Built target test_packet
[ 88%] Built target test_create
[ 94%] Built target test_serial_stream
[100%] Built target test_serial_query
-- Install configuration: ""
-- Up-to-date: /home/user/create_ws/install/libcreate/lib/libcreate.so
-- Up-to-date: /home/user/create_ws/install/libcreate/include
-- Up-to-date: /home/user/create_ws/install/libcreate/include/create
-- Up-to-date: /home/user/create_ws/install/libcreate/include/create/serial.h
-- Up-to-date: /home/user/create_ws/install/libcreate/include/create/serial_query.h
-- Up-to-date: /home/user/create_ws/install/libcreate/include/create/util.h
-- Up-to-date: /home/user/create_ws/install/libcreate/include/create/packet.h
-- Up-to-date: /home/user/create_ws/install/libcreate/include/create/data.h
-- Up-to-date: /home/user/create_ws/install/libcreate/include/create/types.h
-- Up-to-date: /home/user/create_ws/install/libcreate/include/create/serial_stream.h
-- Up-to-date: /home/user/create_ws/install/libcreate/include/create/create.h
-- Up-to-date: /home/user/create_ws/install/libcreate/lib/cmake/libcreate/libcreate-config.cmake
-- Up-to-date: /home/user/create_ws/install/libcreate/lib/cmake/libcreate/libcreate-config-version.cmake
-- Up-to-date: /home/user/create_ws/install/libcreate/lib/cmake/libcreate/libcreate-targets.cmake
-- Up-to-date: /home/user/create_ws/install/libcreate/lib/cmake/libcreate/libcreate-targets-noconfig.cmake
-- Up-to-date: /home/user/create_ws/install/libcreate/share/libcreate/package.xml
