[  2%] [32mBuilding CXX object CMakeFiles/create.dir/src/create.cpp.o[0m
[  5%] [32mBuilding CXX object CMakeFiles/create.dir/src/serial.cpp.o[0m
[  8%] [32mBuilding CXX object CMakeFiles/create.dir/src/serial_stream.cpp.o[0m
[ 11%] [32mBuilding CXX object CMakeFiles/create.dir/src/serial_query.cpp.o[0m
[ 13%] [32mBuilding CXX object CMakeFiles/create.dir/src/data.cpp.o[0m
[ 16%] [32mBuilding CXX object CMakeFiles/create.dir/src/types.cpp.o[0m
[ 19%] [32mBuilding CXX object CMakeFiles/create.dir/src/packet.cpp.o[0m
[ 22%] [32m[1mLinking CXX shared library libcreate.so[0m
[ 22%] Built target create
[ 25%] [32mBuilding CXX object CMakeFiles/wheeldrop.dir/examples/wheeldrop.cpp.o[0m
[ 27%] [32mBuilding CXX object CMakeFiles/battery_level.dir/examples/battery_level.cpp.o[0m
[ 30%] [32mBuilding CXX object CMakeFiles/bumpers.dir/examples/bumpers.cpp.o[0m
[ 36%] [32mBuilding CXX object CMakeFiles/leds.dir/examples/leds.cpp.o[0m
[ 36%] [32mBuilding CXX object CMakeFiles/drive_circle.dir/examples/drive_circle.cpp.o[0m
[ 38%] [32mBuilding CXX object CMakeFiles/packets.dir/examples/packets.cpp.o[0m
[ 41%] [32mBuilding CXX object CMakeFiles/cliffs.dir/examples/cliffs.cpp.o[0m
[ 44%] [32mBuilding CXX object CMakeFiles/play_song.dir/examples/play_song.cpp.o[0m
[ 47%] [32m[1mLinking CXX executable packets[0m
[ 47%] Built target packets
[ 50%] [32mBuilding CXX object CMakeFiles/test_create.dir/tests/test_create.cpp.o[0m
[ 52%] [32m[1mLinking CXX executable bumpers[0m
[ 55%] [32m[1mLinking CXX executable wheeldrop[0m
[ 58%] [32m[1mLinking CXX executable play_song[0m
[ 61%] [32m[1mLinking CXX executable cliffs[0m
[ 61%] Built target bumpers
[ 63%] [32m[1mLinking CXX executable drive_circle[0m
[ 66%] [32m[1mLinking CXX executable battery_level[0m
[ 69%] [32mBuilding CXX object CMakeFiles/test_data.dir/tests/test_data.cpp.o[0m
[ 69%] Built target wheeldrop
[ 69%] Built target play_song
[ 72%] [32mBuilding CXX object CMakeFiles/test_packet.dir/tests/test_packet.cpp.o[0m
[ 72%] Built target cliffs
[ 75%] [32mBuilding CXX object CMakeFiles/test_robot_model.dir/tests/test_robot_model.cpp.o[0m
[ 75%] Built target drive_circle
[ 77%] [32m[1mLinking CXX executable leds[0m
[ 80%] [32mBuilding CXX object CMakeFiles/test_serial_stream.dir/tests/test_serial_stream.cpp.o[0m
[ 80%] Built target battery_level
[ 83%] [32mBuilding CXX object CMakeFiles/test_serial_query.dir/tests/test_serial_query.cpp.o[0m
[ 83%] Built target leds
[ 86%] [32m[1mLinking CXX executable test_data[0m
[ 86%] Built target test_data
[ 88%] [32m[1mLinking CXX executable test_robot_model[0m
[ 91%] [32m[1mLinking CXX executable test_packet[0m
[ 91%] Built target test_robot_model
[ 91%] Built target test_packet
[ 94%] [32m[1mLinking CXX executable test_serial_stream[0m
[ 97%] [32m[1mLinking CXX executable test_create[0m
[100%] [32m[1mLinking CXX executable test_serial_query[0m
[100%] Built target test_serial_stream
[100%] Built target test_create
[100%] Built target test_serial_query
-- Install configuration: ""
-- Installing: /home/user/create_ws/install/libcreate/lib/libcreate.so
-- Up-to-date: /home/user/create_ws/install/libcreate/include
-- Up-to-date: /home/user/create_ws/install/libcreate/include/create
-- Up-to-date: /home/user/create_ws/install/libcreate/include/create/serial.h
-- Up-to-date: /home/user/create_ws/install/libcreate/include/create/serial_query.h
-- Up-to-date: /home/user/create_ws/install/libcreate/include/create/util.h
-- Up-to-date: /home/user/create_ws/install/libcreate/include/create/packet.h
-- Up-to-date: /home/user/create_ws/install/libcreate/include/create/data.h
-- Up-to-date: /home/user/create_ws/install/libcreate/include/create/types.h
-- Up-to-date: /home/user/create_ws/install/libcreate/include/create/serial_stream.h
-- Up-to-date: /home/user/create_ws/install/libcreate/include/create/create.h
-- Up-to-date: /home/user/create_ws/install/libcreate/lib/cmake/libcreate/libcreate-config.cmake
-- Up-to-date: /home/user/create_ws/install/libcreate/lib/cmake/libcreate/libcreate-config-version.cmake
-- Up-to-date: /home/user/create_ws/install/libcreate/lib/cmake/libcreate/libcreate-targets.cmake
-- Up-to-date: /home/user/create_ws/install/libcreate/lib/cmake/libcreate/libcreate-targets-noconfig.cmake
-- Up-to-date: /home/user/create_ws/install/libcreate/share/libcreate/package.xml
