[0.022s] Invoking command in '/home/user/create_ws/build/libcreate': CMAKE_PREFIX_PATH=${CMAKE_PREFIX_PATH}:/home/user/launch_ws/install/py_launch_example:/home/user/create3_examples_ws/install/create3_teleop:/home/user/create3_examples_ws/install/create3_examples_py:/home/user/sweepbot_ws/install/sweepbot:/home/user/sweepbot_ws/install/my_teleop_config:/opt/ros/humble /usr/bin/cmake --build /home/user/create_ws/build/libcreate -- -j8 -l8
[0.151s] [  2%] [32mBuilding CXX object CMakeFiles/create.dir/src/create.cpp.o[0m
[0.153s] [  5%] [32mBuilding CXX object CMakeFiles/create.dir/src/serial.cpp.o[0m
[0.153s] [  8%] [32mBuilding CXX object CMakeFiles/create.dir/src/serial_stream.cpp.o[0m
[0.154s] [ 11%] [32mBuilding CXX object CMakeFiles/create.dir/src/serial_query.cpp.o[0m
[0.154s] [ 13%] [32mBuilding CXX object CMakeFiles/create.dir/src/data.cpp.o[0m
[0.156s] [ 16%] [32mBuilding CXX object CMakeFiles/create.dir/src/types.cpp.o[0m
[0.160s] [ 19%] [32mBuilding CXX object CMakeFiles/create.dir/src/packet.cpp.o[0m
[4.186s] [ 22%] [32m[1mLinking CXX shared library libcreate.so[0m
[4.566s] [ 22%] Built target create
[4.689s] [ 25%] [32mBuilding CXX object CMakeFiles/wheeldrop.dir/examples/wheeldrop.cpp.o[0m
[4.691s] [ 27%] [32mBuilding CXX object CMakeFiles/battery_level.dir/examples/battery_level.cpp.o[0m
[4.692s] [ 30%] [32mBuilding CXX object CMakeFiles/bumpers.dir/examples/bumpers.cpp.o[0m
[4.699s] [ 36%] [32mBuilding CXX object CMakeFiles/leds.dir/examples/leds.cpp.o[0m
[4.699s] [ 36%] [32mBuilding CXX object CMakeFiles/drive_circle.dir/examples/drive_circle.cpp.o[0m
[4.699s] [ 38%] [32mBuilding CXX object CMakeFiles/packets.dir/examples/packets.cpp.o[0m
[4.700s] [ 41%] [32mBuilding CXX object CMakeFiles/cliffs.dir/examples/cliffs.cpp.o[0m
[4.707s] [ 44%] [32mBuilding CXX object CMakeFiles/play_song.dir/examples/play_song.cpp.o[0m
[9.656s] [ 47%] [32m[1mLinking CXX executable packets[0m
[9.881s] [ 47%] Built target packets
[9.999s] [ 50%] [32mBuilding CXX object CMakeFiles/test_create.dir/tests/test_create.cpp.o[0m
[10.685s] [ 52%] [32m[1mLinking CXX executable bumpers[0m
[10.819s] [ 55%] [32m[1mLinking CXX executable wheeldrop[0m
[10.856s] [ 58%] [32m[1mLinking CXX executable play_song[0m
[10.911s] [ 61%] [32m[1mLinking CXX executable cliffs[0m
[10.938s] [ 61%] Built target bumpers
[10.944s] [ 63%] [32m[1mLinking CXX executable drive_circle[0m
[11.001s] [ 66%] [32m[1mLinking CXX executable battery_level[0m
[11.007s] [ 69%] [32mBuilding CXX object CMakeFiles/test_data.dir/tests/test_data.cpp.o[0m
[11.033s] [ 69%] Built target wheeldrop
[11.070s] [ 69%] Built target play_song
[11.107s] [ 72%] [32mBuilding CXX object CMakeFiles/test_packet.dir/tests/test_packet.cpp.o[0m
[11.111s] [ 72%] Built target cliffs
[11.130s] [ 75%] [32mBuilding CXX object CMakeFiles/test_robot_model.dir/tests/test_robot_model.cpp.o[0m
[11.145s] [ 75%] Built target drive_circle
[11.179s] [ 77%] [32m[1mLinking CXX executable leds[0m
[11.182s] [ 80%] [32mBuilding CXX object CMakeFiles/test_serial_stream.dir/tests/test_serial_stream.cpp.o[0m
[11.201s] [ 80%] Built target battery_level
[11.225s] [ 83%] [32mBuilding CXX object CMakeFiles/test_serial_query.dir/tests/test_serial_query.cpp.o[0m
[11.352s] [ 83%] Built target leds
[12.113s] [ 86%] [32m[1mLinking CXX executable test_data[0m
[12.353s] [ 86%] Built target test_data
[12.368s] [ 88%] [32m[1mLinking CXX executable test_robot_model[0m
[12.474s] [ 91%] [32m[1mLinking CXX executable test_packet[0m
[12.630s] [ 91%] Built target test_robot_model
[12.703s] [ 91%] Built target test_packet
[13.873s] [ 94%] [32m[1mLinking CXX executable test_serial_stream[0m
[13.933s] [ 97%] [32m[1mLinking CXX executable test_create[0m
[13.939s] [100%] [32m[1mLinking CXX executable test_serial_query[0m
[14.023s] [100%] Built target test_serial_stream
[14.077s] [100%] Built target test_create
[14.089s] [100%] Built target test_serial_query
[14.102s] Invoked command in '/home/user/create_ws/build/libcreate' returned '0': CMAKE_PREFIX_PATH=${CMAKE_PREFIX_PATH}:/home/user/launch_ws/install/py_launch_example:/home/user/create3_examples_ws/install/create3_teleop:/home/user/create3_examples_ws/install/create3_examples_py:/home/user/sweepbot_ws/install/sweepbot:/home/user/sweepbot_ws/install/my_teleop_config:/opt/ros/humble /usr/bin/cmake --build /home/user/create_ws/build/libcreate -- -j8 -l8
[14.103s] Invoking command in '/home/user/create_ws/build/libcreate': CMAKE_PREFIX_PATH=${CMAKE_PREFIX_PATH}:/home/user/launch_ws/install/py_launch_example:/home/user/create3_examples_ws/install/create3_teleop:/home/user/create3_examples_ws/install/create3_examples_py:/home/user/sweepbot_ws/install/sweepbot:/home/user/sweepbot_ws/install/my_teleop_config:/opt/ros/humble /usr/bin/cmake --install /home/user/create_ws/build/libcreate
[14.113s] -- Install configuration: ""
[14.113s] -- Installing: /home/user/create_ws/install/libcreate/lib/libcreate.so
[14.115s] -- Up-to-date: /home/user/create_ws/install/libcreate/include
[14.115s] -- Up-to-date: /home/user/create_ws/install/libcreate/include/create
[14.116s] -- Up-to-date: /home/user/create_ws/install/libcreate/include/create/serial.h
[14.116s] -- Up-to-date: /home/user/create_ws/install/libcreate/include/create/serial_query.h
[14.116s] -- Up-to-date: /home/user/create_ws/install/libcreate/include/create/util.h
[14.116s] -- Up-to-date: /home/user/create_ws/install/libcreate/include/create/packet.h
[14.116s] -- Up-to-date: /home/user/create_ws/install/libcreate/include/create/data.h
[14.116s] -- Up-to-date: /home/user/create_ws/install/libcreate/include/create/types.h
[14.116s] -- Up-to-date: /home/user/create_ws/install/libcreate/include/create/serial_stream.h
[14.116s] -- Up-to-date: /home/user/create_ws/install/libcreate/include/create/create.h
[14.116s] -- Up-to-date: /home/user/create_ws/install/libcreate/lib/cmake/libcreate/libcreate-config.cmake
[14.116s] -- Up-to-date: /home/user/create_ws/install/libcreate/lib/cmake/libcreate/libcreate-config-version.cmake
[14.117s] -- Up-to-date: /home/user/create_ws/install/libcreate/lib/cmake/libcreate/libcreate-targets.cmake
[14.117s] -- Up-to-date: /home/user/create_ws/install/libcreate/lib/cmake/libcreate/libcreate-targets-noconfig.cmake
[14.117s] -- Up-to-date: /home/user/create_ws/install/libcreate/share/libcreate/package.xml
[14.119s] Invoked command in '/home/user/create_ws/build/libcreate' returned '0': CMAKE_PREFIX_PATH=${CMAKE_PREFIX_PATH}:/home/user/launch_ws/install/py_launch_example:/home/user/create3_examples_ws/install/create3_teleop:/home/user/create3_examples_ws/install/create3_examples_py:/home/user/sweepbot_ws/install/sweepbot:/home/user/sweepbot_ws/install/my_teleop_config:/opt/ros/humble /usr/bin/cmake --install /home/user/create_ws/build/libcreate
