[0.016s] Invoking command in '/home/user/create_ws/build/create_bringup': CMAKE_PREFIX_PATH=/home/user/create_ws/install/create_driver:/home/user/create_ws/install/libcreate:/home/user/create_ws/install/create_msgs:/home/user/create_ws/install/create_description:/home/user/create3_examples_ws/install/create3_republisher:/home/user/create3_examples_ws/install/create3_lidar_slam:/home/user/create3_examples_ws/install/create3_coverage:/home/user/create3_examples_ws/install/create3_examples_msgs:/home/user/create_ws/install/create_robot:/home/user/create_ws/install/create_bringup:/home/user/create3_examples_ws/install/create3_teleop:/home/user/create3_examples_ws/install/create3_examples_py:/home/user/sweepbot_ws/install/sweepbot:/home/user/launch_ws/install/py_launch_example:/opt/ros/humble LD_LIBRARY_PATH=/home/user/create_ws/install/libcreate/lib:/home/user/create_ws/install/create_msgs/lib:/home/user/create3_examples_ws/install/create3_coverage/lib:/home/user/create3_examples_ws/install/create3_examples_msgs/lib:/usr/lib/x86_64-linux-gnu/gazebo-11/plugins:/opt/ros/humble/opt/rviz_ogre_vendor/lib:/opt/ros/humble/lib/x86_64-linux-gnu:/opt/ros/humble/lib:/usr/lib/x86_64-linux-gnu/gazebo-11/plugins:/usr/lib/x86_64-linux-gnu/gazebo-11/plugins:/usr/lib/x86_64-linux-gnu/gazebo-11/plugins /usr/bin/cmake --build /home/user/create_ws/build/create_bringup -- -j8 -l8
[0.057s] Invoked command in '/home/user/create_ws/build/create_bringup' returned '0': CMAKE_PREFIX_PATH=/home/user/create_ws/install/create_driver:/home/user/create_ws/install/libcreate:/home/user/create_ws/install/create_msgs:/home/user/create_ws/install/create_description:/home/user/create3_examples_ws/install/create3_republisher:/home/user/create3_examples_ws/install/create3_lidar_slam:/home/user/create3_examples_ws/install/create3_coverage:/home/user/create3_examples_ws/install/create3_examples_msgs:/home/user/create_ws/install/create_robot:/home/user/create_ws/install/create_bringup:/home/user/create3_examples_ws/install/create3_teleop:/home/user/create3_examples_ws/install/create3_examples_py:/home/user/sweepbot_ws/install/sweepbot:/home/user/launch_ws/install/py_launch_example:/opt/ros/humble LD_LIBRARY_PATH=/home/user/create_ws/install/libcreate/lib:/home/user/create_ws/install/create_msgs/lib:/home/user/create3_examples_ws/install/create3_coverage/lib:/home/user/create3_examples_ws/install/create3_examples_msgs/lib:/usr/lib/x86_64-linux-gnu/gazebo-11/plugins:/opt/ros/humble/opt/rviz_ogre_vendor/lib:/opt/ros/humble/lib/x86_64-linux-gnu:/opt/ros/humble/lib:/usr/lib/x86_64-linux-gnu/gazebo-11/plugins:/usr/lib/x86_64-linux-gnu/gazebo-11/plugins:/usr/lib/x86_64-linux-gnu/gazebo-11/plugins /usr/bin/cmake --build /home/user/create_ws/build/create_bringup -- -j8 -l8
[0.058s] Invoking command in '/home/user/create_ws/build/create_bringup': CMAKE_PREFIX_PATH=/home/user/create_ws/install/create_driver:/home/user/create_ws/install/libcreate:/home/user/create_ws/install/create_msgs:/home/user/create_ws/install/create_description:/home/user/create3_examples_ws/install/create3_republisher:/home/user/create3_examples_ws/install/create3_lidar_slam:/home/user/create3_examples_ws/install/create3_coverage:/home/user/create3_examples_ws/install/create3_examples_msgs:/home/user/create_ws/install/create_robot:/home/user/create_ws/install/create_bringup:/home/user/create3_examples_ws/install/create3_teleop:/home/user/create3_examples_ws/install/create3_examples_py:/home/user/sweepbot_ws/install/sweepbot:/home/user/launch_ws/install/py_launch_example:/opt/ros/humble LD_LIBRARY_PATH=/home/user/create_ws/install/libcreate/lib:/home/user/create_ws/install/create_msgs/lib:/home/user/create3_examples_ws/install/create3_coverage/lib:/home/user/create3_examples_ws/install/create3_examples_msgs/lib:/usr/lib/x86_64-linux-gnu/gazebo-11/plugins:/opt/ros/humble/opt/rviz_ogre_vendor/lib:/opt/ros/humble/lib/x86_64-linux-gnu:/opt/ros/humble/lib:/usr/lib/x86_64-linux-gnu/gazebo-11/plugins:/usr/lib/x86_64-linux-gnu/gazebo-11/plugins:/usr/lib/x86_64-linux-gnu/gazebo-11/plugins /usr/bin/cmake --install /home/user/create_ws/build/create_bringup
[0.067s] -- Install configuration: ""
[0.068s] -- Up-to-date: /home/user/create_ws/install/create_bringup/share/create_bringup/config
[0.068s] -- Up-to-date: /home/user/create_ws/install/create_bringup/share/create_bringup/config/dualshock4.yaml
[0.068s] -- Up-to-date: /home/user/create_ws/install/create_bringup/share/create_bringup/config/log710.yaml
[0.068s] -- Installing: /home/user/create_ws/install/create_bringup/share/create_bringup/config/default.yaml
[0.068s] -- Up-to-date: /home/user/create_ws/install/create_bringup/share/create_bringup/config/xbox360.yaml
[0.068s] -- Up-to-date: /home/user/create_ws/install/create_bringup/share/create_bringup/launch
[0.068s] -- Up-to-date: /home/user/create_ws/install/create_bringup/share/create_bringup/launch/create_1.launch
[0.069s] -- Up-to-date: /home/user/create_ws/install/create_bringup/share/create_bringup/launch/roomba_400.launch
[0.069s] -- Up-to-date: /home/user/create_ws/install/create_bringup/share/create_bringup/launch/create_2.launch
[0.069s] -- Up-to-date: /home/user/create_ws/install/create_bringup/share/create_bringup/launch/joy_teleop.launch
[0.069s] -- Up-to-date: /home/user/create_ws/install/create_bringup/share/ament_index/resource_index/package_run_dependencies/create_bringup
[0.069s] -- Up-to-date: /home/user/create_ws/install/create_bringup/share/ament_index/resource_index/parent_prefix_path/create_bringup
[0.069s] -- Up-to-date: /home/user/create_ws/install/create_bringup/share/create_bringup/environment/ament_prefix_path.sh
[0.069s] -- Up-to-date: /home/user/create_ws/install/create_bringup/share/create_bringup/environment/ament_prefix_path.dsv
[0.069s] -- Up-to-date: /home/user/create_ws/install/create_bringup/share/create_bringup/environment/path.sh
[0.069s] -- Up-to-date: /home/user/create_ws/install/create_bringup/share/create_bringup/environment/path.dsv
[0.070s] -- Up-to-date: /home/user/create_ws/install/create_bringup/share/create_bringup/local_setup.bash
[0.070s] -- Up-to-date: /home/user/create_ws/install/create_bringup/share/create_bringup/local_setup.sh
[0.070s] -- Up-to-date: /home/user/create_ws/install/create_bringup/share/create_bringup/local_setup.zsh
[0.070s] -- Up-to-date: /home/user/create_ws/install/create_bringup/share/create_bringup/local_setup.dsv
[0.070s] -- Up-to-date: /home/user/create_ws/install/create_bringup/share/create_bringup/package.dsv
[0.070s] -- Up-to-date: /home/user/create_ws/install/create_bringup/share/ament_index/resource_index/packages/create_bringup
[0.070s] -- Up-to-date: /home/user/create_ws/install/create_bringup/share/create_bringup/cmake/create_bringupConfig.cmake
[0.070s] -- Up-to-date: /home/user/create_ws/install/create_bringup/share/create_bringup/cmake/create_bringupConfig-version.cmake
[0.070s] -- Up-to-date: /home/user/create_ws/install/create_bringup/share/create_bringup/package.xml
[0.072s] Invoked command in '/home/user/create_ws/build/create_bringup' returned '0': CMAKE_PREFIX_PATH=/home/user/create_ws/install/create_driver:/home/user/create_ws/install/libcreate:/home/user/create_ws/install/create_msgs:/home/user/create_ws/install/create_description:/home/user/create3_examples_ws/install/create3_republisher:/home/user/create3_examples_ws/install/create3_lidar_slam:/home/user/create3_examples_ws/install/create3_coverage:/home/user/create3_examples_ws/install/create3_examples_msgs:/home/user/create_ws/install/create_robot:/home/user/create_ws/install/create_bringup:/home/user/create3_examples_ws/install/create3_teleop:/home/user/create3_examples_ws/install/create3_examples_py:/home/user/sweepbot_ws/install/sweepbot:/home/user/launch_ws/install/py_launch_example:/opt/ros/humble LD_LIBRARY_PATH=/home/user/create_ws/install/libcreate/lib:/home/user/create_ws/install/create_msgs/lib:/home/user/create3_examples_ws/install/create3_coverage/lib:/home/user/create3_examples_ws/install/create3_examples_msgs/lib:/usr/lib/x86_64-linux-gnu/gazebo-11/plugins:/opt/ros/humble/opt/rviz_ogre_vendor/lib:/opt/ros/humble/lib/x86_64-linux-gnu:/opt/ros/humble/lib:/usr/lib/x86_64-linux-gnu/gazebo-11/plugins:/usr/lib/x86_64-linux-gnu/gazebo-11/plugins:/usr/lib/x86_64-linux-gnu/gazebo-11/plugins /usr/bin/cmake --install /home/user/create_ws/build/create_bringup
