[0.023s] Invoking command in '/home/user/create_ws/build/libcreate': CMAKE_PREFIX_PATH=${CMAKE_PREFIX_PATH}:/home/user/launch_ws/install/py_launch_example:/home/user/create3_examples_ws/install/create3_teleop:/home/user/create3_examples_ws/install/create3_examples_py:/home/user/sweepbot_ws/install/sweepbot:/home/user/sweepbot_ws/install/custom_explorer:/opt/ros/humble /usr/bin/cmake --build /home/user/create_ws/build/libcreate -- -j8 -l8
[0.203s] [  2%] [32mBuilding CXX object CMakeFiles/create.dir/src/create.cpp.o[0m
[0.208s] [  5%] [32mBuilding CXX object CMakeFiles/create.dir/src/serial.cpp.o[0m
[0.213s] [  8%] [32mBuilding CXX object CMakeFiles/create.dir/src/serial_stream.cpp.o[0m
[0.226s] [ 11%] [32mBuilding CXX object CMakeFiles/create.dir/src/serial_query.cpp.o[0m
[0.228s] [ 13%] [32mBuilding CXX object CMakeFiles/create.dir/src/data.cpp.o[0m
[0.241s] [ 16%] [32mBuilding CXX object CMakeFiles/create.dir/src/packet.cpp.o[0m
[0.261s] [ 19%] [32mBuilding CXX object CMakeFiles/create.dir/src/types.cpp.o[0m
[5.440s] [ 22%] [32m[1mLinking CXX shared library libcreate.so[0m
[5.627s] [ 22%] Built target create
[5.682s] [ 33%] [32mBuilding CXX object CMakeFiles/bumpers.dir/examples/bumpers.cpp.o[0m
[5.683s] [ 33%] [32mBuilding CXX object CMakeFiles/battery_level.dir/examples/battery_level.cpp.o[0m
[5.683s] [ 33%] [32mBuilding CXX object CMakeFiles/cliffs.dir/examples/cliffs.cpp.o[0m
[5.683s] [ 33%] [32mBuilding CXX object CMakeFiles/drive_circle.dir/examples/drive_circle.cpp.o[0m
[5.683s] [ 36%] [32mBuilding CXX object CMakeFiles/packets.dir/examples/packets.cpp.o[0m
[5.683s] [ 38%] [32mBuilding CXX object CMakeFiles/play_song.dir/examples/play_song.cpp.o[0m
[5.683s] [ 41%] [32mBuilding CXX object CMakeFiles/leds.dir/examples/leds.cpp.o[0m
[5.685s] [ 44%] [32mBuilding CXX object CMakeFiles/wheeldrop.dir/examples/wheeldrop.cpp.o[0m
[9.182s] [ 47%] [32m[1mLinking CXX executable cliffs[0m
[9.184s] [ 50%] [32m[1mLinking CXX executable play_song[0m
[9.189s] [ 52%] [32m[1mLinking CXX executable leds[0m
[9.192s] [ 55%] [32m[1mLinking CXX executable bumpers[0m
[9.196s] [ 58%] [32m[1mLinking CXX executable battery_level[0m
[9.196s] [ 61%] [32m[1mLinking CXX executable wheeldrop[0m
[9.207s] [ 63%] [32m[1mLinking CXX executable packets[0m
[9.390s] [ 63%] Built target cliffs
[9.394s] [ 63%] Built target bumpers
[9.397s] [ 63%] Built target play_song
[9.407s] [ 63%] Built target battery_level
[9.410s] [ 63%] Built target leds
[9.411s] [ 63%] Built target wheeldrop
[9.413s] [ 63%] Built target packets
[9.432s] [ 66%] [32mBuilding CXX object CMakeFiles/test_data.dir/tests/test_data.cpp.o[0m
[9.436s] [ 69%] [32mBuilding CXX object CMakeFiles/test_packet.dir/tests/test_packet.cpp.o[0m
[9.445s] [ 72%] [32mBuilding CXX object CMakeFiles/test_robot_model.dir/tests/test_robot_model.cpp.o[0m
[9.446s] [ 75%] [32mBuilding CXX object CMakeFiles/test_create.dir/tests/test_create.cpp.o[0m
[9.461s] [ 77%] [32mBuilding CXX object CMakeFiles/test_serial_stream.dir/tests/test_serial_stream.cpp.o[0m
[9.462s] [ 80%] [32m[1mLinking CXX executable drive_circle[0m
[9.466s] [ 83%] [32mBuilding CXX object CMakeFiles/test_serial_query.dir/tests/test_serial_query.cpp.o[0m
[9.629s] [ 83%] Built target drive_circle
[10.627s] [ 86%] [32m[1mLinking CXX executable test_robot_model[0m
[10.692s] [ 88%] [32m[1mLinking CXX executable test_packet[0m
[10.835s] [ 88%] Built target test_robot_model
[10.841s] [ 91%] [32m[1mLinking CXX executable test_data[0m
[10.875s] [ 91%] Built target test_packet
[10.996s] [ 91%] Built target test_data
[11.679s] [ 94%] [32m[1mLinking CXX executable test_serial_query[0m
[11.828s] [ 94%] Built target test_serial_query
[11.906s] [ 97%] [32m[1mLinking CXX executable test_serial_stream[0m
[12.042s] [ 97%] Built target test_serial_stream
[12.175s] [100%] [32m[1mLinking CXX executable test_create[0m
[12.294s] [100%] Built target test_create
[12.308s] Invoked command in '/home/user/create_ws/build/libcreate' returned '0': CMAKE_PREFIX_PATH=${CMAKE_PREFIX_PATH}:/home/user/launch_ws/install/py_launch_example:/home/user/create3_examples_ws/install/create3_teleop:/home/user/create3_examples_ws/install/create3_examples_py:/home/user/sweepbot_ws/install/sweepbot:/home/user/sweepbot_ws/install/custom_explorer:/opt/ros/humble /usr/bin/cmake --build /home/user/create_ws/build/libcreate -- -j8 -l8
[12.310s] Invoking command in '/home/user/create_ws/build/libcreate': CMAKE_PREFIX_PATH=${CMAKE_PREFIX_PATH}:/home/user/launch_ws/install/py_launch_example:/home/user/create3_examples_ws/install/create3_teleop:/home/user/create3_examples_ws/install/create3_examples_py:/home/user/sweepbot_ws/install/sweepbot:/home/user/sweepbot_ws/install/custom_explorer:/opt/ros/humble /usr/bin/cmake --install /home/user/create_ws/build/libcreate
[12.318s] -- Install configuration: ""
[12.319s] -- Installing: /home/user/create_ws/install/libcreate/lib/libcreate.so
[12.321s] -- Up-to-date: /home/user/create_ws/install/libcreate/include
[12.321s] -- Up-to-date: /home/user/create_ws/install/libcreate/include/create
[12.321s] -- Up-to-date: /home/user/create_ws/install/libcreate/include/create/serial.h
[12.322s] -- Up-to-date: /home/user/create_ws/install/libcreate/include/create/serial_query.h
[12.322s] -- Up-to-date: /home/user/create_ws/install/libcreate/include/create/util.h
[12.322s] -- Up-to-date: /home/user/create_ws/install/libcreate/include/create/packet.h
[12.322s] -- Up-to-date: /home/user/create_ws/install/libcreate/include/create/data.h
[12.322s] -- Up-to-date: /home/user/create_ws/install/libcreate/include/create/types.h
[12.322s] -- Up-to-date: /home/user/create_ws/install/libcreate/include/create/serial_stream.h
[12.322s] -- Up-to-date: /home/user/create_ws/install/libcreate/include/create/create.h
[12.322s] -- Up-to-date: /home/user/create_ws/install/libcreate/lib/cmake/libcreate/libcreate-config.cmake
[12.323s] -- Up-to-date: /home/user/create_ws/install/libcreate/lib/cmake/libcreate/libcreate-config-version.cmake
[12.323s] -- Up-to-date: /home/user/create_ws/install/libcreate/lib/cmake/libcreate/libcreate-targets.cmake
[12.323s] -- Up-to-date: /home/user/create_ws/install/libcreate/lib/cmake/libcreate/libcreate-targets-noconfig.cmake
[12.323s] -- Up-to-date: /home/user/create_ws/install/libcreate/share/libcreate/package.xml
[12.325s] Invoked command in '/home/user/create_ws/build/libcreate' returned '0': CMAKE_PREFIX_PATH=${CMAKE_PREFIX_PATH}:/home/user/launch_ws/install/py_launch_example:/home/user/create3_examples_ws/install/create3_teleop:/home/user/create3_examples_ws/install/create3_examples_py:/home/user/sweepbot_ws/install/sweepbot:/home/user/sweepbot_ws/install/custom_explorer:/opt/ros/humble /usr/bin/cmake --install /home/user/create_ws/build/libcreate
