[0.021s] Invoking command in '/home/user/create_ws/build/create_description': CMAKE_PREFIX_PATH=${CMAKE_PREFIX_PATH}:/home/user/launch_ws/install/py_launch_example:/home/user/create3_examples_ws/install/create3_teleop:/home/user/create3_examples_ws/install/create3_examples_py:/home/user/sweepbot_ws/install/sweepbot:/opt/ros/humble /usr/bin/cmake --build /home/user/create_ws/build/create_description -- -j8 -l8
[0.074s] Invoked command in '/home/user/create_ws/build/create_description' returned '0': CMAKE_PREFIX_PATH=${CMAKE_PREFIX_PATH}:/home/user/launch_ws/install/py_launch_example:/home/user/create3_examples_ws/install/create3_teleop:/home/user/create3_examples_ws/install/create3_examples_py:/home/user/sweepbot_ws/install/sweepbot:/opt/ros/humble /usr/bin/cmake --build /home/user/create_ws/build/create_description -- -j8 -l8
[0.088s] Invoking command in '/home/user/create_ws/build/create_description': CMAKE_PREFIX_PATH=${CMAKE_PREFIX_PATH}:/home/user/launch_ws/install/py_launch_example:/home/user/create3_examples_ws/install/create3_teleop:/home/user/create3_examples_ws/install/create3_examples_py:/home/user/sweepbot_ws/install/sweepbot:/opt/ros/humble /usr/bin/cmake --install /home/user/create_ws/build/create_description
[0.102s] -- Install configuration: ""
[0.103s] -- Up-to-date: /home/user/create_ws/install/create_description/share/create_description/launch
[0.103s] -- Up-to-date: /home/user/create_ws/install/create_description/share/create_description/launch/create_1.launch
[0.103s] -- Up-to-date: /home/user/create_ws/install/create_description/share/create_description/launch/roomba_400.launch
[0.103s] -- Up-to-date: /home/user/create_ws/install/create_description/share/create_description/launch/create_2.launch
[0.103s] -- Up-to-date: /home/user/create_ws/install/create_description/share/create_description/meshes
[0.103s] -- Up-to-date: /home/user/create_ws/install/create_description/share/create_description/meshes/create_2.dae
[0.104s] -- Up-to-date: /home/user/create_ws/install/create_description/share/create_description/meshes/create_1.dae
[0.104s] -- Up-to-date: /home/user/create_ws/install/create_description/share/create_description/meshes/create_1.tga
[0.104s] -- Up-to-date: /home/user/create_ws/install/create_description/share/create_description/urdf
[0.104s] -- Up-to-date: /home/user/create_ws/install/create_description/share/create_description/urdf/create_base_gazebo.urdf.xacro
[0.104s] -- Up-to-date: /home/user/create_ws/install/create_description/share/create_description/urdf/create_base.urdf.xacro
[0.104s] -- Up-to-date: /home/user/create_ws/install/create_description/share/create_description/urdf/create_2_gazebo.urdf.xacro
[0.104s] -- Up-to-date: /home/user/create_ws/install/create_description/share/create_description/urdf/create_1.urdf.xacro
[0.105s] -- Up-to-date: /home/user/create_ws/install/create_description/share/create_description/urdf/create_1_gazebo.urdf.xacro
[0.105s] -- Up-to-date: /home/user/create_ws/install/create_description/share/create_description/urdf/create_2.urdf.xacro
[0.105s] -- Up-to-date: /home/user/create_ws/install/create_description/share/ament_index/resource_index/package_run_dependencies/create_description
[0.105s] -- Up-to-date: /home/user/create_ws/install/create_description/share/ament_index/resource_index/parent_prefix_path/create_description
[0.105s] -- Up-to-date: /home/user/create_ws/install/create_description/share/create_description/environment/ament_prefix_path.sh
[0.105s] -- Up-to-date: /home/user/create_ws/install/create_description/share/create_description/environment/ament_prefix_path.dsv
[0.105s] -- Up-to-date: /home/user/create_ws/install/create_description/share/create_description/environment/path.sh
[0.106s] -- Up-to-date: /home/user/create_ws/install/create_description/share/create_description/environment/path.dsv
[0.108s] -- Up-to-date: /home/user/create_ws/install/create_description/share/create_description/local_setup.bash
[0.111s] -- Up-to-date: /home/user/create_ws/install/create_description/share/create_description/local_setup.sh
[0.112s] -- Up-to-date: /home/user/create_ws/install/create_description/share/create_description/local_setup.zsh
[0.112s] -- Up-to-date: /home/user/create_ws/install/create_description/share/create_description/local_setup.dsv
[0.112s] -- Installing: /home/user/create_ws/install/create_description/share/create_description/package.dsv
[0.112s] -- Up-to-date: /home/user/create_ws/install/create_description/share/ament_index/resource_index/packages/create_description
[0.112s] -- Up-to-date: /home/user/create_ws/install/create_description/share/create_description/cmake/create_descriptionConfig.cmake
[0.114s] -- Up-to-date: /home/user/create_ws/install/create_description/share/create_description/cmake/create_descriptionConfig-version.cmake
[0.114s] -- Up-to-date: /home/user/create_ws/install/create_description/share/create_description/package.xml
[0.115s] Invoked command in '/home/user/create_ws/build/create_description' returned '0': CMAKE_PREFIX_PATH=${CMAKE_PREFIX_PATH}:/home/user/launch_ws/install/py_launch_example:/home/user/create3_examples_ws/install/create3_teleop:/home/user/create3_examples_ws/install/create3_examples_py:/home/user/sweepbot_ws/install/sweepbot:/opt/ros/humble /usr/bin/cmake --install /home/user/create_ws/build/create_description
