[0.027s] Invoking command in '/home/user/create_ws/build/create_msgs': CMAKE_PREFIX_PATH=${CMAKE_PREFIX_PATH}:/home/user/launch_ws/install/py_launch_example:/home/user/create3_examples_ws/install/create3_teleop:/home/user/create3_examples_ws/install/create3_examples_py:/home/user/sweepbot_ws/install/sweepbot:/home/user/sweepbot_ws/install/custom_explorer:/opt/ros/humble /usr/bin/cmake --build /home/user/create_ws/build/create_msgs -- -j8 -l8
[0.113s] [  1%] Built target create_msgs__cpp
[0.127s] [ 12%] Built target create_msgs__rosidl_generator_c
[0.137s] [ 12%] Built target ament_cmake_python_copy_create_msgs
[0.160s] [ 15%] [32mBuilding CXX object CMakeFiles/create_msgs__rosidl_typesupport_cpp.dir/rosidl_typesupport_cpp/create_msgs/msg/charging_state__type_support.cpp.o[0m
[0.160s] [ 15%] [32mBuilding CXX object CMakeFiles/create_msgs__rosidl_typesupport_cpp.dir/rosidl_typesupport_cpp/create_msgs/msg/bumper__type_support.cpp.o[0m
[0.160s] [ 16%] [32mBuilding CXX object CMakeFiles/create_msgs__rosidl_typesupport_introspection_cpp.dir/rosidl_typesupport_introspection_cpp/create_msgs/msg/detail/bumper__type_support.cpp.o[0m
[0.166s] [ 17%] [32mBuilding CXX object CMakeFiles/create_msgs__rosidl_typesupport_fastrtps_cpp.dir/rosidl_typesupport_fastrtps_cpp/create_msgs/msg/detail/dds_fastrtps/bumper__type_support.cpp.o[0m
[0.174s] [ 29%] Built target create_msgs__rosidl_typesupport_c
[0.175s] [ 40%] Built target create_msgs__rosidl_typesupport_introspection_c
[0.177s] [ 41%] [32mBuilding CXX object CMakeFiles/create_msgs__rosidl_typesupport_fastrtps_c.dir/rosidl_typesupport_fastrtps_c/create_msgs/msg/detail/bumper__type_support_c.cpp.o[0m
[0.187s] [ 43%] [32mBuilding CXX object CMakeFiles/create_msgs__rosidl_typesupport_fastrtps_c.dir/rosidl_typesupport_fastrtps_c/create_msgs/msg/detail/charging_state__type_support_c.cpp.o[0m
[0.187s] [ 44%] [32mBuilding CXX object CMakeFiles/create_msgs__rosidl_typesupport_fastrtps_c.dir/rosidl_typesupport_fastrtps_c/create_msgs/msg/detail/define_song__type_support_c.cpp.o[0m
[0.756s] running egg_info
[0.757s] writing create_msgs.egg-info/PKG-INFO
[0.757s] writing dependency_links to create_msgs.egg-info/dependency_links.txt
[0.757s] writing top-level names to create_msgs.egg-info/top_level.txt
[0.762s] reading manifest file 'create_msgs.egg-info/SOURCES.txt'
[0.770s] writing manifest file 'create_msgs.egg-info/SOURCES.txt'
[0.847s] [ 44%] Built target ament_cmake_python_build_create_msgs_egg
[0.876s] [ 45%] [32mBuilding CXX object CMakeFiles/create_msgs__rosidl_typesupport_fastrtps_c.dir/rosidl_typesupport_fastrtps_c/create_msgs/msg/detail/mode__type_support_c.cpp.o[0m
[1.081s] [ 46%] [32mBuilding CXX object CMakeFiles/create_msgs__rosidl_typesupport_cpp.dir/rosidl_typesupport_cpp/create_msgs/msg/define_song__type_support.cpp.o[0m
[1.109s] [ 48%] [32mBuilding CXX object CMakeFiles/create_msgs__rosidl_typesupport_cpp.dir/rosidl_typesupport_cpp/create_msgs/msg/mode__type_support.cpp.o[0m
[1.109s] [ 49%] [32mBuilding CXX object CMakeFiles/create_msgs__rosidl_typesupport_fastrtps_cpp.dir/rosidl_typesupport_fastrtps_cpp/create_msgs/msg/detail/dds_fastrtps/charging_state__type_support.cpp.o[0m
[1.134s] [ 50%] [32mBuilding CXX object CMakeFiles/create_msgs__rosidl_typesupport_fastrtps_c.dir/rosidl_typesupport_fastrtps_c/create_msgs/msg/detail/play_song__type_support_c.cpp.o[0m
[1.152s] [ 51%] [32mBuilding CXX object CMakeFiles/create_msgs__rosidl_typesupport_introspection_cpp.dir/rosidl_typesupport_introspection_cpp/create_msgs/msg/detail/charging_state__type_support.cpp.o[0m
[1.304s] [ 53%] [32mBuilding CXX object CMakeFiles/create_msgs__rosidl_typesupport_fastrtps_c.dir/rosidl_typesupport_fastrtps_c/create_msgs/msg/detail/motor_setpoint__type_support_c.cpp.o[0m
[1.405s] [ 54%] [32mBuilding CXX object CMakeFiles/create_msgs__rosidl_typesupport_fastrtps_c.dir/rosidl_typesupport_fastrtps_c/create_msgs/msg/detail/cliff__type_support_c.cpp.o[0m
[1.768s] [ 55%] [32mBuilding CXX object CMakeFiles/create_msgs__rosidl_typesupport_fastrtps_cpp.dir/rosidl_typesupport_fastrtps_cpp/create_msgs/msg/detail/dds_fastrtps/define_song__type_support.cpp.o[0m
[1.773s] [ 56%] [32mBuilding CXX object CMakeFiles/create_msgs__rosidl_typesupport_fastrtps_cpp.dir/rosidl_typesupport_fastrtps_cpp/create_msgs/msg/detail/dds_fastrtps/mode__type_support.cpp.o[0m
[1.883s] [ 58%] [32mBuilding CXX object CMakeFiles/create_msgs__rosidl_typesupport_cpp.dir/rosidl_typesupport_cpp/create_msgs/msg/play_song__type_support.cpp.o[0m
[2.003s] [ 59%] [32mBuilding CXX object CMakeFiles/create_msgs__rosidl_typesupport_introspection_cpp.dir/rosidl_typesupport_introspection_cpp/create_msgs/msg/detail/define_song__type_support.cpp.o[0m
[2.005s] [ 60%] [32mBuilding CXX object CMakeFiles/create_msgs__rosidl_typesupport_fastrtps_cpp.dir/rosidl_typesupport_fastrtps_cpp/create_msgs/msg/detail/dds_fastrtps/play_song__type_support.cpp.o[0m
[2.054s] [ 62%] [32mBuilding CXX object CMakeFiles/create_msgs__rosidl_typesupport_introspection_cpp.dir/rosidl_typesupport_introspection_cpp/create_msgs/msg/detail/mode__type_support.cpp.o[0m
[2.162s] [ 63%] [32mBuilding CXX object CMakeFiles/create_msgs__rosidl_typesupport_fastrtps_cpp.dir/rosidl_typesupport_fastrtps_cpp/create_msgs/msg/detail/dds_fastrtps/motor_setpoint__type_support.cpp.o[0m
[2.281s] [ 64%] [32m[1mLinking CXX shared library libcreate_msgs__rosidl_typesupport_fastrtps_c.so[0m
[2.539s] [ 65%] [32mBuilding CXX object CMakeFiles/create_msgs__rosidl_typesupport_cpp.dir/rosidl_typesupport_cpp/create_msgs/msg/motor_setpoint__type_support.cpp.o[0m
[2.607s] [ 67%] Built target create_msgs__rosidl_typesupport_fastrtps_c
[2.633s] [ 68%] [32mBuilding CXX object CMakeFiles/create_msgs__rosidl_typesupport_introspection_cpp.dir/rosidl_typesupport_introspection_cpp/create_msgs/msg/detail/play_song__type_support.cpp.o[0m
[2.982s] [ 69%] [32mBuilding CXX object CMakeFiles/create_msgs__rosidl_typesupport_fastrtps_cpp.dir/rosidl_typesupport_fastrtps_cpp/create_msgs/msg/detail/dds_fastrtps/cliff__type_support.cpp.o[0m
[3.050s] [ 70%] [32mBuilding CXX object CMakeFiles/create_msgs__rosidl_typesupport_cpp.dir/rosidl_typesupport_cpp/create_msgs/msg/cliff__type_support.cpp.o[0m
[3.163s] [ 72%] [32mBuilding CXX object CMakeFiles/create_msgs__rosidl_typesupport_introspection_cpp.dir/rosidl_typesupport_introspection_cpp/create_msgs/msg/detail/motor_setpoint__type_support.cpp.o[0m
[3.203s] [ 73%] [32mBuilding CXX object CMakeFiles/create_msgs__rosidl_typesupport_introspection_cpp.dir/rosidl_typesupport_introspection_cpp/create_msgs/msg/detail/cliff__type_support.cpp.o[0m
[3.622s] [ 74%] [32m[1mLinking CXX shared library libcreate_msgs__rosidl_typesupport_cpp.so[0m
[3.702s] [ 75%] Built target create_msgs__rosidl_typesupport_cpp
[3.772s] [ 77%] [32m[1mLinking CXX shared library libcreate_msgs__rosidl_typesupport_fastrtps_cpp.so[0m
[3.870s] [ 78%] [32m[1mLinking CXX shared library libcreate_msgs__rosidl_typesupport_introspection_cpp.so[0m
[3.897s] [ 79%] Built target create_msgs__rosidl_typesupport_fastrtps_cpp
[3.969s] [ 81%] Built target create_msgs__rosidl_typesupport_introspection_cpp
[3.994s] [ 81%] Built target create_msgs
[4.020s] [ 82%] Built target create_msgs__py
[4.062s] [ 83%] [32mBuilding C object CMakeFiles/create_msgs__rosidl_generator_py.dir/rosidl_generator_py/create_msgs/msg/_charging_state_s.c.o[0m
[4.063s] [ 84%] [32mBuilding C object CMakeFiles/create_msgs__rosidl_generator_py.dir/rosidl_generator_py/create_msgs/msg/_mode_s.c.o[0m
[4.063s] [ 87%] [32mBuilding C object CMakeFiles/create_msgs__rosidl_generator_py.dir/rosidl_generator_py/create_msgs/msg/_define_song_s.c.o[0m
[4.064s] [ 86%] [32mBuilding C object CMakeFiles/create_msgs__rosidl_generator_py.dir/rosidl_generator_py/create_msgs/msg/_bumper_s.c.o[0m
[4.070s] [ 88%] [32mBuilding C object CMakeFiles/create_msgs__rosidl_generator_py.dir/rosidl_generator_py/create_msgs/msg/_play_song_s.c.o[0m
[4.071s] [ 89%] [32mBuilding C object CMakeFiles/create_msgs__rosidl_generator_py.dir/rosidl_generator_py/create_msgs/msg/_cliff_s.c.o[0m
[4.074s] [ 91%] [32mBuilding C object CMakeFiles/create_msgs__rosidl_generator_py.dir/rosidl_generator_py/create_msgs/msg/_motor_setpoint_s.c.o[0m
[4.387s] [ 92%] [32m[1mLinking C shared library rosidl_generator_py/create_msgs/libcreate_msgs__rosidl_generator_py.so[0m
[4.441s] [ 92%] Built target create_msgs__rosidl_generator_py
[4.475s] [ 93%] [32mBuilding C object CMakeFiles/create_msgs__rosidl_typesupport_c__pyext.dir/rosidl_generator_py/create_msgs/_create_msgs_s.ep.rosidl_typesupport_c.c.o[0m
[4.478s] [ 94%] [32mBuilding C object CMakeFiles/create_msgs__rosidl_typesupport_introspection_c__pyext.dir/rosidl_generator_py/create_msgs/_create_msgs_s.ep.rosidl_typesupport_introspection_c.c.o[0m
[4.478s] [ 96%] [32mBuilding C object CMakeFiles/create_msgs__rosidl_typesupport_fastrtps_c__pyext.dir/rosidl_generator_py/create_msgs/_create_msgs_s.ep.rosidl_typesupport_fastrtps_c.c.o[0m
[4.612s] [ 97%] [32m[1mLinking C shared library rosidl_generator_py/create_msgs/create_msgs_s__rosidl_typesupport_c.cpython-310-x86_64-linux-gnu.so[0m
[4.661s] [ 97%] Built target create_msgs__rosidl_typesupport_c__pyext
[4.686s] [ 98%] [32m[1mLinking C shared library rosidl_generator_py/create_msgs/create_msgs_s__rosidl_typesupport_introspection_c.cpython-310-x86_64-linux-gnu.so[0m
[4.689s] [100%] [32m[1mLinking C shared library rosidl_generator_py/create_msgs/create_msgs_s__rosidl_typesupport_fastrtps_c.cpython-310-x86_64-linux-gnu.so[0m
[4.738s] [100%] Built target create_msgs__rosidl_typesupport_introspection_c__pyext
[4.749s] [100%] Built target create_msgs__rosidl_typesupport_fastrtps_c__pyext
[4.765s] Invoked command in '/home/user/create_ws/build/create_msgs' returned '0': CMAKE_PREFIX_PATH=${CMAKE_PREFIX_PATH}:/home/user/launch_ws/install/py_launch_example:/home/user/create3_examples_ws/install/create3_teleop:/home/user/create3_examples_ws/install/create3_examples_py:/home/user/sweepbot_ws/install/sweepbot:/home/user/sweepbot_ws/install/custom_explorer:/opt/ros/humble /usr/bin/cmake --build /home/user/create_ws/build/create_msgs -- -j8 -l8
[4.768s] Invoking command in '/home/user/create_ws/build/create_msgs': CMAKE_PREFIX_PATH=${CMAKE_PREFIX_PATH}:/home/user/launch_ws/install/py_launch_example:/home/user/create3_examples_ws/install/create3_teleop:/home/user/create3_examples_ws/install/create3_examples_py:/home/user/sweepbot_ws/install/sweepbot:/home/user/sweepbot_ws/install/custom_explorer:/opt/ros/humble /usr/bin/cmake --install /home/user/create_ws/build/create_msgs
[4.777s] -- Install configuration: ""
[4.778s] -- Up-to-date: /home/user/create_ws/install/create_msgs/share/ament_index/resource_index/rosidl_interfaces/create_msgs
[4.778s] -- Up-to-date: /home/user/create_ws/install/create_msgs/include/create_msgs/create_msgs
[4.778s] -- Up-to-date: /home/user/create_ws/install/create_msgs/include/create_msgs/create_msgs/msg
[4.778s] -- Up-to-date: /home/user/create_ws/install/create_msgs/include/create_msgs/create_msgs/msg/define_song.h
[4.778s] -- Up-to-date: /home/user/create_ws/install/create_msgs/include/create_msgs/create_msgs/msg/charging_state.h
[4.779s] -- Up-to-date: /home/user/create_ws/install/create_msgs/include/create_msgs/create_msgs/msg/cliff.h
[4.779s] -- Up-to-date: /home/user/create_ws/install/create_msgs/include/create_msgs/create_msgs/msg/motor_setpoint.h
[4.779s] -- Up-to-date: /home/user/create_ws/install/create_msgs/include/create_msgs/create_msgs/msg/rosidl_generator_c__visibility_control.h
[4.779s] -- Up-to-date: /home/user/create_ws/install/create_msgs/include/create_msgs/create_msgs/msg/detail
[4.779s] -- Up-to-date: /home/user/create_ws/install/create_msgs/include/create_msgs/create_msgs/msg/detail/mode__type_support.h
[4.779s] -- Up-to-date: /home/user/create_ws/install/create_msgs/include/create_msgs/create_msgs/msg/detail/bumper__struct.h
[4.780s] -- Up-to-date: /home/user/create_ws/install/create_msgs/include/create_msgs/create_msgs/msg/detail/mode__functions.h
[4.780s] -- Up-to-date: /home/user/create_ws/install/create_msgs/include/create_msgs/create_msgs/msg/detail/charging_state__functions.c
[4.780s] -- Up-to-date: /home/user/create_ws/install/create_msgs/include/create_msgs/create_msgs/msg/detail/cliff__type_support.h
[4.780s] -- Up-to-date: /home/user/create_ws/install/create_msgs/include/create_msgs/create_msgs/msg/detail/charging_state__type_support.h
[4.780s] -- Up-to-date: /home/user/create_ws/install/create_msgs/include/create_msgs/create_msgs/msg/detail/mode__struct.h
[4.780s] -- Up-to-date: /home/user/create_ws/install/create_msgs/include/create_msgs/create_msgs/msg/detail/play_song__type_support.h
[4.780s] -- Up-to-date: /home/user/create_ws/install/create_msgs/include/create_msgs/create_msgs/msg/detail/play_song__functions.c
[4.781s] -- Up-to-date: /home/user/create_ws/install/create_msgs/include/create_msgs/create_msgs/msg/detail/play_song__functions.h
[4.781s] -- Up-to-date: /home/user/create_ws/install/create_msgs/include/create_msgs/create_msgs/msg/detail/motor_setpoint__functions.c
[4.781s] -- Up-to-date: /home/user/create_ws/install/create_msgs/include/create_msgs/create_msgs/msg/detail/define_song__functions.c
[4.781s] -- Up-to-date: /home/user/create_ws/install/create_msgs/include/create_msgs/create_msgs/msg/detail/motor_setpoint__struct.h
[4.781s] -- Up-to-date: /home/user/create_ws/install/create_msgs/include/create_msgs/create_msgs/msg/detail/define_song__type_support.h
[4.781s] -- Up-to-date: /home/user/create_ws/install/create_msgs/include/create_msgs/create_msgs/msg/detail/cliff__functions.h
[4.781s] -- Up-to-date: /home/user/create_ws/install/create_msgs/include/create_msgs/create_msgs/msg/detail/motor_setpoint__type_support.h
[4.782s] -- Up-to-date: /home/user/create_ws/install/create_msgs/include/create_msgs/create_msgs/msg/detail/play_song__struct.h
[4.782s] -- Up-to-date: /home/user/create_ws/install/create_msgs/include/create_msgs/create_msgs/msg/detail/cliff__struct.h
[4.782s] -- Up-to-date: /home/user/create_ws/install/create_msgs/include/create_msgs/create_msgs/msg/detail/charging_state__struct.h
[4.782s] -- Up-to-date: /home/user/create_ws/install/create_msgs/include/create_msgs/create_msgs/msg/detail/motor_setpoint__functions.h
[4.782s] -- Up-to-date: /home/user/create_ws/install/create_msgs/include/create_msgs/create_msgs/msg/detail/bumper__functions.h
[4.782s] -- Up-to-date: /home/user/create_ws/install/create_msgs/include/create_msgs/create_msgs/msg/detail/cliff__functions.c
[4.782s] -- Up-to-date: /home/user/create_ws/install/create_msgs/include/create_msgs/create_msgs/msg/detail/mode__functions.c
[4.783s] -- Up-to-date: /home/user/create_ws/install/create_msgs/include/create_msgs/create_msgs/msg/detail/bumper__type_support.h
[4.783s] -- Up-to-date: /home/user/create_ws/install/create_msgs/include/create_msgs/create_msgs/msg/detail/define_song__functions.h
[4.783s] -- Up-to-date: /home/user/create_ws/install/create_msgs/include/create_msgs/create_msgs/msg/detail/charging_state__functions.h
[4.783s] -- Up-to-date: /home/user/create_ws/install/create_msgs/include/create_msgs/create_msgs/msg/detail/bumper__functions.c
[4.783s] -- Up-to-date: /home/user/create_ws/install/create_msgs/include/create_msgs/create_msgs/msg/detail/define_song__struct.h
[4.783s] -- Up-to-date: /home/user/create_ws/install/create_msgs/include/create_msgs/create_msgs/msg/mode.h
[4.783s] -- Up-to-date: /home/user/create_ws/install/create_msgs/include/create_msgs/create_msgs/msg/bumper.h
[4.784s] -- Up-to-date: /home/user/create_ws/install/create_msgs/include/create_msgs/create_msgs/msg/play_song.h
[4.784s] -- Up-to-date: /home/user/create_ws/install/create_msgs/share/create_msgs/environment/library_path.sh
[4.784s] -- Up-to-date: /home/user/create_ws/install/create_msgs/share/create_msgs/environment/library_path.dsv
[4.784s] -- Up-to-date: /home/user/create_ws/install/create_msgs/lib/libcreate_msgs__rosidl_generator_c.so
[4.784s] -- Up-to-date: /home/user/create_ws/install/create_msgs/include/create_msgs/create_msgs
[4.784s] -- Up-to-date: /home/user/create_ws/install/create_msgs/include/create_msgs/create_msgs/msg
[4.784s] -- Up-to-date: /home/user/create_ws/install/create_msgs/include/create_msgs/create_msgs/msg/rosidl_typesupport_fastrtps_c__visibility_control.h
[4.784s] -- Up-to-date: /home/user/create_ws/install/create_msgs/include/create_msgs/create_msgs/msg/detail
[4.785s] -- Up-to-date: /home/user/create_ws/install/create_msgs/include/create_msgs/create_msgs/msg/detail/mode__rosidl_typesupport_fastrtps_c.h
[4.785s] -- Up-to-date: /home/user/create_ws/install/create_msgs/include/create_msgs/create_msgs/msg/detail/play_song__rosidl_typesupport_fastrtps_c.h
[4.785s] -- Up-to-date: /home/user/create_ws/install/create_msgs/include/create_msgs/create_msgs/msg/detail/cliff__rosidl_typesupport_fastrtps_c.h
[4.785s] -- Up-to-date: /home/user/create_ws/install/create_msgs/include/create_msgs/create_msgs/msg/detail/bumper__rosidl_typesupport_fastrtps_c.h
[4.785s] -- Up-to-date: /home/user/create_ws/install/create_msgs/include/create_msgs/create_msgs/msg/detail/charging_state__rosidl_typesupport_fastrtps_c.h
[4.785s] -- Up-to-date: /home/user/create_ws/install/create_msgs/include/create_msgs/create_msgs/msg/detail/define_song__rosidl_typesupport_fastrtps_c.h
[4.785s] -- Up-to-date: /home/user/create_ws/install/create_msgs/include/create_msgs/create_msgs/msg/detail/motor_setpoint__rosidl_typesupport_fastrtps_c.h
[4.786s] -- Installing: /home/user/create_ws/install/create_msgs/lib/libcreate_msgs__rosidl_typesupport_fastrtps_c.so
[4.786s] -- Set runtime path of "/home/user/create_ws/install/create_msgs/lib/libcreate_msgs__rosidl_typesupport_fastrtps_c.so" to ""
[4.786s] -- Up-to-date: /home/user/create_ws/install/create_msgs/include/create_msgs/create_msgs
[4.786s] -- Up-to-date: /home/user/create_ws/install/create_msgs/include/create_msgs/create_msgs/msg
[4.786s] -- Up-to-date: /home/user/create_ws/install/create_msgs/include/create_msgs/create_msgs/msg/detail
[4.786s] -- Up-to-date: /home/user/create_ws/install/create_msgs/include/create_msgs/create_msgs/msg/detail/mode__type_support.c
[4.787s] -- Up-to-date: /home/user/create_ws/install/create_msgs/include/create_msgs/create_msgs/msg/detail/bumper__rosidl_typesupport_introspection_c.h
[4.787s] -- Up-to-date: /home/user/create_ws/install/create_msgs/include/create_msgs/create_msgs/msg/detail/bumper__type_support.c
[4.787s] -- Up-to-date: /home/user/create_ws/install/create_msgs/include/create_msgs/create_msgs/msg/detail/play_song__rosidl_typesupport_introspection_c.h
[4.787s] -- Up-to-date: /home/user/create_ws/install/create_msgs/include/create_msgs/create_msgs/msg/detail/cliff__type_support.c
[4.787s] -- Up-to-date: /home/user/create_ws/install/create_msgs/include/create_msgs/create_msgs/msg/detail/define_song__rosidl_typesupport_introspection_c.h
[4.787s] -- Up-to-date: /home/user/create_ws/install/create_msgs/include/create_msgs/create_msgs/msg/detail/charging_state__type_support.c
[4.787s] -- Up-to-date: /home/user/create_ws/install/create_msgs/include/create_msgs/create_msgs/msg/detail/charging_state__rosidl_typesupport_introspection_c.h
[4.788s] -- Up-to-date: /home/user/create_ws/install/create_msgs/include/create_msgs/create_msgs/msg/detail/motor_setpoint__rosidl_typesupport_introspection_c.h
[4.788s] -- Up-to-date: /home/user/create_ws/install/create_msgs/include/create_msgs/create_msgs/msg/detail/motor_setpoint__type_support.c
[4.788s] -- Up-to-date: /home/user/create_ws/install/create_msgs/include/create_msgs/create_msgs/msg/detail/play_song__type_support.c
[4.788s] -- Up-to-date: /home/user/create_ws/install/create_msgs/include/create_msgs/create_msgs/msg/detail/cliff__rosidl_typesupport_introspection_c.h
[4.788s] -- Up-to-date: /home/user/create_ws/install/create_msgs/include/create_msgs/create_msgs/msg/detail/mode__rosidl_typesupport_introspection_c.h
[4.788s] -- Up-to-date: /home/user/create_ws/install/create_msgs/include/create_msgs/create_msgs/msg/detail/define_song__type_support.c
[4.788s] -- Up-to-date: /home/user/create_ws/install/create_msgs/include/create_msgs/create_msgs/msg/rosidl_typesupport_introspection_c__visibility_control.h
[4.789s] -- Up-to-date: /home/user/create_ws/install/create_msgs/lib/libcreate_msgs__rosidl_typesupport_introspection_c.so
[4.789s] -- Up-to-date: /home/user/create_ws/install/create_msgs/lib/libcreate_msgs__rosidl_typesupport_c.so
[4.789s] -- Up-to-date: /home/user/create_ws/install/create_msgs/include/create_msgs/create_msgs
[4.789s] -- Up-to-date: /home/user/create_ws/install/create_msgs/include/create_msgs/create_msgs/msg
[4.789s] -- Up-to-date: /home/user/create_ws/install/create_msgs/include/create_msgs/create_msgs/msg/define_song.hpp
[4.789s] -- Up-to-date: /home/user/create_ws/install/create_msgs/include/create_msgs/create_msgs/msg/charging_state.hpp
[4.789s] -- Up-to-date: /home/user/create_ws/install/create_msgs/include/create_msgs/create_msgs/msg/cliff.hpp
[4.789s] -- Up-to-date: /home/user/create_ws/install/create_msgs/include/create_msgs/create_msgs/msg/mode.hpp
[4.790s] -- Up-to-date: /home/user/create_ws/install/create_msgs/include/create_msgs/create_msgs/msg/play_song.hpp
[4.790s] -- Up-to-date: /home/user/create_ws/install/create_msgs/include/create_msgs/create_msgs/msg/detail
[4.790s] -- Up-to-date: /home/user/create_ws/install/create_msgs/include/create_msgs/create_msgs/msg/detail/play_song__builder.hpp
[4.790s] -- Up-to-date: /home/user/create_ws/install/create_msgs/include/create_msgs/create_msgs/msg/detail/bumper__traits.hpp
[4.790s] -- Up-to-date: /home/user/create_ws/install/create_msgs/include/create_msgs/create_msgs/msg/detail/cliff__builder.hpp
[4.790s] -- Up-to-date: /home/user/create_ws/install/create_msgs/include/create_msgs/create_msgs/msg/detail/play_song__traits.hpp
[4.790s] -- Up-to-date: /home/user/create_ws/install/create_msgs/include/create_msgs/create_msgs/msg/detail/cliff__type_support.hpp
[4.790s] -- Up-to-date: /home/user/create_ws/install/create_msgs/include/create_msgs/create_msgs/msg/detail/charging_state__type_support.hpp
[4.791s] -- Up-to-date: /home/user/create_ws/install/create_msgs/include/create_msgs/create_msgs/msg/detail/play_song__struct.hpp
[4.791s] -- Up-to-date: /home/user/create_ws/install/create_msgs/include/create_msgs/create_msgs/msg/detail/define_song__builder.hpp
[4.791s] -- Up-to-date: /home/user/create_ws/install/create_msgs/include/create_msgs/create_msgs/msg/detail/define_song__type_support.hpp
[4.791s] -- Up-to-date: /home/user/create_ws/install/create_msgs/include/create_msgs/create_msgs/msg/detail/cliff__traits.hpp
[4.791s] -- Up-to-date: /home/user/create_ws/install/create_msgs/include/create_msgs/create_msgs/msg/detail/mode__builder.hpp
[4.791s] -- Up-to-date: /home/user/create_ws/install/create_msgs/include/create_msgs/create_msgs/msg/detail/charging_state__struct.hpp
[4.791s] -- Up-to-date: /home/user/create_ws/install/create_msgs/include/create_msgs/create_msgs/msg/detail/play_song__type_support.hpp
[4.792s] -- Up-to-date: /home/user/create_ws/install/create_msgs/include/create_msgs/create_msgs/msg/detail/charging_state__builder.hpp
[4.792s] -- Up-to-date: /home/user/create_ws/install/create_msgs/include/create_msgs/create_msgs/msg/detail/charging_state__traits.hpp
[4.792s] -- Up-to-date: /home/user/create_ws/install/create_msgs/include/create_msgs/create_msgs/msg/detail/motor_setpoint__struct.hpp
[4.792s] -- Up-to-date: /home/user/create_ws/install/create_msgs/include/create_msgs/create_msgs/msg/detail/bumper__type_support.hpp
[4.792s] -- Up-to-date: /home/user/create_ws/install/create_msgs/include/create_msgs/create_msgs/msg/detail/define_song__traits.hpp
[4.792s] -- Up-to-date: /home/user/create_ws/install/create_msgs/include/create_msgs/create_msgs/msg/detail/bumper__struct.hpp
[4.792s] -- Up-to-date: /home/user/create_ws/install/create_msgs/include/create_msgs/create_msgs/msg/detail/mode__struct.hpp
[4.793s] -- Up-to-date: /home/user/create_ws/install/create_msgs/include/create_msgs/create_msgs/msg/detail/motor_setpoint__builder.hpp
[4.793s] -- Up-to-date: /home/user/create_ws/install/create_msgs/include/create_msgs/create_msgs/msg/detail/motor_setpoint__traits.hpp
[4.793s] -- Up-to-date: /home/user/create_ws/install/create_msgs/include/create_msgs/create_msgs/msg/detail/mode__type_support.hpp
[4.793s] -- Up-to-date: /home/user/create_ws/install/create_msgs/include/create_msgs/create_msgs/msg/detail/bumper__builder.hpp
[4.793s] -- Up-to-date: /home/user/create_ws/install/create_msgs/include/create_msgs/create_msgs/msg/detail/mode__traits.hpp
[4.793s] -- Up-to-date: /home/user/create_ws/install/create_msgs/include/create_msgs/create_msgs/msg/detail/define_song__struct.hpp
[4.793s] -- Up-to-date: /home/user/create_ws/install/create_msgs/include/create_msgs/create_msgs/msg/detail/motor_setpoint__type_support.hpp
[4.793s] -- Up-to-date: /home/user/create_ws/install/create_msgs/include/create_msgs/create_msgs/msg/detail/cliff__struct.hpp
[4.793s] -- Up-to-date: /home/user/create_ws/install/create_msgs/include/create_msgs/create_msgs/msg/bumper.hpp
[4.794s] -- Up-to-date: /home/user/create_ws/install/create_msgs/include/create_msgs/create_msgs/msg/motor_setpoint.hpp
[4.794s] -- Up-to-date: /home/user/create_ws/install/create_msgs/include/create_msgs/create_msgs/msg/rosidl_generator_cpp__visibility_control.hpp
[4.794s] -- Up-to-date: /home/user/create_ws/install/create_msgs/include/create_msgs/create_msgs
[4.794s] -- Up-to-date: /home/user/create_ws/install/create_msgs/include/create_msgs/create_msgs/msg
[4.794s] -- Up-to-date: /home/user/create_ws/install/create_msgs/include/create_msgs/create_msgs/msg/rosidl_typesupport_fastrtps_cpp__visibility_control.h
[4.794s] -- Up-to-date: /home/user/create_ws/install/create_msgs/include/create_msgs/create_msgs/msg/detail
[4.794s] -- Up-to-date: /home/user/create_ws/install/create_msgs/include/create_msgs/create_msgs/msg/detail/motor_setpoint__rosidl_typesupport_fastrtps_cpp.hpp
[4.794s] -- Up-to-date: /home/user/create_ws/install/create_msgs/include/create_msgs/create_msgs/msg/detail/cliff__rosidl_typesupport_fastrtps_cpp.hpp
[4.794s] -- Up-to-date: /home/user/create_ws/install/create_msgs/include/create_msgs/create_msgs/msg/detail/mode__rosidl_typesupport_fastrtps_cpp.hpp
[4.795s] -- Up-to-date: /home/user/create_ws/install/create_msgs/include/create_msgs/create_msgs/msg/detail/play_song__rosidl_typesupport_fastrtps_cpp.hpp
[4.795s] -- Up-to-date: /home/user/create_ws/install/create_msgs/include/create_msgs/create_msgs/msg/detail/charging_state__rosidl_typesupport_fastrtps_cpp.hpp
[4.795s] -- Up-to-date: /home/user/create_ws/install/create_msgs/include/create_msgs/create_msgs/msg/detail/define_song__rosidl_typesupport_fastrtps_cpp.hpp
[4.795s] -- Up-to-date: /home/user/create_ws/install/create_msgs/include/create_msgs/create_msgs/msg/detail/bumper__rosidl_typesupport_fastrtps_cpp.hpp
[4.795s] -- Up-to-date: /home/user/create_ws/install/create_msgs/include/create_msgs/create_msgs/msg/detail/dds_fastrtps
[4.795s] -- Installing: /home/user/create_ws/install/create_msgs/lib/libcreate_msgs__rosidl_typesupport_fastrtps_cpp.so
[4.795s] -- Set runtime path of "/home/user/create_ws/install/create_msgs/lib/libcreate_msgs__rosidl_typesupport_fastrtps_cpp.so" to ""
[4.795s] -- Up-to-date: /home/user/create_ws/install/create_msgs/include/create_msgs/create_msgs
[4.795s] -- Up-to-date: /home/user/create_ws/install/create_msgs/include/create_msgs/create_msgs/msg
[4.796s] -- Up-to-date: /home/user/create_ws/install/create_msgs/include/create_msgs/create_msgs/msg/detail
[4.796s] -- Up-to-date: /home/user/create_ws/install/create_msgs/include/create_msgs/create_msgs/msg/detail/motor_setpoint__type_support.cpp
[4.796s] -- Up-to-date: /home/user/create_ws/install/create_msgs/include/create_msgs/create_msgs/msg/detail/cliff__rosidl_typesupport_introspection_cpp.hpp
[4.796s] -- Up-to-date: /home/user/create_ws/install/create_msgs/include/create_msgs/create_msgs/msg/detail/bumper__type_support.cpp
[4.796s] -- Up-to-date: /home/user/create_ws/install/create_msgs/include/create_msgs/create_msgs/msg/detail/mode__type_support.cpp
[4.796s] -- Up-to-date: /home/user/create_ws/install/create_msgs/include/create_msgs/create_msgs/msg/detail/cliff__type_support.cpp
[4.796s] -- Up-to-date: /home/user/create_ws/install/create_msgs/include/create_msgs/create_msgs/msg/detail/charging_state__type_support.cpp
[4.796s] -- Up-to-date: /home/user/create_ws/install/create_msgs/include/create_msgs/create_msgs/msg/detail/charging_state__rosidl_typesupport_introspection_cpp.hpp
[4.796s] -- Up-to-date: /home/user/create_ws/install/create_msgs/include/create_msgs/create_msgs/msg/detail/define_song__type_support.cpp
[4.797s] -- Up-to-date: /home/user/create_ws/install/create_msgs/include/create_msgs/create_msgs/msg/detail/bumper__rosidl_typesupport_introspection_cpp.hpp
[4.797s] -- Up-to-date: /home/user/create_ws/install/create_msgs/include/create_msgs/create_msgs/msg/detail/play_song__type_support.cpp
[4.797s] -- Up-to-date: /home/user/create_ws/install/create_msgs/include/create_msgs/create_msgs/msg/detail/play_song__rosidl_typesupport_introspection_cpp.hpp
[4.797s] -- Up-to-date: /home/user/create_ws/install/create_msgs/include/create_msgs/create_msgs/msg/detail/define_song__rosidl_typesupport_introspection_cpp.hpp
[4.797s] -- Up-to-date: /home/user/create_ws/install/create_msgs/include/create_msgs/create_msgs/msg/detail/motor_setpoint__rosidl_typesupport_introspection_cpp.hpp
[4.797s] -- Up-to-date: /home/user/create_ws/install/create_msgs/include/create_msgs/create_msgs/msg/detail/mode__rosidl_typesupport_introspection_cpp.hpp
[4.797s] -- Installing: /home/user/create_ws/install/create_msgs/lib/libcreate_msgs__rosidl_typesupport_introspection_cpp.so
[4.797s] -- Set runtime path of "/home/user/create_ws/install/create_msgs/lib/libcreate_msgs__rosidl_typesupport_introspection_cpp.so" to ""
[4.797s] -- Installing: /home/user/create_ws/install/create_msgs/lib/libcreate_msgs__rosidl_typesupport_cpp.so
[4.797s] -- Set runtime path of "/home/user/create_ws/install/create_msgs/lib/libcreate_msgs__rosidl_typesupport_cpp.so" to ""
[4.798s] -- Up-to-date: /home/user/create_ws/install/create_msgs/share/create_msgs/environment/pythonpath.sh
[4.798s] -- Up-to-date: /home/user/create_ws/install/create_msgs/share/create_msgs/environment/pythonpath.dsv
[4.798s] -- Up-to-date: /home/user/create_ws/install/create_msgs/local/lib/python3.10/dist-packages/create_msgs-3.1.0-py3.10.egg-info
[4.798s] -- Installing: /home/user/create_ws/install/create_msgs/local/lib/python3.10/dist-packages/create_msgs-3.1.0-py3.10.egg-info/top_level.txt
[4.798s] -- Installing: /home/user/create_ws/install/create_msgs/local/lib/python3.10/dist-packages/create_msgs-3.1.0-py3.10.egg-info/SOURCES.txt
[4.798s] -- Installing: /home/user/create_ws/install/create_msgs/local/lib/python3.10/dist-packages/create_msgs-3.1.0-py3.10.egg-info/dependency_links.txt
[4.798s] -- Installing: /home/user/create_ws/install/create_msgs/local/lib/python3.10/dist-packages/create_msgs-3.1.0-py3.10.egg-info/PKG-INFO
[4.798s] -- Up-to-date: /home/user/create_ws/install/create_msgs/local/lib/python3.10/dist-packages/create_msgs
[4.798s] -- Up-to-date: /home/user/create_ws/install/create_msgs/local/lib/python3.10/dist-packages/create_msgs/msg
[4.799s] -- Up-to-date: /home/user/create_ws/install/create_msgs/local/lib/python3.10/dist-packages/create_msgs/msg/_cliff.py
[4.799s] -- Up-to-date: /home/user/create_ws/install/create_msgs/local/lib/python3.10/dist-packages/create_msgs/msg/_bumper_s.c
[4.799s] -- Up-to-date: /home/user/create_ws/install/create_msgs/local/lib/python3.10/dist-packages/create_msgs/msg/_charging_state.py
[4.799s] -- Up-to-date: /home/user/create_ws/install/create_msgs/local/lib/python3.10/dist-packages/create_msgs/msg/_play_song.py
[4.799s] -- Up-to-date: /home/user/create_ws/install/create_msgs/local/lib/python3.10/dist-packages/create_msgs/msg/_define_song_s.c
[4.799s] -- Up-to-date: /home/user/create_ws/install/create_msgs/local/lib/python3.10/dist-packages/create_msgs/msg/_bumper.py
[4.799s] -- Up-to-date: /home/user/create_ws/install/create_msgs/local/lib/python3.10/dist-packages/create_msgs/msg/_play_song_s.c
[4.799s] -- Up-to-date: /home/user/create_ws/install/create_msgs/local/lib/python3.10/dist-packages/create_msgs/msg/_mode_s.c
[4.799s] -- Up-to-date: /home/user/create_ws/install/create_msgs/local/lib/python3.10/dist-packages/create_msgs/msg/_cliff_s.c
[4.800s] -- Up-to-date: /home/user/create_ws/install/create_msgs/local/lib/python3.10/dist-packages/create_msgs/msg/_motor_setpoint.py
[4.800s] -- Up-to-date: /home/user/create_ws/install/create_msgs/local/lib/python3.10/dist-packages/create_msgs/msg/__init__.py
[4.800s] -- Up-to-date: /home/user/create_ws/install/create_msgs/local/lib/python3.10/dist-packages/create_msgs/msg/_define_song.py
[4.800s] -- Up-to-date: /home/user/create_ws/install/create_msgs/local/lib/python3.10/dist-packages/create_msgs/msg/_charging_state_s.c
[4.800s] -- Up-to-date: /home/user/create_ws/install/create_msgs/local/lib/python3.10/dist-packages/create_msgs/msg/_mode.py
[4.800s] -- Up-to-date: /home/user/create_ws/install/create_msgs/local/lib/python3.10/dist-packages/create_msgs/msg/_motor_setpoint_s.c
[4.800s] -- Up-to-date: /home/user/create_ws/install/create_msgs/local/lib/python3.10/dist-packages/create_msgs/_create_msgs_s.ep.rosidl_typesupport_c.c
[4.800s] -- Installing: /home/user/create_ws/install/create_msgs/local/lib/python3.10/dist-packages/create_msgs/create_msgs_s__rosidl_typesupport_introspection_c.cpython-310-x86_64-linux-gnu.so
[4.800s] -- Installing: /home/user/create_ws/install/create_msgs/local/lib/python3.10/dist-packages/create_msgs/create_msgs_s__rosidl_typesupport_c.cpython-310-x86_64-linux-gnu.so
[4.801s] -- Installing: /home/user/create_ws/install/create_msgs/local/lib/python3.10/dist-packages/create_msgs/libcreate_msgs__rosidl_generator_py.so
[4.801s] -- Up-to-date: /home/user/create_ws/install/create_msgs/local/lib/python3.10/dist-packages/create_msgs/_create_msgs_s.ep.rosidl_typesupport_fastrtps_c.c
[4.801s] -- Installing: /home/user/create_ws/install/create_msgs/local/lib/python3.10/dist-packages/create_msgs/create_msgs_s__rosidl_typesupport_fastrtps_c.cpython-310-x86_64-linux-gnu.so
[4.801s] -- Up-to-date: /home/user/create_ws/install/create_msgs/local/lib/python3.10/dist-packages/create_msgs/__init__.py
[4.801s] -- Up-to-date: /home/user/create_ws/install/create_msgs/local/lib/python3.10/dist-packages/create_msgs/_create_msgs_s.ep.rosidl_typesupport_introspection_c.c
[4.835s] Listing '/home/user/create_ws/install/create_msgs/local/lib/python3.10/dist-packages/create_msgs'...
[4.835s] Listing '/home/user/create_ws/install/create_msgs/local/lib/python3.10/dist-packages/create_msgs/msg'...
[4.841s] -- Installing: /home/user/create_ws/install/create_msgs/local/lib/python3.10/dist-packages/create_msgs/create_msgs_s__rosidl_typesupport_fastrtps_c.cpython-310-x86_64-linux-gnu.so
[4.842s] -- Set runtime path of "/home/user/create_ws/install/create_msgs/local/lib/python3.10/dist-packages/create_msgs/create_msgs_s__rosidl_typesupport_fastrtps_c.cpython-310-x86_64-linux-gnu.so" to ""
[4.842s] -- Installing: /home/user/create_ws/install/create_msgs/local/lib/python3.10/dist-packages/create_msgs/create_msgs_s__rosidl_typesupport_introspection_c.cpython-310-x86_64-linux-gnu.so
[4.843s] -- Set runtime path of "/home/user/create_ws/install/create_msgs/local/lib/python3.10/dist-packages/create_msgs/create_msgs_s__rosidl_typesupport_introspection_c.cpython-310-x86_64-linux-gnu.so" to ""
[4.843s] -- Installing: /home/user/create_ws/install/create_msgs/local/lib/python3.10/dist-packages/create_msgs/create_msgs_s__rosidl_typesupport_c.cpython-310-x86_64-linux-gnu.so
[4.844s] -- Set runtime path of "/home/user/create_ws/install/create_msgs/local/lib/python3.10/dist-packages/create_msgs/create_msgs_s__rosidl_typesupport_c.cpython-310-x86_64-linux-gnu.so" to ""
[4.844s] -- Installing: /home/user/create_ws/install/create_msgs/lib/libcreate_msgs__rosidl_generator_py.so
[4.845s] -- Set runtime path of "/home/user/create_ws/install/create_msgs/lib/libcreate_msgs__rosidl_generator_py.so" to ""
[4.845s] -- Up-to-date: /home/user/create_ws/install/create_msgs/share/create_msgs/msg/Bumper.idl
[4.846s] -- Up-to-date: /home/user/create_ws/install/create_msgs/share/create_msgs/msg/ChargingState.idl
[4.846s] -- Up-to-date: /home/user/create_ws/install/create_msgs/share/create_msgs/msg/DefineSong.idl
[4.846s] -- Up-to-date: /home/user/create_ws/install/create_msgs/share/create_msgs/msg/Mode.idl
[4.846s] -- Up-to-date: /home/user/create_ws/install/create_msgs/share/create_msgs/msg/PlaySong.idl
[4.846s] -- Up-to-date: /home/user/create_ws/install/create_msgs/share/create_msgs/msg/MotorSetpoint.idl
[4.847s] -- Up-to-date: /home/user/create_ws/install/create_msgs/share/create_msgs/msg/Cliff.idl
[4.847s] -- Up-to-date: /home/user/create_ws/install/create_msgs/share/create_msgs/msg/Bumper.msg
[4.847s] -- Up-to-date: /home/user/create_ws/install/create_msgs/share/create_msgs/msg/ChargingState.msg
[4.847s] -- Up-to-date: /home/user/create_ws/install/create_msgs/share/create_msgs/msg/DefineSong.msg
[4.847s] -- Up-to-date: /home/user/create_ws/install/create_msgs/share/create_msgs/msg/Mode.msg
[4.847s] -- Up-to-date: /home/user/create_ws/install/create_msgs/share/create_msgs/msg/PlaySong.msg
[4.847s] -- Up-to-date: /home/user/create_ws/install/create_msgs/share/create_msgs/msg/MotorSetpoint.msg
[4.847s] -- Up-to-date: /home/user/create_ws/install/create_msgs/share/create_msgs/msg/Cliff.msg
[4.848s] -- Up-to-date: /home/user/create_ws/install/create_msgs/share/ament_index/resource_index/package_run_dependencies/create_msgs
[4.848s] -- Up-to-date: /home/user/create_ws/install/create_msgs/share/ament_index/resource_index/parent_prefix_path/create_msgs
[4.848s] -- Up-to-date: /home/user/create_ws/install/create_msgs/share/create_msgs/environment/ament_prefix_path.sh
[4.848s] -- Up-to-date: /home/user/create_ws/install/create_msgs/share/create_msgs/environment/ament_prefix_path.dsv
[4.848s] -- Up-to-date: /home/user/create_ws/install/create_msgs/share/create_msgs/environment/path.sh
[4.848s] -- Up-to-date: /home/user/create_ws/install/create_msgs/share/create_msgs/environment/path.dsv
[4.848s] -- Up-to-date: /home/user/create_ws/install/create_msgs/share/create_msgs/local_setup.bash
[4.848s] -- Up-to-date: /home/user/create_ws/install/create_msgs/share/create_msgs/local_setup.sh
[4.848s] -- Up-to-date: /home/user/create_ws/install/create_msgs/share/create_msgs/local_setup.zsh
[4.849s] -- Up-to-date: /home/user/create_ws/install/create_msgs/share/create_msgs/local_setup.dsv
[4.849s] -- Installing: /home/user/create_ws/install/create_msgs/share/create_msgs/package.dsv
[4.849s] -- Up-to-date: /home/user/create_ws/install/create_msgs/share/ament_index/resource_index/packages/create_msgs
[4.849s] -- Up-to-date: /home/user/create_ws/install/create_msgs/share/create_msgs/cmake/export_create_msgs__rosidl_generator_cExport.cmake
[4.849s] -- Up-to-date: /home/user/create_ws/install/create_msgs/share/create_msgs/cmake/export_create_msgs__rosidl_generator_cExport-noconfig.cmake
[4.850s] -- Up-to-date: /home/user/create_ws/install/create_msgs/share/create_msgs/cmake/export_create_msgs__rosidl_typesupport_fastrtps_cExport.cmake
[4.850s] -- Up-to-date: /home/user/create_ws/install/create_msgs/share/create_msgs/cmake/export_create_msgs__rosidl_typesupport_fastrtps_cExport-noconfig.cmake
[4.851s] -- Up-to-date: /home/user/create_ws/install/create_msgs/share/create_msgs/cmake/create_msgs__rosidl_typesupport_introspection_cExport.cmake
[4.851s] -- Up-to-date: /home/user/create_ws/install/create_msgs/share/create_msgs/cmake/create_msgs__rosidl_typesupport_introspection_cExport-noconfig.cmake
[4.851s] -- Up-to-date: /home/user/create_ws/install/create_msgs/share/create_msgs/cmake/create_msgs__rosidl_typesupport_cExport.cmake
[4.851s] -- Up-to-date: /home/user/create_ws/install/create_msgs/share/create_msgs/cmake/create_msgs__rosidl_typesupport_cExport-noconfig.cmake
[4.852s] -- Up-to-date: /home/user/create_ws/install/create_msgs/share/create_msgs/cmake/export_create_msgs__rosidl_generator_cppExport.cmake
[4.852s] -- Up-to-date: /home/user/create_ws/install/create_msgs/share/create_msgs/cmake/export_create_msgs__rosidl_typesupport_fastrtps_cppExport.cmake
[4.852s] -- Up-to-date: /home/user/create_ws/install/create_msgs/share/create_msgs/cmake/export_create_msgs__rosidl_typesupport_fastrtps_cppExport-noconfig.cmake
[4.853s] -- Up-to-date: /home/user/create_ws/install/create_msgs/share/create_msgs/cmake/create_msgs__rosidl_typesupport_introspection_cppExport.cmake
[4.853s] -- Up-to-date: /home/user/create_ws/install/create_msgs/share/create_msgs/cmake/create_msgs__rosidl_typesupport_introspection_cppExport-noconfig.cmake
[4.854s] -- Up-to-date: /home/user/create_ws/install/create_msgs/share/create_msgs/cmake/create_msgs__rosidl_typesupport_cppExport.cmake
[4.854s] -- Up-to-date: /home/user/create_ws/install/create_msgs/share/create_msgs/cmake/create_msgs__rosidl_typesupport_cppExport-noconfig.cmake
[4.854s] -- Up-to-date: /home/user/create_ws/install/create_msgs/share/create_msgs/cmake/export_create_msgs__rosidl_generator_pyExport.cmake
[4.854s] -- Up-to-date: /home/user/create_ws/install/create_msgs/share/create_msgs/cmake/export_create_msgs__rosidl_generator_pyExport-noconfig.cmake
[4.854s] -- Up-to-date: /home/user/create_ws/install/create_msgs/share/create_msgs/cmake/rosidl_cmake-extras.cmake
[4.855s] -- Up-to-date: /home/user/create_ws/install/create_msgs/share/create_msgs/cmake/ament_cmake_export_dependencies-extras.cmake
[4.855s] -- Up-to-date: /home/user/create_ws/install/create_msgs/share/create_msgs/cmake/ament_cmake_export_include_directories-extras.cmake
[4.855s] -- Up-to-date: /home/user/create_ws/install/create_msgs/share/create_msgs/cmake/ament_cmake_export_libraries-extras.cmake
[4.855s] -- Up-to-date: /home/user/create_ws/install/create_msgs/share/create_msgs/cmake/ament_cmake_export_targets-extras.cmake
[4.855s] -- Up-to-date: /home/user/create_ws/install/create_msgs/share/create_msgs/cmake/rosidl_cmake_export_typesupport_targets-extras.cmake
[4.855s] -- Up-to-date: /home/user/create_ws/install/create_msgs/share/create_msgs/cmake/rosidl_cmake_export_typesupport_libraries-extras.cmake
[4.856s] -- Up-to-date: /home/user/create_ws/install/create_msgs/share/create_msgs/cmake/create_msgsConfig.cmake
[4.856s] -- Up-to-date: /home/user/create_ws/install/create_msgs/share/create_msgs/cmake/create_msgsConfig-version.cmake
[4.856s] -- Up-to-date: /home/user/create_ws/install/create_msgs/share/create_msgs/package.xml
[4.859s] Invoked command in '/home/user/create_ws/build/create_msgs' returned '0': CMAKE_PREFIX_PATH=${CMAKE_PREFIX_PATH}:/home/user/launch_ws/install/py_launch_example:/home/user/create3_examples_ws/install/create3_teleop:/home/user/create3_examples_ws/install/create3_examples_py:/home/user/sweepbot_ws/install/sweepbot:/home/user/sweepbot_ws/install/custom_explorer:/opt/ros/humble /usr/bin/cmake --install /home/user/create_ws/build/create_msgs
