[0.027s] Invoking command in '/home/user/create_ws/build/create_msgs': CMAKE_PREFIX_PATH=${CMAKE_PREFIX_PATH}:/home/user/launch_ws/install/py_launch_example:/home/user/create3_examples_ws/install/create3_teleop:/home/user/create3_examples_ws/install/create3_examples_py:/home/user/sweepbot_ws/install/sweepbot:/home/user/sweepbot_ws/install/my_teleop_config:/opt/ros/humble /usr/bin/cmake --build /home/user/create_ws/build/create_msgs -- -j8 -l8
[0.073s] -- Found ament_cmake: 1.3.12 (/opt/ros/humble/share/ament_cmake/cmake)
[0.285s] -- Found rosidl_default_generators: 1.2.0 (/opt/ros/humble/share/rosidl_default_generators/cmake)
[0.297s] -- Using all available rosidl_typesupport_c: rosidl_typesupport_fastrtps_c;rosidl_typesupport_introspection_c
[0.306s] -- Found rosidl_adapter: 3.1.7 (/opt/ros/humble/share/rosidl_adapter/cmake)
[0.388s] -- Using all available rosidl_typesupport_cpp: rosidl_typesupport_fastrtps_cpp;rosidl_typesupport_introspection_cpp
[0.459s] -- Found std_msgs: 4.9.0 (/opt/ros/humble/share/std_msgs/cmake)
[0.990s] -- Found ament_cmake_ros: 0.10.0 (/opt/ros/humble/share/ament_cmake_ros/cmake)
[1.311s] -- Using all available rosidl_typesupport_c: rosidl_typesupport_fastrtps_c;rosidl_typesupport_introspection_c
[1.650s] -- Using all available rosidl_typesupport_cpp: rosidl_typesupport_fastrtps_cpp;rosidl_typesupport_introspection_cpp
[1.678s] -- Found python_cmake_module: 0.10.0 (/opt/ros/humble/share/python_cmake_module/cmake)
[1.707s] -- Using PYTHON_EXECUTABLE: /usr/bin/python3
[1.708s] -- Using PYTHON_INCLUDE_DIRS: /usr/include/python3.10
[1.708s] -- Using PYTHON_LIBRARIES: /usr/lib/x86_64-linux-gnu/libpython3.10.so
[1.754s] -- Configuring done
[1.826s] -- Generating done
[1.841s] -- Build files have been written to: /home/user/create_ws/build/create_msgs
[1.873s] [  1%] [34m[1mGenerating C code for ROS interfaces[0m
[1.895s] [  2%] [34m[1mGenerating C++ code for ROS interfaces[0m
[1.922s] [  2%] Built target ament_cmake_python_copy_create_msgs
[2.476s] running egg_info
[2.477s] writing create_msgs.egg-info/PKG-INFO
[2.478s] writing dependency_links to create_msgs.egg-info/dependency_links.txt
[2.478s] writing top-level names to create_msgs.egg-info/top_level.txt
[2.483s] reading manifest file 'create_msgs.egg-info/SOURCES.txt'
[2.484s] writing manifest file 'create_msgs.egg-info/SOURCES.txt'
[2.531s] [  2%] Built target ament_cmake_python_build_create_msgs_egg
[2.851s] [35m[1mConsolidate compiler generated dependencies of target create_msgs__rosidl_generator_c[0m
[2.875s] [  3%] [32mBuilding C object CMakeFiles/create_msgs__rosidl_generator_c.dir/rosidl_generator_c/create_msgs/msg/detail/charging_state__functions.c.o[0m
[2.876s] [  5%] [32mBuilding C object CMakeFiles/create_msgs__rosidl_generator_c.dir/rosidl_generator_c/create_msgs/msg/detail/bumper__functions.c.o[0m
[2.876s] [  6%] [32mBuilding C object CMakeFiles/create_msgs__rosidl_generator_c.dir/rosidl_generator_c/create_msgs/msg/detail/mode__functions.c.o[0m
[2.879s] [  7%] [32mBuilding C object CMakeFiles/create_msgs__rosidl_generator_c.dir/rosidl_generator_c/create_msgs/msg/detail/define_song__functions.c.o[0m
[2.885s] [  8%] [32mBuilding C object CMakeFiles/create_msgs__rosidl_generator_c.dir/rosidl_generator_c/create_msgs/msg/detail/play_song__functions.c.o[0m
[2.890s] [ 10%] [32mBuilding C object CMakeFiles/create_msgs__rosidl_generator_c.dir/rosidl_generator_c/create_msgs/msg/detail/motor_setpoint__functions.c.o[0m
[2.894s] [ 11%] [32mBuilding C object CMakeFiles/create_msgs__rosidl_generator_c.dir/rosidl_generator_c/create_msgs/msg/detail/cliff__functions.c.o[0m
[3.016s] [ 12%] [32m[1mLinking C shared library libcreate_msgs__rosidl_generator_c.so[0m
[3.074s] [ 12%] Built target create_msgs__rosidl_generator_c
[3.087s] [ 13%] [34m[1mGenerating C type support for eProsima Fast-RTPS[0m
[3.091s] [ 15%] [34m[1mGenerating C introspection for ROS interfaces[0m
[3.091s] [ 16%] [34m[1mGenerating C type support dispatch for ROS interfaces[0m
[3.452s] [ 16%] Built target create_msgs__cpp
[3.479s] [ 17%] [34m[1mGenerating C++ type support for eProsima Fast-RTPS[0m
[3.483s] [ 18%] [34m[1mGenerating C++ type support dispatch for ROS interfaces[0m
[3.487s] [ 20%] [34m[1mGenerating C++ introspection for ROS interfaces[0m
[4.249s] [35m[1mConsolidate compiler generated dependencies of target create_msgs__rosidl_typesupport_c[0m
[4.269s] [ 21%] [32mBuilding CXX object CMakeFiles/create_msgs__rosidl_typesupport_c.dir/rosidl_typesupport_c/create_msgs/msg/bumper__type_support.cpp.o[0m
[4.287s] [ 22%] [32mBuilding CXX object CMakeFiles/create_msgs__rosidl_typesupport_c.dir/rosidl_typesupport_c/create_msgs/msg/charging_state__type_support.cpp.o[0m
[4.296s] [ 24%] [32mBuilding CXX object CMakeFiles/create_msgs__rosidl_typesupport_c.dir/rosidl_typesupport_c/create_msgs/msg/define_song__type_support.cpp.o[0m
[4.324s] [ 25%] [32mBuilding CXX object CMakeFiles/create_msgs__rosidl_typesupport_c.dir/rosidl_typesupport_c/create_msgs/msg/mode__type_support.cpp.o[0m
[4.363s] [ 26%] [32mBuilding CXX object CMakeFiles/create_msgs__rosidl_typesupport_c.dir/rosidl_typesupport_c/create_msgs/msg/play_song__type_support.cpp.o[0m
[4.386s] [35m[1mConsolidate compiler generated dependencies of target create_msgs__rosidl_typesupport_introspection_c[0m
[4.386s] [ 27%] [32mBuilding CXX object CMakeFiles/create_msgs__rosidl_typesupport_c.dir/rosidl_typesupport_c/create_msgs/msg/motor_setpoint__type_support.cpp.o[0m
[4.396s] [ 29%] [32mBuilding CXX object CMakeFiles/create_msgs__rosidl_typesupport_c.dir/rosidl_typesupport_c/create_msgs/msg/cliff__type_support.cpp.o[0m
[4.409s] [ 30%] [32mBuilding C object CMakeFiles/create_msgs__rosidl_typesupport_introspection_c.dir/rosidl_typesupport_introspection_c/create_msgs/msg/detail/bumper__type_support.c.o[0m
[4.421s] [ 31%] [32mBuilding C object CMakeFiles/create_msgs__rosidl_typesupport_introspection_c.dir/rosidl_typesupport_introspection_c/create_msgs/msg/detail/charging_state__type_support.c.o[0m
[4.450s] [ 32%] [32mBuilding C object CMakeFiles/create_msgs__rosidl_typesupport_introspection_c.dir/rosidl_typesupport_introspection_c/create_msgs/msg/detail/define_song__type_support.c.o[0m
[4.455s] [ 34%] [32m[1mLinking CXX shared library libcreate_msgs__rosidl_typesupport_c.so[0m
[4.494s] [ 35%] [32mBuilding C object CMakeFiles/create_msgs__rosidl_typesupport_introspection_c.dir/rosidl_typesupport_introspection_c/create_msgs/msg/detail/mode__type_support.c.o[0m
[4.502s] [ 36%] [32mBuilding C object CMakeFiles/create_msgs__rosidl_typesupport_introspection_c.dir/rosidl_typesupport_introspection_c/create_msgs/msg/detail/play_song__type_support.c.o[0m
[4.512s] [ 37%] [32mBuilding C object CMakeFiles/create_msgs__rosidl_typesupport_introspection_c.dir/rosidl_typesupport_introspection_c/create_msgs/msg/detail/motor_setpoint__type_support.c.o[0m
[4.551s] [ 37%] Built target create_msgs__rosidl_typesupport_c
[4.557s] [35m[1mConsolidate compiler generated dependencies of target create_msgs__rosidl_typesupport_fastrtps_c[0m
[4.577s] [ 39%] [32mBuilding C object CMakeFiles/create_msgs__rosidl_typesupport_introspection_c.dir/rosidl_typesupport_introspection_c/create_msgs/msg/detail/cliff__type_support.c.o[0m
[4.593s] [ 40%] [32mBuilding CXX object CMakeFiles/create_msgs__rosidl_typesupport_fastrtps_c.dir/rosidl_typesupport_fastrtps_c/create_msgs/msg/detail/define_song__type_support_c.cpp.o[0m
[4.593s] [ 41%] [32mBuilding CXX object CMakeFiles/create_msgs__rosidl_typesupport_fastrtps_c.dir/rosidl_typesupport_fastrtps_c/create_msgs/msg/detail/bumper__type_support_c.cpp.o[0m
[4.597s] [ 43%] [32mBuilding CXX object CMakeFiles/create_msgs__rosidl_typesupport_fastrtps_c.dir/rosidl_typesupport_fastrtps_c/create_msgs/msg/detail/mode__type_support_c.cpp.o[0m
[4.599s] [ 44%] [32mBuilding CXX object CMakeFiles/create_msgs__rosidl_typesupport_fastrtps_c.dir/rosidl_typesupport_fastrtps_c/create_msgs/msg/detail/charging_state__type_support_c.cpp.o[0m
[4.642s] [35m[1mConsolidate compiler generated dependencies of target create_msgs__rosidl_typesupport_cpp[0m
[4.691s] [ 45%] [32mBuilding CXX object CMakeFiles/create_msgs__rosidl_typesupport_cpp.dir/rosidl_typesupport_cpp/create_msgs/msg/bumper__type_support.cpp.o[0m
[4.704s] [ 46%] [32m[1mLinking C shared library libcreate_msgs__rosidl_typesupport_introspection_c.so[0m
[4.809s] [ 46%] Built target create_msgs__rosidl_typesupport_introspection_c
[4.859s] [ 48%] [32mBuilding CXX object CMakeFiles/create_msgs__rosidl_typesupport_fastrtps_c.dir/rosidl_typesupport_fastrtps_c/create_msgs/msg/detail/play_song__type_support_c.cpp.o[0m
[5.123s] [35m[1mConsolidate compiler generated dependencies of target create_msgs__rosidl_typesupport_fastrtps_cpp[0m
[5.184s] [ 49%] [32mBuilding CXX object CMakeFiles/create_msgs__rosidl_typesupport_fastrtps_cpp.dir/rosidl_typesupport_fastrtps_cpp/create_msgs/msg/detail/dds_fastrtps/bumper__type_support.cpp.o[0m
[5.185s] [35m[1mConsolidate compiler generated dependencies of target create_msgs__rosidl_typesupport_introspection_cpp[0m
[5.268s] [ 50%] [32mBuilding CXX object CMakeFiles/create_msgs__rosidl_typesupport_introspection_cpp.dir/rosidl_typesupport_introspection_cpp/create_msgs/msg/detail/bumper__type_support.cpp.o[0m
[5.402s] [ 51%] [32mBuilding CXX object CMakeFiles/create_msgs__rosidl_typesupport_cpp.dir/rosidl_typesupport_cpp/create_msgs/msg/charging_state__type_support.cpp.o[0m
[5.670s] [ 53%] [32mBuilding CXX object CMakeFiles/create_msgs__rosidl_typesupport_fastrtps_c.dir/rosidl_typesupport_fastrtps_c/create_msgs/msg/detail/motor_setpoint__type_support_c.cpp.o[0m
[5.928s] [ 54%] [32mBuilding CXX object CMakeFiles/create_msgs__rosidl_typesupport_fastrtps_c.dir/rosidl_typesupport_fastrtps_c/create_msgs/msg/detail/cliff__type_support_c.cpp.o[0m
[5.942s] [ 55%] [32mBuilding CXX object CMakeFiles/create_msgs__rosidl_typesupport_fastrtps_cpp.dir/rosidl_typesupport_fastrtps_cpp/create_msgs/msg/detail/dds_fastrtps/charging_state__type_support.cpp.o[0m
[5.967s] [ 56%] [32mBuilding CXX object CMakeFiles/create_msgs__rosidl_typesupport_introspection_cpp.dir/rosidl_typesupport_introspection_cpp/create_msgs/msg/detail/charging_state__type_support.cpp.o[0m
[5.994s] [ 58%] [32mBuilding CXX object CMakeFiles/create_msgs__rosidl_typesupport_cpp.dir/rosidl_typesupport_cpp/create_msgs/msg/define_song__type_support.cpp.o[0m
[6.216s] [ 59%] [32mBuilding CXX object CMakeFiles/create_msgs__rosidl_typesupport_cpp.dir/rosidl_typesupport_cpp/create_msgs/msg/mode__type_support.cpp.o[0m
[6.296s] [ 60%] [32mBuilding CXX object CMakeFiles/create_msgs__rosidl_typesupport_fastrtps_cpp.dir/rosidl_typesupport_fastrtps_cpp/create_msgs/msg/detail/dds_fastrtps/define_song__type_support.cpp.o[0m
[6.684s] [ 62%] [32mBuilding CXX object CMakeFiles/create_msgs__rosidl_typesupport_fastrtps_cpp.dir/rosidl_typesupport_fastrtps_cpp/create_msgs/msg/detail/dds_fastrtps/mode__type_support.cpp.o[0m
[6.817s] [ 63%] [32mBuilding CXX object CMakeFiles/create_msgs__rosidl_typesupport_cpp.dir/rosidl_typesupport_cpp/create_msgs/msg/play_song__type_support.cpp.o[0m
[6.965s] [ 64%] [32mBuilding CXX object CMakeFiles/create_msgs__rosidl_typesupport_introspection_cpp.dir/rosidl_typesupport_introspection_cpp/create_msgs/msg/detail/define_song__type_support.cpp.o[0m
[7.156s] [ 65%] [32m[1mLinking CXX shared library libcreate_msgs__rosidl_typesupport_fastrtps_c.so[0m
[7.214s] [ 67%] [32mBuilding CXX object CMakeFiles/create_msgs__rosidl_typesupport_cpp.dir/rosidl_typesupport_cpp/create_msgs/msg/motor_setpoint__type_support.cpp.o[0m
[7.353s] [ 68%] [32mBuilding CXX object CMakeFiles/create_msgs__rosidl_typesupport_fastrtps_cpp.dir/rosidl_typesupport_fastrtps_cpp/create_msgs/msg/detail/dds_fastrtps/play_song__type_support.cpp.o[0m
[7.382s] [ 69%] [32mBuilding CXX object CMakeFiles/create_msgs__rosidl_typesupport_fastrtps_cpp.dir/rosidl_typesupport_fastrtps_cpp/create_msgs/msg/detail/dds_fastrtps/motor_setpoint__type_support.cpp.o[0m
[7.506s] [ 69%] Built target create_msgs__rosidl_typesupport_fastrtps_c
[7.558s] [ 70%] [32mBuilding CXX object CMakeFiles/create_msgs__rosidl_typesupport_fastrtps_cpp.dir/rosidl_typesupport_fastrtps_cpp/create_msgs/msg/detail/dds_fastrtps/cliff__type_support.cpp.o[0m
[7.674s] [ 72%] [32mBuilding CXX object CMakeFiles/create_msgs__rosidl_typesupport_introspection_cpp.dir/rosidl_typesupport_introspection_cpp/create_msgs/msg/detail/mode__type_support.cpp.o[0m
[7.809s] [ 73%] [32mBuilding CXX object CMakeFiles/create_msgs__rosidl_typesupport_introspection_cpp.dir/rosidl_typesupport_introspection_cpp/create_msgs/msg/detail/play_song__type_support.cpp.o[0m
[7.888s] [ 74%] [32mBuilding CXX object CMakeFiles/create_msgs__rosidl_typesupport_cpp.dir/rosidl_typesupport_cpp/create_msgs/msg/cliff__type_support.cpp.o[0m
[8.143s] [ 75%] [32mBuilding CXX object CMakeFiles/create_msgs__rosidl_typesupport_introspection_cpp.dir/rosidl_typesupport_introspection_cpp/create_msgs/msg/detail/motor_setpoint__type_support.cpp.o[0m
[8.239s] [ 77%] [32mBuilding CXX object CMakeFiles/create_msgs__rosidl_typesupport_introspection_cpp.dir/rosidl_typesupport_introspection_cpp/create_msgs/msg/detail/cliff__type_support.cpp.o[0m
[8.974s] [ 78%] [32m[1mLinking CXX shared library libcreate_msgs__rosidl_typesupport_cpp.so[0m
[9.077s] [ 79%] [32m[1mLinking CXX shared library libcreate_msgs__rosidl_typesupport_fastrtps_cpp.so[0m
[9.123s] [ 79%] Built target create_msgs__rosidl_typesupport_cpp
[9.210s] [ 81%] [32m[1mLinking CXX shared library libcreate_msgs__rosidl_typesupport_introspection_cpp.so[0m
[9.321s] [ 81%] Built target create_msgs__rosidl_typesupport_fastrtps_cpp
[9.390s] [ 81%] Built target create_msgs__rosidl_typesupport_introspection_cpp
[9.423s] [ 81%] Built target create_msgs
[9.494s] [ 82%] [34m[1mGenerating Python code for ROS interfaces[0m
[12.256s] [ 82%] Built target create_msgs__py
[12.278s] [35m[1mConsolidate compiler generated dependencies of target create_msgs__rosidl_generator_py[0m
[12.311s] [ 83%] [32mBuilding C object CMakeFiles/create_msgs__rosidl_generator_py.dir/rosidl_generator_py/create_msgs/msg/_bumper_s.c.o[0m
[12.324s] [ 84%] [32mBuilding C object CMakeFiles/create_msgs__rosidl_generator_py.dir/rosidl_generator_py/create_msgs/msg/_charging_state_s.c.o[0m
[12.327s] [ 86%] [32mBuilding C object CMakeFiles/create_msgs__rosidl_generator_py.dir/rosidl_generator_py/create_msgs/msg/_define_song_s.c.o[0m
[12.335s] [ 87%] [32mBuilding C object CMakeFiles/create_msgs__rosidl_generator_py.dir/rosidl_generator_py/create_msgs/msg/_mode_s.c.o[0m
[12.338s] [ 88%] [32mBuilding C object CMakeFiles/create_msgs__rosidl_generator_py.dir/rosidl_generator_py/create_msgs/msg/_motor_setpoint_s.c.o[0m
[12.338s] [ 89%] [32mBuilding C object CMakeFiles/create_msgs__rosidl_generator_py.dir/rosidl_generator_py/create_msgs/msg/_play_song_s.c.o[0m
[12.346s] [ 91%] [32mBuilding C object CMakeFiles/create_msgs__rosidl_generator_py.dir/rosidl_generator_py/create_msgs/msg/_cliff_s.c.o[0m
[12.660s] [ 92%] [32m[1mLinking C shared library rosidl_generator_py/create_msgs/libcreate_msgs__rosidl_generator_py.so[0m
[12.714s] [ 92%] Built target create_msgs__rosidl_generator_py
[12.727s] [35m[1mConsolidate compiler generated dependencies of target create_msgs__rosidl_typesupport_fastrtps_c__pyext[0m
[12.731s] [35m[1mConsolidate compiler generated dependencies of target create_msgs__rosidl_typesupport_introspection_c__pyext[0m
[12.732s] [35m[1mConsolidate compiler generated dependencies of target create_msgs__rosidl_typesupport_c__pyext[0m
[12.746s] [ 93%] [32mBuilding C object CMakeFiles/create_msgs__rosidl_typesupport_fastrtps_c__pyext.dir/rosidl_generator_py/create_msgs/_create_msgs_s.ep.rosidl_typesupport_fastrtps_c.c.o[0m
[12.749s] [ 94%] [32mBuilding C object CMakeFiles/create_msgs__rosidl_typesupport_c__pyext.dir/rosidl_generator_py/create_msgs/_create_msgs_s.ep.rosidl_typesupport_c.c.o[0m
[12.753s] [ 96%] [32mBuilding C object CMakeFiles/create_msgs__rosidl_typesupport_introspection_c__pyext.dir/rosidl_generator_py/create_msgs/_create_msgs_s.ep.rosidl_typesupport_introspection_c.c.o[0m
[12.963s] [ 97%] [32m[1mLinking C shared library rosidl_generator_py/create_msgs/create_msgs_s__rosidl_typesupport_introspection_c.cpython-310-x86_64-linux-gnu.so[0m
[12.966s] [100%] [32m[1mLinking C shared library rosidl_generator_py/create_msgs/create_msgs_s__rosidl_typesupport_fastrtps_c.cpython-310-x86_64-linux-gnu.so[0m
[12.967s] [100%] [32m[1mLinking C shared library rosidl_generator_py/create_msgs/create_msgs_s__rosidl_typesupport_c.cpython-310-x86_64-linux-gnu.so[0m
[13.020s] [100%] Built target create_msgs__rosidl_typesupport_fastrtps_c__pyext
[13.027s] [100%] Built target create_msgs__rosidl_typesupport_introspection_c__pyext
[13.033s] [100%] Built target create_msgs__rosidl_typesupport_c__pyext
[13.049s] Invoked command in '/home/user/create_ws/build/create_msgs' returned '0': CMAKE_PREFIX_PATH=${CMAKE_PREFIX_PATH}:/home/user/launch_ws/install/py_launch_example:/home/user/create3_examples_ws/install/create3_teleop:/home/user/create3_examples_ws/install/create3_examples_py:/home/user/sweepbot_ws/install/sweepbot:/home/user/sweepbot_ws/install/my_teleop_config:/opt/ros/humble /usr/bin/cmake --build /home/user/create_ws/build/create_msgs -- -j8 -l8
[13.052s] Invoking command in '/home/user/create_ws/build/create_msgs': CMAKE_PREFIX_PATH=${CMAKE_PREFIX_PATH}:/home/user/launch_ws/install/py_launch_example:/home/user/create3_examples_ws/install/create3_teleop:/home/user/create3_examples_ws/install/create3_examples_py:/home/user/sweepbot_ws/install/sweepbot:/home/user/sweepbot_ws/install/my_teleop_config:/opt/ros/humble /usr/bin/cmake --install /home/user/create_ws/build/create_msgs
[13.061s] -- Install configuration: ""
[13.061s] -- Up-to-date: /home/user/create_ws/install/create_msgs/share/ament_index/resource_index/rosidl_interfaces/create_msgs
[13.061s] -- Up-to-date: /home/user/create_ws/install/create_msgs/include/create_msgs/create_msgs
[13.062s] -- Up-to-date: /home/user/create_ws/install/create_msgs/include/create_msgs/create_msgs/msg
[13.062s] -- Installing: /home/user/create_ws/install/create_msgs/include/create_msgs/create_msgs/msg/define_song.h
[13.062s] -- Installing: /home/user/create_ws/install/create_msgs/include/create_msgs/create_msgs/msg/charging_state.h
[13.062s] -- Installing: /home/user/create_ws/install/create_msgs/include/create_msgs/create_msgs/msg/cliff.h
[13.062s] -- Installing: /home/user/create_ws/install/create_msgs/include/create_msgs/create_msgs/msg/motor_setpoint.h
[13.062s] -- Up-to-date: /home/user/create_ws/install/create_msgs/include/create_msgs/create_msgs/msg/rosidl_generator_c__visibility_control.h
[13.063s] -- Up-to-date: /home/user/create_ws/install/create_msgs/include/create_msgs/create_msgs/msg/detail
[13.063s] -- Installing: /home/user/create_ws/install/create_msgs/include/create_msgs/create_msgs/msg/detail/mode__type_support.h
[13.063s] -- Installing: /home/user/create_ws/install/create_msgs/include/create_msgs/create_msgs/msg/detail/bumper__struct.h
[13.063s] -- Installing: /home/user/create_ws/install/create_msgs/include/create_msgs/create_msgs/msg/detail/mode__functions.h
[13.063s] -- Installing: /home/user/create_ws/install/create_msgs/include/create_msgs/create_msgs/msg/detail/charging_state__functions.c
[13.063s] -- Installing: /home/user/create_ws/install/create_msgs/include/create_msgs/create_msgs/msg/detail/cliff__type_support.h
[13.063s] -- Installing: /home/user/create_ws/install/create_msgs/include/create_msgs/create_msgs/msg/detail/charging_state__type_support.h
[13.064s] -- Installing: /home/user/create_ws/install/create_msgs/include/create_msgs/create_msgs/msg/detail/mode__struct.h
[13.064s] -- Installing: /home/user/create_ws/install/create_msgs/include/create_msgs/create_msgs/msg/detail/play_song__type_support.h
[13.064s] -- Installing: /home/user/create_ws/install/create_msgs/include/create_msgs/create_msgs/msg/detail/play_song__functions.c
[13.064s] -- Installing: /home/user/create_ws/install/create_msgs/include/create_msgs/create_msgs/msg/detail/play_song__functions.h
[13.064s] -- Installing: /home/user/create_ws/install/create_msgs/include/create_msgs/create_msgs/msg/detail/motor_setpoint__functions.c
[13.064s] -- Installing: /home/user/create_ws/install/create_msgs/include/create_msgs/create_msgs/msg/detail/define_song__functions.c
[13.064s] -- Installing: /home/user/create_ws/install/create_msgs/include/create_msgs/create_msgs/msg/detail/motor_setpoint__struct.h
[13.065s] -- Installing: /home/user/create_ws/install/create_msgs/include/create_msgs/create_msgs/msg/detail/define_song__type_support.h
[13.065s] -- Installing: /home/user/create_ws/install/create_msgs/include/create_msgs/create_msgs/msg/detail/cliff__functions.h
[13.065s] -- Installing: /home/user/create_ws/install/create_msgs/include/create_msgs/create_msgs/msg/detail/motor_setpoint__type_support.h
[13.065s] -- Installing: /home/user/create_ws/install/create_msgs/include/create_msgs/create_msgs/msg/detail/play_song__struct.h
[13.065s] -- Installing: /home/user/create_ws/install/create_msgs/include/create_msgs/create_msgs/msg/detail/cliff__struct.h
[13.065s] -- Installing: /home/user/create_ws/install/create_msgs/include/create_msgs/create_msgs/msg/detail/charging_state__struct.h
[13.066s] -- Installing: /home/user/create_ws/install/create_msgs/include/create_msgs/create_msgs/msg/detail/motor_setpoint__functions.h
[13.066s] -- Installing: /home/user/create_ws/install/create_msgs/include/create_msgs/create_msgs/msg/detail/bumper__functions.h
[13.066s] -- Installing: /home/user/create_ws/install/create_msgs/include/create_msgs/create_msgs/msg/detail/cliff__functions.c
[13.066s] -- Installing: /home/user/create_ws/install/create_msgs/include/create_msgs/create_msgs/msg/detail/mode__functions.c
[13.066s] -- Installing: /home/user/create_ws/install/create_msgs/include/create_msgs/create_msgs/msg/detail/bumper__type_support.h
[13.066s] -- Installing: /home/user/create_ws/install/create_msgs/include/create_msgs/create_msgs/msg/detail/define_song__functions.h
[13.066s] -- Installing: /home/user/create_ws/install/create_msgs/include/create_msgs/create_msgs/msg/detail/charging_state__functions.h
[13.067s] -- Installing: /home/user/create_ws/install/create_msgs/include/create_msgs/create_msgs/msg/detail/bumper__functions.c
[13.067s] -- Installing: /home/user/create_ws/install/create_msgs/include/create_msgs/create_msgs/msg/detail/define_song__struct.h
[13.067s] -- Installing: /home/user/create_ws/install/create_msgs/include/create_msgs/create_msgs/msg/mode.h
[13.067s] -- Installing: /home/user/create_ws/install/create_msgs/include/create_msgs/create_msgs/msg/bumper.h
[13.067s] -- Installing: /home/user/create_ws/install/create_msgs/include/create_msgs/create_msgs/msg/play_song.h
[13.067s] -- Installing: /home/user/create_ws/install/create_msgs/share/create_msgs/environment/library_path.sh
[13.068s] -- Installing: /home/user/create_ws/install/create_msgs/share/create_msgs/environment/library_path.dsv
[13.068s] -- Installing: /home/user/create_ws/install/create_msgs/lib/libcreate_msgs__rosidl_generator_c.so
[13.069s] -- Set runtime path of "/home/user/create_ws/install/create_msgs/lib/libcreate_msgs__rosidl_generator_c.so" to ""
[13.069s] -- Up-to-date: /home/user/create_ws/install/create_msgs/include/create_msgs/create_msgs
[13.069s] -- Up-to-date: /home/user/create_ws/install/create_msgs/include/create_msgs/create_msgs/msg
[13.069s] -- Up-to-date: /home/user/create_ws/install/create_msgs/include/create_msgs/create_msgs/msg/rosidl_typesupport_fastrtps_c__visibility_control.h
[13.069s] -- Up-to-date: /home/user/create_ws/install/create_msgs/include/create_msgs/create_msgs/msg/detail
[13.069s] -- Installing: /home/user/create_ws/install/create_msgs/include/create_msgs/create_msgs/msg/detail/mode__rosidl_typesupport_fastrtps_c.h
[13.070s] -- Installing: /home/user/create_ws/install/create_msgs/include/create_msgs/create_msgs/msg/detail/play_song__rosidl_typesupport_fastrtps_c.h
[13.070s] -- Installing: /home/user/create_ws/install/create_msgs/include/create_msgs/create_msgs/msg/detail/cliff__rosidl_typesupport_fastrtps_c.h
[13.070s] -- Installing: /home/user/create_ws/install/create_msgs/include/create_msgs/create_msgs/msg/detail/bumper__rosidl_typesupport_fastrtps_c.h
[13.070s] -- Installing: /home/user/create_ws/install/create_msgs/include/create_msgs/create_msgs/msg/detail/charging_state__rosidl_typesupport_fastrtps_c.h
[13.070s] -- Installing: /home/user/create_ws/install/create_msgs/include/create_msgs/create_msgs/msg/detail/define_song__rosidl_typesupport_fastrtps_c.h
[13.070s] -- Installing: /home/user/create_ws/install/create_msgs/include/create_msgs/create_msgs/msg/detail/motor_setpoint__rosidl_typesupport_fastrtps_c.h
[13.071s] -- Installing: /home/user/create_ws/install/create_msgs/lib/libcreate_msgs__rosidl_typesupport_fastrtps_c.so
[13.071s] -- Set runtime path of "/home/user/create_ws/install/create_msgs/lib/libcreate_msgs__rosidl_typesupport_fastrtps_c.so" to ""
[13.072s] -- Up-to-date: /home/user/create_ws/install/create_msgs/include/create_msgs/create_msgs
[13.072s] -- Up-to-date: /home/user/create_ws/install/create_msgs/include/create_msgs/create_msgs/msg
[13.072s] -- Up-to-date: /home/user/create_ws/install/create_msgs/include/create_msgs/create_msgs/msg/detail
[13.072s] -- Installing: /home/user/create_ws/install/create_msgs/include/create_msgs/create_msgs/msg/detail/mode__type_support.c
[13.072s] -- Installing: /home/user/create_ws/install/create_msgs/include/create_msgs/create_msgs/msg/detail/bumper__rosidl_typesupport_introspection_c.h
[13.072s] -- Installing: /home/user/create_ws/install/create_msgs/include/create_msgs/create_msgs/msg/detail/bumper__type_support.c
[13.073s] -- Installing: /home/user/create_ws/install/create_msgs/include/create_msgs/create_msgs/msg/detail/play_song__rosidl_typesupport_introspection_c.h
[13.073s] -- Installing: /home/user/create_ws/install/create_msgs/include/create_msgs/create_msgs/msg/detail/cliff__type_support.c
[13.073s] -- Installing: /home/user/create_ws/install/create_msgs/include/create_msgs/create_msgs/msg/detail/define_song__rosidl_typesupport_introspection_c.h
[13.073s] -- Installing: /home/user/create_ws/install/create_msgs/include/create_msgs/create_msgs/msg/detail/charging_state__type_support.c
[13.073s] -- Installing: /home/user/create_ws/install/create_msgs/include/create_msgs/create_msgs/msg/detail/charging_state__rosidl_typesupport_introspection_c.h
[13.073s] -- Installing: /home/user/create_ws/install/create_msgs/include/create_msgs/create_msgs/msg/detail/motor_setpoint__rosidl_typesupport_introspection_c.h
[13.073s] -- Installing: /home/user/create_ws/install/create_msgs/include/create_msgs/create_msgs/msg/detail/motor_setpoint__type_support.c
[13.074s] -- Installing: /home/user/create_ws/install/create_msgs/include/create_msgs/create_msgs/msg/detail/play_song__type_support.c
[13.074s] -- Installing: /home/user/create_ws/install/create_msgs/include/create_msgs/create_msgs/msg/detail/cliff__rosidl_typesupport_introspection_c.h
[13.074s] -- Installing: /home/user/create_ws/install/create_msgs/include/create_msgs/create_msgs/msg/detail/mode__rosidl_typesupport_introspection_c.h
[13.074s] -- Installing: /home/user/create_ws/install/create_msgs/include/create_msgs/create_msgs/msg/detail/define_song__type_support.c
[13.074s] -- Up-to-date: /home/user/create_ws/install/create_msgs/include/create_msgs/create_msgs/msg/rosidl_typesupport_introspection_c__visibility_control.h
[13.075s] -- Installing: /home/user/create_ws/install/create_msgs/lib/libcreate_msgs__rosidl_typesupport_introspection_c.so
[13.075s] -- Set runtime path of "/home/user/create_ws/install/create_msgs/lib/libcreate_msgs__rosidl_typesupport_introspection_c.so" to ""
[13.076s] -- Installing: /home/user/create_ws/install/create_msgs/lib/libcreate_msgs__rosidl_typesupport_c.so
[13.076s] -- Set runtime path of "/home/user/create_ws/install/create_msgs/lib/libcreate_msgs__rosidl_typesupport_c.so" to ""
[13.077s] -- Up-to-date: /home/user/create_ws/install/create_msgs/include/create_msgs/create_msgs
[13.077s] -- Up-to-date: /home/user/create_ws/install/create_msgs/include/create_msgs/create_msgs/msg
[13.077s] -- Installing: /home/user/create_ws/install/create_msgs/include/create_msgs/create_msgs/msg/define_song.hpp
[13.077s] -- Installing: /home/user/create_ws/install/create_msgs/include/create_msgs/create_msgs/msg/charging_state.hpp
[13.077s] -- Installing: /home/user/create_ws/install/create_msgs/include/create_msgs/create_msgs/msg/cliff.hpp
[13.078s] -- Installing: /home/user/create_ws/install/create_msgs/include/create_msgs/create_msgs/msg/mode.hpp
[13.078s] -- Installing: /home/user/create_ws/install/create_msgs/include/create_msgs/create_msgs/msg/play_song.hpp
[13.078s] -- Up-to-date: /home/user/create_ws/install/create_msgs/include/create_msgs/create_msgs/msg/detail
[13.078s] -- Installing: /home/user/create_ws/install/create_msgs/include/create_msgs/create_msgs/msg/detail/play_song__builder.hpp
[13.078s] -- Installing: /home/user/create_ws/install/create_msgs/include/create_msgs/create_msgs/msg/detail/bumper__traits.hpp
[13.078s] -- Installing: /home/user/create_ws/install/create_msgs/include/create_msgs/create_msgs/msg/detail/cliff__builder.hpp
[13.078s] -- Installing: /home/user/create_ws/install/create_msgs/include/create_msgs/create_msgs/msg/detail/play_song__traits.hpp
[13.079s] -- Installing: /home/user/create_ws/install/create_msgs/include/create_msgs/create_msgs/msg/detail/cliff__type_support.hpp
[13.079s] -- Installing: /home/user/create_ws/install/create_msgs/include/create_msgs/create_msgs/msg/detail/charging_state__type_support.hpp
[13.079s] -- Installing: /home/user/create_ws/install/create_msgs/include/create_msgs/create_msgs/msg/detail/play_song__struct.hpp
[13.079s] -- Installing: /home/user/create_ws/install/create_msgs/include/create_msgs/create_msgs/msg/detail/define_song__builder.hpp
[13.079s] -- Installing: /home/user/create_ws/install/create_msgs/include/create_msgs/create_msgs/msg/detail/define_song__type_support.hpp
[13.079s] -- Installing: /home/user/create_ws/install/create_msgs/include/create_msgs/create_msgs/msg/detail/cliff__traits.hpp
[13.080s] -- Installing: /home/user/create_ws/install/create_msgs/include/create_msgs/create_msgs/msg/detail/mode__builder.hpp
[13.080s] -- Installing: /home/user/create_ws/install/create_msgs/include/create_msgs/create_msgs/msg/detail/charging_state__struct.hpp
[13.080s] -- Installing: /home/user/create_ws/install/create_msgs/include/create_msgs/create_msgs/msg/detail/play_song__type_support.hpp
[13.080s] -- Installing: /home/user/create_ws/install/create_msgs/include/create_msgs/create_msgs/msg/detail/charging_state__builder.hpp
[13.080s] -- Installing: /home/user/create_ws/install/create_msgs/include/create_msgs/create_msgs/msg/detail/charging_state__traits.hpp
[13.080s] -- Installing: /home/user/create_ws/install/create_msgs/include/create_msgs/create_msgs/msg/detail/motor_setpoint__struct.hpp
[13.080s] -- Installing: /home/user/create_ws/install/create_msgs/include/create_msgs/create_msgs/msg/detail/bumper__type_support.hpp
[13.081s] -- Installing: /home/user/create_ws/install/create_msgs/include/create_msgs/create_msgs/msg/detail/define_song__traits.hpp
[13.081s] -- Installing: /home/user/create_ws/install/create_msgs/include/create_msgs/create_msgs/msg/detail/bumper__struct.hpp
[13.081s] -- Installing: /home/user/create_ws/install/create_msgs/include/create_msgs/create_msgs/msg/detail/mode__struct.hpp
[13.081s] -- Installing: /home/user/create_ws/install/create_msgs/include/create_msgs/create_msgs/msg/detail/motor_setpoint__builder.hpp
[13.081s] -- Installing: /home/user/create_ws/install/create_msgs/include/create_msgs/create_msgs/msg/detail/motor_setpoint__traits.hpp
[13.081s] -- Installing: /home/user/create_ws/install/create_msgs/include/create_msgs/create_msgs/msg/detail/mode__type_support.hpp
[13.082s] -- Installing: /home/user/create_ws/install/create_msgs/include/create_msgs/create_msgs/msg/detail/bumper__builder.hpp
[13.082s] -- Installing: /home/user/create_ws/install/create_msgs/include/create_msgs/create_msgs/msg/detail/mode__traits.hpp
[13.082s] -- Installing: /home/user/create_ws/install/create_msgs/include/create_msgs/create_msgs/msg/detail/define_song__struct.hpp
[13.082s] -- Installing: /home/user/create_ws/install/create_msgs/include/create_msgs/create_msgs/msg/detail/motor_setpoint__type_support.hpp
[13.082s] -- Installing: /home/user/create_ws/install/create_msgs/include/create_msgs/create_msgs/msg/detail/cliff__struct.hpp
[13.082s] -- Installing: /home/user/create_ws/install/create_msgs/include/create_msgs/create_msgs/msg/bumper.hpp
[13.082s] -- Installing: /home/user/create_ws/install/create_msgs/include/create_msgs/create_msgs/msg/motor_setpoint.hpp
[13.083s] -- Up-to-date: /home/user/create_ws/install/create_msgs/include/create_msgs/create_msgs/msg/rosidl_generator_cpp__visibility_control.hpp
[13.083s] -- Up-to-date: /home/user/create_ws/install/create_msgs/include/create_msgs/create_msgs
[13.083s] -- Up-to-date: /home/user/create_ws/install/create_msgs/include/create_msgs/create_msgs/msg
[13.083s] -- Up-to-date: /home/user/create_ws/install/create_msgs/include/create_msgs/create_msgs/msg/rosidl_typesupport_fastrtps_cpp__visibility_control.h
[13.083s] -- Up-to-date: /home/user/create_ws/install/create_msgs/include/create_msgs/create_msgs/msg/detail
[13.083s] -- Installing: /home/user/create_ws/install/create_msgs/include/create_msgs/create_msgs/msg/detail/motor_setpoint__rosidl_typesupport_fastrtps_cpp.hpp
[13.084s] -- Installing: /home/user/create_ws/install/create_msgs/include/create_msgs/create_msgs/msg/detail/cliff__rosidl_typesupport_fastrtps_cpp.hpp
[13.084s] -- Installing: /home/user/create_ws/install/create_msgs/include/create_msgs/create_msgs/msg/detail/mode__rosidl_typesupport_fastrtps_cpp.hpp
[13.084s] -- Installing: /home/user/create_ws/install/create_msgs/include/create_msgs/create_msgs/msg/detail/play_song__rosidl_typesupport_fastrtps_cpp.hpp
[13.084s] -- Installing: /home/user/create_ws/install/create_msgs/include/create_msgs/create_msgs/msg/detail/charging_state__rosidl_typesupport_fastrtps_cpp.hpp
[13.084s] -- Installing: /home/user/create_ws/install/create_msgs/include/create_msgs/create_msgs/msg/detail/define_song__rosidl_typesupport_fastrtps_cpp.hpp
[13.084s] -- Installing: /home/user/create_ws/install/create_msgs/include/create_msgs/create_msgs/msg/detail/bumper__rosidl_typesupport_fastrtps_cpp.hpp
[13.084s] -- Up-to-date: /home/user/create_ws/install/create_msgs/include/create_msgs/create_msgs/msg/detail/dds_fastrtps
[13.085s] -- Installing: /home/user/create_ws/install/create_msgs/lib/libcreate_msgs__rosidl_typesupport_fastrtps_cpp.so
[13.086s] -- Set runtime path of "/home/user/create_ws/install/create_msgs/lib/libcreate_msgs__rosidl_typesupport_fastrtps_cpp.so" to ""
[13.086s] -- Up-to-date: /home/user/create_ws/install/create_msgs/include/create_msgs/create_msgs
[13.086s] -- Up-to-date: /home/user/create_ws/install/create_msgs/include/create_msgs/create_msgs/msg
[13.086s] -- Up-to-date: /home/user/create_ws/install/create_msgs/include/create_msgs/create_msgs/msg/detail
[13.086s] -- Installing: /home/user/create_ws/install/create_msgs/include/create_msgs/create_msgs/msg/detail/motor_setpoint__type_support.cpp
[13.086s] -- Installing: /home/user/create_ws/install/create_msgs/include/create_msgs/create_msgs/msg/detail/cliff__rosidl_typesupport_introspection_cpp.hpp
[13.087s] -- Installing: /home/user/create_ws/install/create_msgs/include/create_msgs/create_msgs/msg/detail/bumper__type_support.cpp
[13.087s] -- Installing: /home/user/create_ws/install/create_msgs/include/create_msgs/create_msgs/msg/detail/mode__type_support.cpp
[13.087s] -- Installing: /home/user/create_ws/install/create_msgs/include/create_msgs/create_msgs/msg/detail/cliff__type_support.cpp
[13.087s] -- Installing: /home/user/create_ws/install/create_msgs/include/create_msgs/create_msgs/msg/detail/charging_state__type_support.cpp
[13.087s] -- Installing: /home/user/create_ws/install/create_msgs/include/create_msgs/create_msgs/msg/detail/charging_state__rosidl_typesupport_introspection_cpp.hpp
[13.087s] -- Installing: /home/user/create_ws/install/create_msgs/include/create_msgs/create_msgs/msg/detail/define_song__type_support.cpp
[13.088s] -- Installing: /home/user/create_ws/install/create_msgs/include/create_msgs/create_msgs/msg/detail/bumper__rosidl_typesupport_introspection_cpp.hpp
[13.088s] -- Installing: /home/user/create_ws/install/create_msgs/include/create_msgs/create_msgs/msg/detail/play_song__type_support.cpp
[13.088s] -- Installing: /home/user/create_ws/install/create_msgs/include/create_msgs/create_msgs/msg/detail/play_song__rosidl_typesupport_introspection_cpp.hpp
[13.088s] -- Installing: /home/user/create_ws/install/create_msgs/include/create_msgs/create_msgs/msg/detail/define_song__rosidl_typesupport_introspection_cpp.hpp
[13.088s] -- Installing: /home/user/create_ws/install/create_msgs/include/create_msgs/create_msgs/msg/detail/motor_setpoint__rosidl_typesupport_introspection_cpp.hpp
[13.088s] -- Installing: /home/user/create_ws/install/create_msgs/include/create_msgs/create_msgs/msg/detail/mode__rosidl_typesupport_introspection_cpp.hpp
[13.089s] -- Installing: /home/user/create_ws/install/create_msgs/lib/libcreate_msgs__rosidl_typesupport_introspection_cpp.so
[13.090s] -- Set runtime path of "/home/user/create_ws/install/create_msgs/lib/libcreate_msgs__rosidl_typesupport_introspection_cpp.so" to ""
[13.090s] -- Installing: /home/user/create_ws/install/create_msgs/lib/libcreate_msgs__rosidl_typesupport_cpp.so
[13.091s] -- Set runtime path of "/home/user/create_ws/install/create_msgs/lib/libcreate_msgs__rosidl_typesupport_cpp.so" to ""
[13.091s] -- Up-to-date: /home/user/create_ws/install/create_msgs/share/create_msgs/environment/pythonpath.sh
[13.091s] -- Installing: /home/user/create_ws/install/create_msgs/share/create_msgs/environment/pythonpath.dsv
[13.091s] -- Up-to-date: /home/user/create_ws/install/create_msgs/local/lib/python3.10/dist-packages/create_msgs-3.1.0-py3.10.egg-info
[13.092s] -- Installing: /home/user/create_ws/install/create_msgs/local/lib/python3.10/dist-packages/create_msgs-3.1.0-py3.10.egg-info/top_level.txt
[13.092s] -- Installing: /home/user/create_ws/install/create_msgs/local/lib/python3.10/dist-packages/create_msgs-3.1.0-py3.10.egg-info/SOURCES.txt
[13.092s] -- Installing: /home/user/create_ws/install/create_msgs/local/lib/python3.10/dist-packages/create_msgs-3.1.0-py3.10.egg-info/dependency_links.txt
[13.092s] -- Installing: /home/user/create_ws/install/create_msgs/local/lib/python3.10/dist-packages/create_msgs-3.1.0-py3.10.egg-info/PKG-INFO
[13.092s] -- Up-to-date: /home/user/create_ws/install/create_msgs/local/lib/python3.10/dist-packages/create_msgs
[13.092s] -- Up-to-date: /home/user/create_ws/install/create_msgs/local/lib/python3.10/dist-packages/create_msgs/msg
[13.093s] -- Installing: /home/user/create_ws/install/create_msgs/local/lib/python3.10/dist-packages/create_msgs/msg/_cliff.py
[13.093s] -- Installing: /home/user/create_ws/install/create_msgs/local/lib/python3.10/dist-packages/create_msgs/msg/_bumper_s.c
[13.093s] -- Installing: /home/user/create_ws/install/create_msgs/local/lib/python3.10/dist-packages/create_msgs/msg/_charging_state.py
[13.093s] -- Installing: /home/user/create_ws/install/create_msgs/local/lib/python3.10/dist-packages/create_msgs/msg/_play_song.py
[13.093s] -- Installing: /home/user/create_ws/install/create_msgs/local/lib/python3.10/dist-packages/create_msgs/msg/_define_song_s.c
[13.093s] -- Installing: /home/user/create_ws/install/create_msgs/local/lib/python3.10/dist-packages/create_msgs/msg/_bumper.py
[13.093s] -- Installing: /home/user/create_ws/install/create_msgs/local/lib/python3.10/dist-packages/create_msgs/msg/_play_song_s.c
[13.094s] -- Installing: /home/user/create_ws/install/create_msgs/local/lib/python3.10/dist-packages/create_msgs/msg/_mode_s.c
[13.094s] -- Installing: /home/user/create_ws/install/create_msgs/local/lib/python3.10/dist-packages/create_msgs/msg/_cliff_s.c
[13.094s] -- Installing: /home/user/create_ws/install/create_msgs/local/lib/python3.10/dist-packages/create_msgs/msg/_motor_setpoint.py
[13.094s] -- Installing: /home/user/create_ws/install/create_msgs/local/lib/python3.10/dist-packages/create_msgs/msg/__init__.py
[13.094s] -- Installing: /home/user/create_ws/install/create_msgs/local/lib/python3.10/dist-packages/create_msgs/msg/_define_song.py
[13.095s] -- Installing: /home/user/create_ws/install/create_msgs/local/lib/python3.10/dist-packages/create_msgs/msg/_charging_state_s.c
[13.095s] -- Installing: /home/user/create_ws/install/create_msgs/local/lib/python3.10/dist-packages/create_msgs/msg/_mode.py
[13.095s] -- Installing: /home/user/create_ws/install/create_msgs/local/lib/python3.10/dist-packages/create_msgs/msg/_motor_setpoint_s.c
[13.095s] -- Installing: /home/user/create_ws/install/create_msgs/local/lib/python3.10/dist-packages/create_msgs/_create_msgs_s.ep.rosidl_typesupport_c.c
[13.095s] -- Installing: /home/user/create_ws/install/create_msgs/local/lib/python3.10/dist-packages/create_msgs/create_msgs_s__rosidl_typesupport_introspection_c.cpython-310-x86_64-linux-gnu.so
[13.096s] -- Installing: /home/user/create_ws/install/create_msgs/local/lib/python3.10/dist-packages/create_msgs/create_msgs_s__rosidl_typesupport_c.cpython-310-x86_64-linux-gnu.so
[13.096s] -- Installing: /home/user/create_ws/install/create_msgs/local/lib/python3.10/dist-packages/create_msgs/libcreate_msgs__rosidl_generator_py.so
[13.096s] -- Installing: /home/user/create_ws/install/create_msgs/local/lib/python3.10/dist-packages/create_msgs/_create_msgs_s.ep.rosidl_typesupport_fastrtps_c.c
[13.096s] -- Installing: /home/user/create_ws/install/create_msgs/local/lib/python3.10/dist-packages/create_msgs/create_msgs_s__rosidl_typesupport_fastrtps_c.cpython-310-x86_64-linux-gnu.so
[13.097s] -- Installing: /home/user/create_ws/install/create_msgs/local/lib/python3.10/dist-packages/create_msgs/__init__.py
[13.097s] -- Installing: /home/user/create_ws/install/create_msgs/local/lib/python3.10/dist-packages/create_msgs/_create_msgs_s.ep.rosidl_typesupport_introspection_c.c
[13.169s] Listing '/home/user/create_ws/install/create_msgs/local/lib/python3.10/dist-packages/create_msgs'...
[13.169s] Compiling '/home/user/create_ws/install/create_msgs/local/lib/python3.10/dist-packages/create_msgs/__init__.py'...
[13.169s] Listing '/home/user/create_ws/install/create_msgs/local/lib/python3.10/dist-packages/create_msgs/msg'...
[13.169s] Compiling '/home/user/create_ws/install/create_msgs/local/lib/python3.10/dist-packages/create_msgs/msg/__init__.py'...
[13.169s] Compiling '/home/user/create_ws/install/create_msgs/local/lib/python3.10/dist-packages/create_msgs/msg/_bumper.py'...
[13.169s] Compiling '/home/user/create_ws/install/create_msgs/local/lib/python3.10/dist-packages/create_msgs/msg/_charging_state.py'...
[13.169s] Compiling '/home/user/create_ws/install/create_msgs/local/lib/python3.10/dist-packages/create_msgs/msg/_cliff.py'...
[13.169s] Compiling '/home/user/create_ws/install/create_msgs/local/lib/python3.10/dist-packages/create_msgs/msg/_define_song.py'...
[13.169s] Compiling '/home/user/create_ws/install/create_msgs/local/lib/python3.10/dist-packages/create_msgs/msg/_mode.py'...
[13.170s] Compiling '/home/user/create_ws/install/create_msgs/local/lib/python3.10/dist-packages/create_msgs/msg/_motor_setpoint.py'...
[13.170s] Compiling '/home/user/create_ws/install/create_msgs/local/lib/python3.10/dist-packages/create_msgs/msg/_play_song.py'...
[13.175s] -- Installing: /home/user/create_ws/install/create_msgs/local/lib/python3.10/dist-packages/create_msgs/create_msgs_s__rosidl_typesupport_fastrtps_c.cpython-310-x86_64-linux-gnu.so
[13.176s] -- Set runtime path of "/home/user/create_ws/install/create_msgs/local/lib/python3.10/dist-packages/create_msgs/create_msgs_s__rosidl_typesupport_fastrtps_c.cpython-310-x86_64-linux-gnu.so" to ""
[13.176s] -- Installing: /home/user/create_ws/install/create_msgs/local/lib/python3.10/dist-packages/create_msgs/create_msgs_s__rosidl_typesupport_introspection_c.cpython-310-x86_64-linux-gnu.so
[13.177s] -- Set runtime path of "/home/user/create_ws/install/create_msgs/local/lib/python3.10/dist-packages/create_msgs/create_msgs_s__rosidl_typesupport_introspection_c.cpython-310-x86_64-linux-gnu.so" to ""
[13.177s] -- Installing: /home/user/create_ws/install/create_msgs/local/lib/python3.10/dist-packages/create_msgs/create_msgs_s__rosidl_typesupport_c.cpython-310-x86_64-linux-gnu.so
[13.178s] -- Set runtime path of "/home/user/create_ws/install/create_msgs/local/lib/python3.10/dist-packages/create_msgs/create_msgs_s__rosidl_typesupport_c.cpython-310-x86_64-linux-gnu.so" to ""
[13.179s] -- Installing: /home/user/create_ws/install/create_msgs/lib/libcreate_msgs__rosidl_generator_py.so
[13.179s] -- Set runtime path of "/home/user/create_ws/install/create_msgs/lib/libcreate_msgs__rosidl_generator_py.so" to ""
[13.180s] -- Up-to-date: /home/user/create_ws/install/create_msgs/share/create_msgs/msg/Bumper.idl
[13.180s] -- Up-to-date: /home/user/create_ws/install/create_msgs/share/create_msgs/msg/ChargingState.idl
[13.180s] -- Up-to-date: /home/user/create_ws/install/create_msgs/share/create_msgs/msg/DefineSong.idl
[13.180s] -- Up-to-date: /home/user/create_ws/install/create_msgs/share/create_msgs/msg/Mode.idl
[13.180s] -- Up-to-date: /home/user/create_ws/install/create_msgs/share/create_msgs/msg/PlaySong.idl
[13.180s] -- Up-to-date: /home/user/create_ws/install/create_msgs/share/create_msgs/msg/MotorSetpoint.idl
[13.180s] -- Up-to-date: /home/user/create_ws/install/create_msgs/share/create_msgs/msg/Cliff.idl
[13.180s] -- Up-to-date: /home/user/create_ws/install/create_msgs/share/create_msgs/msg/Bumper.msg
[13.180s] -- Up-to-date: /home/user/create_ws/install/create_msgs/share/create_msgs/msg/ChargingState.msg
[13.180s] -- Up-to-date: /home/user/create_ws/install/create_msgs/share/create_msgs/msg/DefineSong.msg
[13.181s] -- Up-to-date: /home/user/create_ws/install/create_msgs/share/create_msgs/msg/Mode.msg
[13.181s] -- Up-to-date: /home/user/create_ws/install/create_msgs/share/create_msgs/msg/PlaySong.msg
[13.181s] -- Up-to-date: /home/user/create_ws/install/create_msgs/share/create_msgs/msg/MotorSetpoint.msg
[13.181s] -- Up-to-date: /home/user/create_ws/install/create_msgs/share/create_msgs/msg/Cliff.msg
[13.181s] -- Up-to-date: /home/user/create_ws/install/create_msgs/share/ament_index/resource_index/package_run_dependencies/create_msgs
[13.181s] -- Installing: /home/user/create_ws/install/create_msgs/share/ament_index/resource_index/parent_prefix_path/create_msgs
[13.181s] -- Installing: /home/user/create_ws/install/create_msgs/share/create_msgs/environment/ament_prefix_path.sh
[13.181s] -- Installing: /home/user/create_ws/install/create_msgs/share/create_msgs/environment/ament_prefix_path.dsv
[13.182s] -- Installing: /home/user/create_ws/install/create_msgs/share/create_msgs/environment/path.sh
[13.182s] -- Installing: /home/user/create_ws/install/create_msgs/share/create_msgs/environment/path.dsv
[13.182s] -- Up-to-date: /home/user/create_ws/install/create_msgs/share/create_msgs/local_setup.bash
[13.182s] -- Up-to-date: /home/user/create_ws/install/create_msgs/share/create_msgs/local_setup.sh
[13.182s] -- Up-to-date: /home/user/create_ws/install/create_msgs/share/create_msgs/local_setup.zsh
[13.182s] -- Installing: /home/user/create_ws/install/create_msgs/share/create_msgs/local_setup.dsv
[13.183s] -- Installing: /home/user/create_ws/install/create_msgs/share/create_msgs/package.dsv
[13.183s] -- Up-to-date: /home/user/create_ws/install/create_msgs/share/ament_index/resource_index/packages/create_msgs
[13.184s] -- Up-to-date: /home/user/create_ws/install/create_msgs/share/create_msgs/cmake/export_create_msgs__rosidl_generator_cExport.cmake
[13.184s] -- Up-to-date: /home/user/create_ws/install/create_msgs/share/create_msgs/cmake/export_create_msgs__rosidl_generator_cExport-noconfig.cmake
[13.184s] -- Up-to-date: /home/user/create_ws/install/create_msgs/share/create_msgs/cmake/export_create_msgs__rosidl_typesupport_fastrtps_cExport.cmake
[13.184s] -- Up-to-date: /home/user/create_ws/install/create_msgs/share/create_msgs/cmake/export_create_msgs__rosidl_typesupport_fastrtps_cExport-noconfig.cmake
[13.184s] -- Up-to-date: /home/user/create_ws/install/create_msgs/share/create_msgs/cmake/create_msgs__rosidl_typesupport_introspection_cExport.cmake
[13.185s] -- Up-to-date: /home/user/create_ws/install/create_msgs/share/create_msgs/cmake/create_msgs__rosidl_typesupport_introspection_cExport-noconfig.cmake
[13.185s] -- Up-to-date: /home/user/create_ws/install/create_msgs/share/create_msgs/cmake/create_msgs__rosidl_typesupport_cExport.cmake
[13.185s] -- Up-to-date: /home/user/create_ws/install/create_msgs/share/create_msgs/cmake/create_msgs__rosidl_typesupport_cExport-noconfig.cmake
[13.186s] -- Up-to-date: /home/user/create_ws/install/create_msgs/share/create_msgs/cmake/export_create_msgs__rosidl_generator_cppExport.cmake
[13.186s] -- Up-to-date: /home/user/create_ws/install/create_msgs/share/create_msgs/cmake/export_create_msgs__rosidl_typesupport_fastrtps_cppExport.cmake
[13.186s] -- Up-to-date: /home/user/create_ws/install/create_msgs/share/create_msgs/cmake/export_create_msgs__rosidl_typesupport_fastrtps_cppExport-noconfig.cmake
[13.186s] -- Up-to-date: /home/user/create_ws/install/create_msgs/share/create_msgs/cmake/create_msgs__rosidl_typesupport_introspection_cppExport.cmake
[13.186s] -- Up-to-date: /home/user/create_ws/install/create_msgs/share/create_msgs/cmake/create_msgs__rosidl_typesupport_introspection_cppExport-noconfig.cmake
[13.187s] -- Up-to-date: /home/user/create_ws/install/create_msgs/share/create_msgs/cmake/create_msgs__rosidl_typesupport_cppExport.cmake
[13.187s] -- Up-to-date: /home/user/create_ws/install/create_msgs/share/create_msgs/cmake/create_msgs__rosidl_typesupport_cppExport-noconfig.cmake
[13.187s] -- Up-to-date: /home/user/create_ws/install/create_msgs/share/create_msgs/cmake/export_create_msgs__rosidl_generator_pyExport.cmake
[13.187s] -- Up-to-date: /home/user/create_ws/install/create_msgs/share/create_msgs/cmake/export_create_msgs__rosidl_generator_pyExport-noconfig.cmake
[13.187s] -- Up-to-date: /home/user/create_ws/install/create_msgs/share/create_msgs/cmake/rosidl_cmake-extras.cmake
[13.187s] -- Up-to-date: /home/user/create_ws/install/create_msgs/share/create_msgs/cmake/ament_cmake_export_dependencies-extras.cmake
[13.187s] -- Up-to-date: /home/user/create_ws/install/create_msgs/share/create_msgs/cmake/ament_cmake_export_include_directories-extras.cmake
[13.188s] -- Up-to-date: /home/user/create_ws/install/create_msgs/share/create_msgs/cmake/ament_cmake_export_libraries-extras.cmake
[13.188s] -- Up-to-date: /home/user/create_ws/install/create_msgs/share/create_msgs/cmake/ament_cmake_export_targets-extras.cmake
[13.188s] -- Up-to-date: /home/user/create_ws/install/create_msgs/share/create_msgs/cmake/rosidl_cmake_export_typesupport_targets-extras.cmake
[13.188s] -- Up-to-date: /home/user/create_ws/install/create_msgs/share/create_msgs/cmake/rosidl_cmake_export_typesupport_libraries-extras.cmake
[13.188s] -- Up-to-date: /home/user/create_ws/install/create_msgs/share/create_msgs/cmake/create_msgsConfig.cmake
[13.188s] -- Up-to-date: /home/user/create_ws/install/create_msgs/share/create_msgs/cmake/create_msgsConfig-version.cmake
[13.188s] -- Up-to-date: /home/user/create_ws/install/create_msgs/share/create_msgs/package.xml
[13.192s] Invoked command in '/home/user/create_ws/build/create_msgs' returned '0': CMAKE_PREFIX_PATH=${CMAKE_PREFIX_PATH}:/home/user/launch_ws/install/py_launch_example:/home/user/create3_examples_ws/install/create3_teleop:/home/user/create3_examples_ws/install/create3_examples_py:/home/user/sweepbot_ws/install/sweepbot:/home/user/sweepbot_ws/install/my_teleop_config:/opt/ros/humble /usr/bin/cmake --install /home/user/create_ws/build/create_msgs
