[0.012s] Invoking command in '/home/user/create_ws/build/create_bringup': AMENT_PREFIX_PATH=/home/user/create_ws/install/create_driver:/home/user/create_ws/install/create_msgs:/home/user/create_ws/install/create_description:${AMENT_PREFIX_PATH} CMAKE_PREFIX_PATH=/home/user/create_ws/install/create_driver:/home/user/create_ws/install/libcreate:/home/user/create_ws/install/create_msgs:/home/user/create_ws/install/create_description:/home/user/sweepbot_ws/install/sweepbot:/home/user/launch_ws/install/py_launch_example:/opt/ros/humble LD_LIBRARY_PATH=/home/user/create_ws/install/libcreate/lib:/home/user/create_ws/install/create_msgs/lib:/usr/lib/x86_64-linux-gnu/gazebo-11/plugins:/opt/ros/humble/opt/rviz_ogre_vendor/lib:/opt/ros/humble/lib/x86_64-linux-gnu:/opt/ros/humble/lib:/usr/lib/x86_64-linux-gnu/gazebo-11/plugins PKG_CONFIG_PATH=/home/user/create_ws/install/libcreate/lib/x86_64-linux-gnu/pkgconfig:/home/user/create_ws/install/libcreate/lib/pkgconfig PYTHONPATH=/home/user/create_ws/install/create_msgs/local/lib/python3.10/dist-packages:${PYTHONPATH} /usr/bin/cmake /home/user/create_ws/src/create_robot/create_bringup -DCMAKE_INSTALL_PREFIX=/home/user/create_ws/install/create_bringup
[0.066s] -- The C compiler identification is GNU 11.4.0
[0.123s] -- The CXX compiler identification is GNU 11.4.0
[0.130s] -- Detecting C compiler ABI info
[0.198s] -- Detecting C compiler ABI info - done
[0.206s] -- Check for working C compiler: /usr/bin/cc - skipped
[0.206s] -- Detecting C compile features
[0.207s] -- Detecting C compile features - done
[0.210s] -- Detecting CXX compiler ABI info
[0.290s] -- Detecting CXX compiler ABI info - done
[0.298s] -- Check for working CXX compiler: /usr/bin/c++ - skipped
[0.298s] -- Detecting CXX compile features
[0.299s] -- Detecting CXX compile features - done
[0.302s] -- Found ament_cmake: 1.3.11 (/opt/ros/humble/share/ament_cmake/cmake)
[0.436s] -- Found Python3: /usr/bin/python3 (found version "3.10.12") found components: Interpreter 
[0.594s] -- Configuring done
[0.597s] -- Generating done
[0.599s] -- Build files have been written to: /home/user/create_ws/build/create_bringup
[0.603s] Invoked command in '/home/user/create_ws/build/create_bringup' returned '0': AMENT_PREFIX_PATH=/home/user/create_ws/install/create_driver:/home/user/create_ws/install/create_msgs:/home/user/create_ws/install/create_description:${AMENT_PREFIX_PATH} CMAKE_PREFIX_PATH=/home/user/create_ws/install/create_driver:/home/user/create_ws/install/libcreate:/home/user/create_ws/install/create_msgs:/home/user/create_ws/install/create_description:/home/user/sweepbot_ws/install/sweepbot:/home/user/launch_ws/install/py_launch_example:/opt/ros/humble LD_LIBRARY_PATH=/home/user/create_ws/install/libcreate/lib:/home/user/create_ws/install/create_msgs/lib:/usr/lib/x86_64-linux-gnu/gazebo-11/plugins:/opt/ros/humble/opt/rviz_ogre_vendor/lib:/opt/ros/humble/lib/x86_64-linux-gnu:/opt/ros/humble/lib:/usr/lib/x86_64-linux-gnu/gazebo-11/plugins PKG_CONFIG_PATH=/home/user/create_ws/install/libcreate/lib/x86_64-linux-gnu/pkgconfig:/home/user/create_ws/install/libcreate/lib/pkgconfig PYTHONPATH=/home/user/create_ws/install/create_msgs/local/lib/python3.10/dist-packages:${PYTHONPATH} /usr/bin/cmake /home/user/create_ws/src/create_robot/create_bringup -DCMAKE_INSTALL_PREFIX=/home/user/create_ws/install/create_bringup
[0.604s] Invoking command in '/home/user/create_ws/build/create_bringup': AMENT_PREFIX_PATH=/home/user/create_ws/install/create_driver:/home/user/create_ws/install/create_msgs:/home/user/create_ws/install/create_description:${AMENT_PREFIX_PATH} CMAKE_PREFIX_PATH=/home/user/create_ws/install/create_driver:/home/user/create_ws/install/libcreate:/home/user/create_ws/install/create_msgs:/home/user/create_ws/install/create_description:/home/user/sweepbot_ws/install/sweepbot:/home/user/launch_ws/install/py_launch_example:/opt/ros/humble LD_LIBRARY_PATH=/home/user/create_ws/install/libcreate/lib:/home/user/create_ws/install/create_msgs/lib:/usr/lib/x86_64-linux-gnu/gazebo-11/plugins:/opt/ros/humble/opt/rviz_ogre_vendor/lib:/opt/ros/humble/lib/x86_64-linux-gnu:/opt/ros/humble/lib:/usr/lib/x86_64-linux-gnu/gazebo-11/plugins PKG_CONFIG_PATH=/home/user/create_ws/install/libcreate/lib/x86_64-linux-gnu/pkgconfig:/home/user/create_ws/install/libcreate/lib/pkgconfig PYTHONPATH=/home/user/create_ws/install/create_msgs/local/lib/python3.10/dist-packages:${PYTHONPATH} /usr/bin/cmake --build /home/user/create_ws/build/create_bringup -- -j8 -l8
[0.643s] Invoked command in '/home/user/create_ws/build/create_bringup' returned '0': AMENT_PREFIX_PATH=/home/user/create_ws/install/create_driver:/home/user/create_ws/install/create_msgs:/home/user/create_ws/install/create_description:${AMENT_PREFIX_PATH} CMAKE_PREFIX_PATH=/home/user/create_ws/install/create_driver:/home/user/create_ws/install/libcreate:/home/user/create_ws/install/create_msgs:/home/user/create_ws/install/create_description:/home/user/sweepbot_ws/install/sweepbot:/home/user/launch_ws/install/py_launch_example:/opt/ros/humble LD_LIBRARY_PATH=/home/user/create_ws/install/libcreate/lib:/home/user/create_ws/install/create_msgs/lib:/usr/lib/x86_64-linux-gnu/gazebo-11/plugins:/opt/ros/humble/opt/rviz_ogre_vendor/lib:/opt/ros/humble/lib/x86_64-linux-gnu:/opt/ros/humble/lib:/usr/lib/x86_64-linux-gnu/gazebo-11/plugins PKG_CONFIG_PATH=/home/user/create_ws/install/libcreate/lib/x86_64-linux-gnu/pkgconfig:/home/user/create_ws/install/libcreate/lib/pkgconfig PYTHONPATH=/home/user/create_ws/install/create_msgs/local/lib/python3.10/dist-packages:${PYTHONPATH} /usr/bin/cmake --build /home/user/create_ws/build/create_bringup -- -j8 -l8
[0.644s] Invoking command in '/home/user/create_ws/build/create_bringup': AMENT_PREFIX_PATH=/home/user/create_ws/install/create_driver:/home/user/create_ws/install/create_msgs:/home/user/create_ws/install/create_description:${AMENT_PREFIX_PATH} CMAKE_PREFIX_PATH=/home/user/create_ws/install/create_driver:/home/user/create_ws/install/libcreate:/home/user/create_ws/install/create_msgs:/home/user/create_ws/install/create_description:/home/user/sweepbot_ws/install/sweepbot:/home/user/launch_ws/install/py_launch_example:/opt/ros/humble LD_LIBRARY_PATH=/home/user/create_ws/install/libcreate/lib:/home/user/create_ws/install/create_msgs/lib:/usr/lib/x86_64-linux-gnu/gazebo-11/plugins:/opt/ros/humble/opt/rviz_ogre_vendor/lib:/opt/ros/humble/lib/x86_64-linux-gnu:/opt/ros/humble/lib:/usr/lib/x86_64-linux-gnu/gazebo-11/plugins PKG_CONFIG_PATH=/home/user/create_ws/install/libcreate/lib/x86_64-linux-gnu/pkgconfig:/home/user/create_ws/install/libcreate/lib/pkgconfig PYTHONPATH=/home/user/create_ws/install/create_msgs/local/lib/python3.10/dist-packages:${PYTHONPATH} /usr/bin/cmake --install /home/user/create_ws/build/create_bringup
[0.653s] -- Install configuration: ""
[0.653s] -- Installing: /home/user/create_ws/install/create_bringup/share/create_bringup/config
[0.654s] -- Installing: /home/user/create_ws/install/create_bringup/share/create_bringup/config/dualshock4.yaml
[0.654s] -- Installing: /home/user/create_ws/install/create_bringup/share/create_bringup/config/log710.yaml
[0.654s] -- Installing: /home/user/create_ws/install/create_bringup/share/create_bringup/config/default.yaml
[0.654s] -- Installing: /home/user/create_ws/install/create_bringup/share/create_bringup/config/xbox360.yaml
[0.655s] -- Installing: /home/user/create_ws/install/create_bringup/share/create_bringup/launch
[0.655s] -- Installing: /home/user/create_ws/install/create_bringup/share/create_bringup/launch/create_1.launch
[0.655s] -- Installing: /home/user/create_ws/install/create_bringup/share/create_bringup/launch/roomba_400.launch
[0.655s] -- Installing: /home/user/create_ws/install/create_bringup/share/create_bringup/launch/create_2.launch
[0.655s] -- Installing: /home/user/create_ws/install/create_bringup/share/create_bringup/launch/joy_teleop.launch
[0.656s] -- Installing: /home/user/create_ws/install/create_bringup/share/ament_index/resource_index/package_run_dependencies/create_bringup
[0.656s] -- Installing: /home/user/create_ws/install/create_bringup/share/ament_index/resource_index/parent_prefix_path/create_bringup
[0.656s] -- Installing: /home/user/create_ws/install/create_bringup/share/create_bringup/environment/ament_prefix_path.sh
[0.657s] -- Installing: /home/user/create_ws/install/create_bringup/share/create_bringup/environment/ament_prefix_path.dsv
[0.657s] -- Installing: /home/user/create_ws/install/create_bringup/share/create_bringup/environment/path.sh
[0.657s] -- Installing: /home/user/create_ws/install/create_bringup/share/create_bringup/environment/path.dsv
[0.657s] -- Installing: /home/user/create_ws/install/create_bringup/share/create_bringup/local_setup.bash
[0.657s] -- Installing: /home/user/create_ws/install/create_bringup/share/create_bringup/local_setup.sh
[0.657s] -- Installing: /home/user/create_ws/install/create_bringup/share/create_bringup/local_setup.zsh
[0.658s] -- Installing: /home/user/create_ws/install/create_bringup/share/create_bringup/local_setup.dsv
[0.658s] -- Installing: /home/user/create_ws/install/create_bringup/share/create_bringup/package.dsv
[0.658s] -- Installing: /home/user/create_ws/install/create_bringup/share/ament_index/resource_index/packages/create_bringup
[0.658s] -- Installing: /home/user/create_ws/install/create_bringup/share/create_bringup/cmake/create_bringupConfig.cmake
[0.658s] -- Installing: /home/user/create_ws/install/create_bringup/share/create_bringup/cmake/create_bringupConfig-version.cmake
[0.658s] -- Installing: /home/user/create_ws/install/create_bringup/share/create_bringup/package.xml
[0.661s] Invoked command in '/home/user/create_ws/build/create_bringup' returned '0': AMENT_PREFIX_PATH=/home/user/create_ws/install/create_driver:/home/user/create_ws/install/create_msgs:/home/user/create_ws/install/create_description:${AMENT_PREFIX_PATH} CMAKE_PREFIX_PATH=/home/user/create_ws/install/create_driver:/home/user/create_ws/install/libcreate:/home/user/create_ws/install/create_msgs:/home/user/create_ws/install/create_description:/home/user/sweepbot_ws/install/sweepbot:/home/user/launch_ws/install/py_launch_example:/opt/ros/humble LD_LIBRARY_PATH=/home/user/create_ws/install/libcreate/lib:/home/user/create_ws/install/create_msgs/lib:/usr/lib/x86_64-linux-gnu/gazebo-11/plugins:/opt/ros/humble/opt/rviz_ogre_vendor/lib:/opt/ros/humble/lib/x86_64-linux-gnu:/opt/ros/humble/lib:/usr/lib/x86_64-linux-gnu/gazebo-11/plugins PKG_CONFIG_PATH=/home/user/create_ws/install/libcreate/lib/x86_64-linux-gnu/pkgconfig:/home/user/create_ws/install/libcreate/lib/pkgconfig PYTHONPATH=/home/user/create_ws/install/create_msgs/local/lib/python3.10/dist-packages:${PYTHONPATH} /usr/bin/cmake --install /home/user/create_ws/build/create_bringup
